BEGIN NFA TO REGEX TRACE
Step 0
(2, 1): ∅
(3, 2): ∅
(2, 2): ε
(3, 3): ε
(1, 1): ε
(2, 3): a|b
(1, 2): a
(1, 3): b
(3, 1): ∅

Step 1
Processing state 1
(2, 1): ∅
(3, 2): ∅
(2, 2): ε
(3, 3): ε
(1, 1): ε
(2, 3): a|b
(1, 2): a
(1, 3): b
(3, 1): ∅

Step 2
Processing state 2
(2, 1): ∅
(3, 2): ∅
(2, 2): ε
(3, 3): ε
(1, 1): ε
(2, 3): a|b
(1, 2): a
(1, 3): b|a(a|b)
(3, 1): ∅

Step 3
Processing state 3
(2, 1): ∅
(3, 2): ∅
(2, 2): ε
(3, 3): ε
(1, 1): ε
(2, 3): a|b
(1, 2): a
(1, 3): b|a(a|b)
(3, 1): ∅

Final result: b|a(a|b)|ε
END NFA TO REGEX TRACE
