""
"S"
"T"
"aBC"
"abC"
"abc"
"aTBC"
"aaBBCC"
"aaBCBC"
"aaBCZC"
"aaBWCC"
"aaBWZC"
"aabBCC"
"aabCBC"
"aabCZC"
"aabWCC"
"aabWZC"
"aabbCC"
"aabbcC"
"aabbcc"
"aabcBC"
"aabcZC"
"aaTBBCC"
"aaTBCBC"
"aaTBCZC"
"aaTBWCC"
"aaTBWZC"
"aaaBBBCCC"
"aaaBBCBCC"
"aaaBBCCBC"
"aaaBBCCZC"
"aaaBBCWCC"
"aaaBBCWZC"
"aaaBBCZCC"
"aaaBBWCCC"
"aaaBBWZCC"
"aaaBCBBCC"
"aaaBCBCBC"
"aaaBCBCZC"
"aaaBCBWCC"
"aaaBCBWZC"
"aaaBCZBCC"
"aaaBCZCBC"
"aaaBCZCZC"
"aaaBCZWCC"
"aaaBCZWZC"
"aaaBWBCCC"
"aaaBWCBCC"
"aaaBWCCBC"
"aaaBWCCZC"
"aaaBWCWCC"
"aaaBWCWZC"
"aaaBWCZCC"
"aaaBWWCCC"
"aaaBWWZCC"
"aaaBWZBCC"
"aaaBWZCBC"
"aaaBWZCZC"
"aaaBWZWCC"
"aaaBWZWZC"
"aaabBBCCC"
"aaabBCBCC"
"aaabBCCBC"
"aaabBCCZC"
"aaabBCWCC"
"aaabBCWZC"
"aaabBCZCC"
"aaabBWCCC"
"aaabBWZCC"
"aaabCBBCC"
"aaabCBCBC"
"aaabCBCZC"
"aaabCBWCC"
"aaabCBWZC"
"aaabCZBCC"
"aaabCZCBC"
"aaabCZCZC"
"aaabCZWCC"
"aaabCZWZC"
"aaabWBCCC"
"aaabWCBCC"
"aaabWCCBC"
"aaabWCCZC"
"aaabWCWCC"
"aaabWCWZC"
"aaabWCZCC"
"aaabWWCCC"
"aaabWWZCC"
"aaabWZBCC"
"aaabWZCBC"
"aaabWZCZC"
"aaabWZWCC"
"aaabWZWZC"
"aaabbBCCC"
"aaabbCBCC"
"aaabbCCBC"
"aaabbCCZC"
"aaabbCWCC"
"aaabbCWZC"
"aaabbCZCC"
"aaabbWCCC"
"aaabbWZCC"
"aaabbbCCC"
"aaabbbcCC"
"aaabbbccC"
"aaabbbccc"
"aaabbcBCC"
"aaabbcCBC"
"aaabbcCZC"
"aaabbcWCC"
"aaabbcWZC"
"aaabbcZCC"
"aaabbccBC"
"aaabbccZC"
"aaabcBBCC"
"aaabcBCBC"
"aaabcBCZC"
"aaabcBWCC"
"aaabcBWZC"
"aaabcZBCC"
"aaabcZCBC"
"aaabcZCZC"
"aaabcZWCC"
"aaabcZWZC"
END
