""
"A"
"X"
"Ya"
"aY"
"XaY"
"YYa"
"YaX"
"aYY"
"aab"
"aba"
"baa"
"XaYY"
"Xaab"
"Xaba"
"YYYa"
"YYaX"
"YaYa"
"YaaY"
"Yaba"
"Ybaa"
"aXba"
"aYYY"
"aYaY"
"aYab"
"aYba"
"aaXb"
"aabX"
"aabY"
"abXa"
"abYa"
"abaX"
"abaY"
"bXaa"
"baXa"
"baYa"
"baaX"
"XaXba"
"XaYYY"
"XaYaY"
"XaYab"
"XaYba"
"XaaXb"
"XaabX"
"XaabY"
"XabXa"
"XabaX"
"XabaY"
"XbXaa"
"XbaXa"
"YYYYa"
"YYYaX"
"YYaYa"
"YYaaY"
"YYaba"
"YYbaa"
"YaXaY"
"YaXba"
"YaYYa"
"YaYaX"
"YaaYY"
"Yaaab"
"Yaaba"
"YabXa"
"YabYa"
"YabaX"
"Yabaa"
"YbXaa"
"YbaXa"
"YbaYa"
"YbaaX"
"aXaXb"
"aXabX"
"aXbXa"
"aXbYa"
"aXbaX"
"aYYYY"
"aYYaY"
"aYYab"
"aYYba"
"aYaXb"
"aYaYY"
"aYaab"
"aYabX"
"aYabY"
"aYaba"
"aYbXa"
"aYbaX"
"aYbaY"
"aaXbX"
"aaXbY"
"aaYab"
"aaYba"
"aaaYb"
"aabXY"
"aabYY"
"aabYa"
"aabaY"
"aabab"
"aabba"
"abXYa"
"abXaX"
"abXaY"
"abYYa"
"abYaX"
"abYaa"
"abaXY"
"abaYY"
"abaYa"
"abaaY"
"abaab"
"ababa"
"abbaa"
"bXaXa"
"bXaYa"
"bXaaX"
"bYaaa"
"baXYa"
"baXaX"
"baYYa"
"baYaX"
"baYaa"
"baaYa"
"baaaY"
"baaba"
"babaa"
"XaXaXb"
"XaXabX"
"XaXbXa"
"XaXbYa"
"XaXbaX"
"XaYYYY"
"XaYYaY"
"XaYYab"
"XaYYba"
"XaYaXb"
"XaYaYY"
"XaYaab"
"XaYabX"
"XaYabY"
"XaYaba"
"XaYbXa"
"XaYbaX"
"XaYbaY"
"XaaXbX"
"XaaXbY"
"XaaYab"
"XaaYba"
"XaaaYb"
"XaabXY"
"XaabYY"
"XaabYa"
"XaabaY"
"Xaabab"
"Xaabba"
"XabXYa"
"XabXaX"
"XabXaY"
"XabYaa"
"XabaXY"
"XabaYY"
"XabaYa"
"XabaaY"
"Xabaab"
"Xababa"
"XbXaXa"
"XbXaYa"
"XbXaaX"
"XbYaaa"
"XbaXYa"
"XbaXaX"
"XbaYaa"
"XbaaYa"
"YXaXba"
"YXabXa"
"YXbXaa"
"YXbaXa"
"YYYYYa"
"YYYYaX"
"YYYaYa"
"YYYaaY"
"YYYaba"
"YYYbaa"
"YYaXaY"
"YYaXba"
"YYaYYa"
"YYaYaX"
"YYaaYY"
"YYaaab"
"YYaaba"
"YYabXa"
"YYabYa"
"YYabaX"
"YYabaa"
"YYbXaa"
"YYbaXa"
"YYbaYa"
"YYbaaX"
"YaXaYY"
"YaXaab"
"YaXaba"
"YaXbXa"
"YaXbYa"
"YaXbaX"
"YaYYYa"
"YaYYaX"
"YaYaYa"
"YaYaaY"
"YaYaba"
"YaYbaa"
"YaaXba"
"YaaYYY"
"YaaYaY"
"YaaYab"
"YaaYba"
"YaaaXb"
"YaaabX"
"YaaabY"
"YaabXa"
"YaabYa"
"YaabaX"
"YaabaY"
"YabXYa"
"YabXaX"
"YabXaa"
"YabYYa"
"YabYaX"
"YabYaa"
"YabaXa"
"YabaYa"
"YabaaX"
"YabaaY"
"Yababa"
"Yabbaa"
"YbXaXa"
"YbXaYa"
"YbXaaX"
"YbYaaa"
"YbaXYa"
"YbaXaX"
"YbaYYa"
"YbaYaX"
"YbaYaa"
"YbaaYa"
"YbaaaY"
"Ybaaba"
"Ybabaa"
"aXaXbX"
"aXaXbY"
"aXaYab"
"aXaYba"
"aXaaYb"
"aXabXY"
"aXabYa"
"aXabaY"
"aXbXYa"
"aXbXaX"
"aXbXaY"
"aXbYYa"
"aXbYaX"
"aXbYaa"
"aXbaXY"
"aXbaYa"
"aXbaaY"
"aXbaba"
"aXbbaa"
"aYXaXb"
"aYXabX"
"aYXbXa"
"aYXbaX"
"aYYYYY"
"aYYYaY"
"aYYYab"
"aYYYba"
"aYYaXb"
"aYYaYY"
"aYYaab"
"aYYabX"
"aYYabY"
"aYYaba"
"aYYbXa"
"aYYbaX"
"aYYbaY"
"aYaXbX"
"aYaXbY"
"aYaXba"
"aYaYYY"
"aYaYaY"
"aYaYab"
"aYaYba"
"aYaaXb"
"aYaaYb"
"aYaabX"
"aYaabY"
"aYabXY"
"aYabXa"
"aYabYY"
"aYabYa"
"aYabaX"
"aYabaY"
"aYabab"
"aYabba"
"aYbXaX"
"aYbXaY"
"aYbXaa"
"aYbYaa"
"aYbaXY"
"aYbaXa"
"aYbaYY"
"aYbaYa"
"aYbaaY"
"aYbaab"
"aYbaba"
"aaXaYb"
"aaXbXY"
"aaXbYY"
"aaXbYa"
"aaXbaY"
"aaXbab"
"aaXbba"
"aaYYab"
"aaYYba"
"aaYaXb"
"aaYabX"
"aaYabY"
"aaYbXa"
"aaYbYa"
"aaYbaX"
"aaaYYb"
"aaaYbX"
"aaaYbY"
"aaaabb"
"aaabab"
"aaabba"
"aabXYY"
"aabXaY"
"aabXab"
"aabXba"
"aabYYY"
"aabYYa"
"aabYaX"
"aabYaY"
"aabYab"
"aabYba"
"aabaXb"
"aabaYY"
"aabaab"
"aababX"
"aababY"
"aababa"
"aabbXa"
"aabbaX"
"aabbaY"
"aabbaa"
"abXYYa"
"abXYaX"
"abXaXY"
"abXaYY"
"abXaYa"
"abXaaY"
"abXaab"
"abXaba"
"abXbaa"
"abYYYa"
"abYYaX"
"abYYaa"
"abYaXa"
"abYaYa"
"abYaaX"
"abYaaY"
"abYaba"
"abYbaa"
"abaXYY"
"abaXaY"
"abaXab"
"abaXba"
"abaYYY"
"abaYYa"
"abaYaX"
"abaYaY"
"abaYab"
"abaYba"
"abaaXb"
"abaaYY"
"abaaab"
"abaabX"
"abaabY"
"abaaba"
"ababXa"
"ababYa"
"ababaX"
"ababaY"
"ababaa"
"abbXaa"
"abbaXa"
"abbaYa"
"abbaaX"
"abbaaa"
"bXaXYa"
"bXaXaX"
"bXaYYa"
"bXaYaX"
"bXaYaa"
"bXaaYa"
"bXaaaY"
"bXaaba"
"bXabaa"
"bYYaaa"
"bYaXaa"
"bYaaXa"
"bYaaYa"
"bYaaaX"
"baXYYa"
"baXYaX"
"baXaYa"
"baXaaY"
"baXaba"
"baXbaa"
"baYYYa"
"baYYaX"
"baYYaa"
"baYaXa"
"baYaYa"
"baYaaX"
"baYaaY"
"baYaba"
"baYbaa"
"baaXaY"
"baaXba"
"baaYYa"
"baaYaX"
"baaaYY"
"baaaab"
"baaaba"
"baabXa"
"baabYa"
"baabaX"
"baabaa"
"babXaa"
"babaXa"
"babaYa"
"babaaX"
"babaaa"
"bbaaaa"
"XaXaXbX"
"XaXaXbY"
"XaXaYab"
"XaXaYba"
"XaXaaYb"
"XaXabXY"
"XaXabYa"
"XaXabaY"
"XaXbXYa"
"XaXbXaX"
"XaXbXaY"
"XaXbYYa"
"XaXbYaX"
"XaXbYaa"
"XaXbaXY"
"XaXbaYa"
"XaXbaaY"
"XaXbaba"
"XaXbbaa"
"XaYXaXb"
"XaYXabX"
"XaYXbXa"
"XaYXbaX"
"XaYYYYY"
"XaYYYaY"
"XaYYYab"
"XaYYYba"
"XaYYaXb"
"XaYYaYY"
"XaYYaab"
"XaYYabX"
"XaYYabY"
"XaYYaba"
"XaYYbXa"
"XaYYbaX"
"XaYYbaY"
"XaYaXbX"
"XaYaXbY"
"XaYaXba"
"XaYaYYY"
"XaYaYaY"
"XaYaYab"
"XaYaYba"
"XaYaaXb"
"XaYaaYb"
"XaYaabX"
"XaYaabY"
"XaYabXY"
"XaYabXa"
"XaYabYY"
"XaYabYa"
"XaYabaX"
"XaYabaY"
"XaYabab"
"XaYabba"
"XaYbXaX"
"XaYbXaY"
"XaYbXaa"
"XaYbYaa"
"XaYbaXY"
"XaYbaXa"
"XaYbaYY"
"XaYbaYa"
"XaYbaaY"
"XaYbaab"
"XaYbaba"
"XaaXaYb"
"XaaXbXY"
"XaaXbYY"
"XaaXbYa"
"XaaXbaY"
"XaaXbab"
"XaaXbba"
"XaaYYab"
"XaaYYba"
"XaaYaXb"
"XaaYabX"
"XaaYabY"
"XaaYbXa"
"XaaYbYa"
"XaaYbaX"
"XaaaYYb"
"XaaaYbX"
"XaaaYbY"
"Xaaaabb"
"Xaaabab"
"Xaaabba"
"XaabXYY"
"XaabXaY"
"XaabXab"
"XaabXba"
"XaabYYY"
"XaabYYa"
"XaabYaX"
"XaabYaY"
"XaabYab"
"XaabYba"
"XaabaXb"
"XaabaYY"
"Xaabaab"
"XaababX"
"XaababY"
"Xaababa"
"XaabbXa"
"XaabbaX"
"XaabbaY"
"Xaabbaa"
"XabXYYa"
"XabXYaX"
"XabXaXY"
"XabXaYY"
"XabXaYa"
"XabXaaY"
"XabXaab"
"XabXaba"
"XabXbaa"
"XabYYaa"
"XabYaXa"
"XabYaYa"
"XabYaaX"
"XabYaaY"
"XabaXYY"
"XabaXaY"
"XabaXab"
"XabaXba"
"XabaYYY"
"XabaYYa"
"XabaYaX"
"XabaYaY"
"XabaYab"
"XabaYba"
"XabaaXb"
"XabaaYY"
"Xabaaab"
"XabaabX"
"XabaabY"
"Xabaaba"
"XababXa"
"XababaX"
"XababaY"
"Xababaa"
"Xabbaaa"
"XbXaXYa"
"XbXaXaX"
"XbXaYYa"
"XbXaYaX"
"XbXaYaa"
"XbXaaYa"
"XbXaaaY"
"XbXaaba"
"XbXabaa"
"XbYYaaa"
"XbYaXaa"
"XbYaaXa"
"XbYaaYa"
"XbYaaaX"
"XbaXYYa"
"XbaXYaX"
"XbaXaYa"
"XbaXaaY"
"XbaXaba"
"XbaXbaa"
"XbaYYaa"
"XbaYaXa"
"XbaYaYa"
"XbaYaaX"
"XbaaYYa"
"XbaaYaX"
"Xbaaaba"
"Xbaabaa"
"Xbabaaa"
"Xbbaaaa"
"YXaXbXa"
"YXaXbYa"
"YXaXbaX"
"YXaYaba"
"YXaaYba"
"YXabXYa"
"YXabXaX"
"YXabYaa"
"YXabaYa"
"YXbXaXa"
"YXbXaYa"
"YXbXaaX"
"YXbYaaa"
"YXbaXYa"
"YXbaXaX"
"YXbaYaa"
"YXbaaYa"
"YYXaXba"
"YYXabXa"
"YYXbXaa"
"YYXbaXa"
"YYYYYYa"
"YYYYYaX"
"YYYYaYa"
"YYYYaaY"
"YYYYaba"
"YYYYbaa"
"YYYaXaY"
"YYYaXba"
"YYYaYYa"
"YYYaYaX"
"YYYaaYY"
"YYYaaab"
"YYYaaba"
"YYYabXa"
"YYYabYa"
"YYYabaX"
"YYYabaa"
"YYYbXaa"
"YYYbaXa"
"YYYbaYa"
"YYYbaaX"
"YYaXaYY"
"YYaXaab"
"YYaXaba"
"YYaXbXa"
"YYaXbYa"
"YYaXbaX"
"YYaYYYa"
"YYaYYaX"
"YYaYaYa"
"YYaYaaY"
"YYaYaba"
"YYaYbaa"
"YYaaXba"
"YYaaYYY"
"YYaaYaY"
"YYaaYab"
"YYaaYba"
"YYaaaXb"
"YYaaabX"
"YYaaabY"
"YYaabXa"
"YYaabYa"
"YYaabaX"
"YYaabaY"
"YYabXYa"
"YYabXaX"
"YYabXaa"
"YYabYYa"
"YYabYaX"
"YYabYaa"
"YYabaXa"
"YYabaYa"
"YYabaaX"
"YYabaaY"
"YYababa"
"YYabbaa"
"YYbXaXa"
"YYbXaYa"
"YYbXaaX"
"YYbYaaa"
"YYbaXYa"
"YYbaXaX"
"YYbaYYa"
"YYbaYaX"
"YYbaYaa"
"YYbaaYa"
"YYbaaaY"
"YYbaaba"
"YYbabaa"
"YaXaXba"
"YaXaYYY"
"YaXaYaY"
"YaXaYab"
"YaXaYba"
"YaXaaXb"
"YaXaabX"
"YaXaabY"
"YaXabXa"
"YaXabaX"
"YaXabaY"
"YaXbXYa"
"YaXbXaX"
"YaXbXaa"
"YaXbYYa"
"YaXbYaX"
"YaXbYaa"
"YaXbaXa"
"YaXbaYa"
"YaXbaaY"
"YaXbaba"
"YaXbbaa"
"YaYYYYa"
"YaYYYaX"
"YaYYaYa"
"YaYYaaY"
"YaYYaba"
"YaYYbaa"
"YaYaXaY"
"YaYaXba"
"YaYaYYa"
"YaYaYaX"
"YaYaaYY"
"YaYaaab"
"YaYaaba"
"YaYabXa"
"YaYabYa"
"YaYabaX"
"YaYabaa"
"YaYbXaa"
"YaYbaXa"
"YaYbaYa"
"YaYbaaX"
"YaaXaXb"
"YaaXabX"
"YaaXbXa"
"YaaXbYa"
"YaaXbaX"
"YaaYYYY"
"YaaYYaY"
"YaaYYab"
"YaaYYba"
"YaaYaXb"
"YaaYaYY"
"YaaYaab"
"YaaYabX"
"YaaYabY"
"YaaYaba"
"YaaYbXa"
"YaaYbYa"
"YaaYbaX"
"YaaYbaY"
"YaaaXbX"
"YaaaXbY"
"YaaaYab"
"YaaaYba"
"YaaaaYb"
"YaaabXY"
"YaaabYY"
"YaaabYa"
"YaaabaY"
"Yaaabab"
"Yaaabba"
"YaabXYa"
"YaabXaX"
"YaabXaY"
"YaabYYa"
"YaabYaX"
"YaabYaa"
"YaabaXY"
"YaabaYY"
"YaabaYa"
"YaabaaY"
"Yaabaab"
"Yaababa"
"Yaabbaa"
"YabXYYa"
"YabXYaX"
"YabXaXa"
"YabXaYa"
"YabXaaX"
"YabXaaY"
"YabXaba"
"YabXbaa"
"YabYYYa"
"YabYYaX"
"YabYYaa"
"YabYaXa"
"YabYaYa"
"YabYaaX"
"YabYaaY"
"YabYaaa"
"YabYaba"
"YabYbaa"
"YabaXYa"
"YabaXaX"
"YabaXaY"
"YabaXba"
"YabaYYa"
"YabaYaX"
"YabaYaa"
"YabaaYY"
"YabaaYa"
"YabaaaY"
"Yabaaab"
"Yabaaba"
"YababXa"
"YababYa"
"YababaX"
"Yababaa"
"YabbXaa"
"YabbaXa"
"YabbaYa"
"YabbaaX"
"Yabbaaa"
"YbXaXYa"
"YbXaXaX"
"YbXaYYa"
"YbXaYaX"
"YbXaYaa"
"YbXaaYa"
"YbXaaaY"
"YbXaaba"
"YbXabaa"
"YbYYaaa"
"YbYaXaa"
"YbYaaXa"
"YbYaaYa"
"YbYaaaX"
"YbaXYYa"
"YbaXYaX"
"YbaXaYa"
"YbaXaaY"
"YbaXaba"
"YbaXbaa"
"YbaYYYa"
"YbaYYaX"
"YbaYYaa"
"YbaYaXa"
"YbaYaYa"
"YbaYaaX"
"YbaYaaY"
"YbaYaba"
"YbaYbaa"
"YbaaXaY"
"YbaaXba"
"YbaaYYa"
"YbaaYaX"
"YbaaaYY"
"Ybaaaab"
"Ybaaaba"
"YbaabXa"
"YbaabYa"
"YbaabaX"
"Ybaabaa"
"YbabXaa"
"YbabaXa"
"YbabaYa"
"YbabaaX"
"Ybabaaa"
"Ybbaaaa"
"aXaXaYb"
"aXaXbXY"
"aXaXbYY"
"aXaXbYa"
"aXaXbaY"
"aXaXbab"
"aXaXbba"
"aXaYYab"
"aXaYYba"
"aXaYaXb"
"aXaYabX"
"aXaYabY"
"aXaYbXa"
"aXaYbYa"
"aXaYbaX"
"aXaaYYb"
"aXaaYbX"
"aXaaYbY"
"aXaaabb"
"aXaabab"
"aXaabba"
"aXabXYY"
"aXabXaY"
"aXabXab"
"aXabXba"
"aXabYYa"
"aXabYaX"
"aXabYaY"
"aXabaYY"
"aXabaab"
"aXababa"
"aXabbaa"
"aXbXYYa"
"aXbXYaX"
"aXbXaXY"
"aXbXaYY"
"aXbXaYa"
"aXbXaaY"
"aXbXaab"
"aXbXaba"
"aXbXbaa"
"aXbYYYa"
"aXbYYaX"
"aXbYYaa"
"aXbYaXa"
"aXbYaYa"
"aXbYaaX"
"aXbYaaY"
"aXbYaba"
"aXbYbaa"
"aXbaXYY"
"aXbaXaY"
"aXbaXab"
"aXbaXba"
"aXbaYYa"
"aXbaYaX"
"aXbaYaY"
"aXbaaYY"
"aXbaaab"
"aXbaaba"
"aXbabXa"
"aXbabYa"
"aXbabaX"
"aXbabaa"
"aXbbXaa"
"aXbbaXa"
"aXbbaYa"
"aXbbaaX"
"aXbbaaa"
"aYXaXbX"
"aYXaXbY"
"aYXaYab"
"aYXaaYb"
"aYXabXY"
"aYXabYa"
"aYXabaY"
"aYXbXaX"
"aYXbXaY"
"aYXbYaa"
"aYXbaXY"
"aYXbaYa"
"aYXbaaY"
"aYYXaXb"
"aYYXabX"
"aYYXbXa"
"aYYXbaX"
"aYYYYYY"
"aYYYYaY"
"aYYYYab"
"aYYYYba"
"aYYYaXb"
"aYYYaYY"
"aYYYaab"
"aYYYabX"
"aYYYabY"
"aYYYaba"
"aYYYbXa"
"aYYYbaX"
"aYYYbaY"
"aYYaXbX"
"aYYaXbY"
"aYYaXba"
"aYYaYYY"
"aYYaYaY"
"aYYaYab"
"aYYaYba"
"aYYaaXb"
"aYYaaYb"
"aYYaabX"
"aYYaabY"
"aYYabXY"
"aYYabXa"
"aYYabYY"
"aYYabYa"
"aYYabaX"
"aYYabaY"
"aYYabab"
"aYYabba"
"aYYbXaX"
"aYYbXaY"
"aYYbXaa"
"aYYbYaa"
"aYYbaXY"
"aYYbaXa"
"aYYbaYY"
"aYYbaYa"
"aYYbaaY"
"aYYbaab"
"aYYbaba"
"aYaXaXb"
"aYaXaYb"
"aYaXabX"
"aYaXbXY"
"aYaXbXa"
"aYaXbYY"
"aYaXbYa"
"aYaXbaX"
"aYaXbaY"
"aYaXbab"
"aYaXbba"
"aYaYYYY"
"aYaYYaY"
"aYaYYab"
"aYaYYba"
"aYaYaXb"
"aYaYaYY"
"aYaYaab"
"aYaYabX"
"aYaYabY"
"aYaYaba"
"aYaYbXa"
"aYaYbaX"
"aYaYbaY"
"aYaaXbX"
"aYaaXbY"
"aYaaYYb"
"aYaaYab"
"aYaaYbX"
"aYaaYbY"
"aYaaYba"
"aYaaaYb"
"aYaaabb"
"aYaabXY"
"aYaabYY"
"aYaabYa"
"aYaabaY"
"aYaabab"
"aYaabba"
"aYabXYY"
"aYabXYa"
"aYabXaX"
"aYabXaY"
"aYabXab"
"aYabXba"
"aYabYYY"
"aYabYYa"
"aYabYaX"
"aYabYaY"
"aYabYaa"
"aYabYab"
"aYabYba"
"aYabaXY"
"aYabaXb"
"aYabaYY"
"aYabaYa"
"aYabaaY"
"aYabaab"
"aYababX"
"aYababY"
"aYababa"
"aYabbXa"
"aYabbaX"
"aYabbaY"
"aYabbaa"
"aYbXaXY"
"aYbXaXa"
"aYbXaYY"
"aYbXaYa"
"aYbXaaX"
"aYbXaaY"
"aYbXaab"
"aYbXaba"
"aYbYYaa"
"aYbYaXa"
"aYbYaaX"
"aYbYaaY"
"aYbYaaa"
"aYbaXYY"
"aYbaXYa"
"aYbaXaX"
"aYbaXaY"
"aYbaXab"
"aYbaXba"
"aYbaYYY"
"aYbaYYa"
"aYbaYaX"
"aYbaYaY"
"aYbaYaa"
"aYbaYab"
"aYbaYba"
"aYbaaXb"
"aYbaaYY"
"aYbaaYa"
"aYbaaab"
"aYbaabX"
"aYbaabY"
"aYbaaba"
"aYbabXa"
"aYbabaX"
"aYbabaY"
"aYbabaa"
"aYbbaaa"
"aaXaYYb"
"aaXaYbX"
"aaXaYbY"
"aaXaabb"
"aaXabab"
"aaXbXYY"
"aaXbXaY"
"aaXbXab"
"aaXbXba"
"aaXbYYY"
"aaXbYYa"
"aaXbYaX"
"aaXbYaY"
"aaXbYab"
"aaXbYba"
"aaXbaXb"
"aaXbaYY"
"aaXbaab"
"aaXbabX"
"aaXbabY"
"aaXbaba"
"aaXbbXa"
"aaXbbaX"
"aaXbbaY"
"aaXbbaa"
"aaYYYab"
"aaYYYba"
"aaYYaXb"
"aaYYabX"
"aaYYabY"
"aaYYbXa"
"aaYYbYa"
"aaYYbaX"
"aaYaXbX"
"aaYaXbY"
"aaYaYab"
"aaYaYba"
"aaYaaYb"
"aaYabXY"
"aaYabYY"
"aaYabYa"
"aaYabaY"
"aaYabab"
"aaYabba"
"aaYbXYa"
"aaYbXaX"
"aaYbXaY"
"aaYbYYa"
"aaYbYaX"
"aaYbYaa"
"aaYbaXY"
"aaYbaYa"
"aaYbaaY"
"aaYbaab"
"aaYbaba"
"aaYbbaa"
"aaaXbab"
"aaaXbba"
"aaaYYYb"
"aaaYYbX"
"aaaYYbY"
"aaaYaYb"
"aaaYabb"
"aaaYbXY"
"aaaYbYY"
"aaaYbYa"
"aaaYbaY"
"aaaYbab"
"aaaYbba"
"aaaaXbb"
"aaaabXb"
"aaaabYb"
"aaaabbX"
"aaaabbY"
"aaabXab"
"aaabXba"
"aaabYab"
"aaabYba"
"aaabaXb"
"aaabaYb"
"aaababX"
"aaababY"
"aaabbXa"
"aaabbYa"
"aaabbaX"
"aabXYYY"
"aabXYaY"
"aabXYab"
"aabXYba"
"aabXaXb"
"aabXaYY"
"aabXaab"
"aabXabX"
"aabXabY"
"aabXaba"
"aabXbXa"
"aabXbaX"
"aabXbaY"
"aabYYYY"
"aabYYYa"
"aabYYaX"
"aabYYaY"
"aabYYab"
"aabYYba"
"aabYaXY"
"aabYaXb"
"aabYaYY"
"aabYaYa"
"aabYaaY"
"aabYaab"
"aabYabX"
"aabYabY"
"aabYaba"
"aabYbXa"
"aabYbaX"
"aabYbaY"
"aabYbaa"
"aabaXab"
"aabaXbX"
"aabaXbY"
"aabaXba"
"aabaYYY"
"aabaYaY"
"aabaYab"
"aabaYba"
"aabaaXb"
"aabaaYb"
"aabaabX"
"aabaabY"
"aababXY"
"aababXa"
"aababYY"
"aababYa"
"aababaX"
"aababaY"
"aababab"
"aababba"
"aabbXaX"
"aabbXaY"
"aabbXaa"
"aabbYaa"
"aabbaXY"
"aabbaXa"
"aabbaYY"
"aabbaYa"
"aabbaaX"
"aabbaaY"
"aabbaab"
"aabbaba"
"abXYYYa"
"abXYYaX"
"abXYaYa"
"abXYaaY"
"abXYaba"
"abXYbaa"
"abXaXYY"
"abXaXaY"
"abXaXab"
"abXaXba"
"abXaYYY"
"abXaYYa"
"abXaYaX"
"abXaYaY"
"abXaYab"
"abXaYba"
"abXaaXb"
"abXaaYY"
"abXaaab"
"abXaabX"
"abXaabY"
"abXaaba"
"abXabXa"
"abXabYa"
"abXabaX"
"abXabaY"
"abXabaa"
"abXbXaa"
"abXbaXa"
"abXbaYa"
"abXbaaX"
"abYYYYa"
"abYYYaX"
"abYYYaa"
"abYYaXa"
"abYYaYa"
"abYYaaX"
"abYYaaY"
"abYYaba"
"abYYbaa"
"abYaXYa"
"abYaXaX"
"abYaXaY"
"abYaXba"
"abYaYYa"
"abYaYaX"
"abYaYaa"
"abYaaXY"
"abYaaYY"
"abYaaYa"
"abYaaaY"
"abYaaab"
"abYaaba"
"abYabXa"
"abYabYa"
"abYabaX"
"abYabaa"
"abYbXaa"
"abYbaXa"
"abYbaYa"
"abYbaaX"
"abYbaaa"
"abaXYYY"
"abaXYaY"
"abaXYab"
"abaXYba"
"abaXaXb"
"abaXaYY"
"abaXaab"
"abaXabX"
"abaXabY"
"abaXaba"
"abaXbXa"
"abaXbYa"
"abaXbaX"
"abaXbaY"
"abaXbaa"
"abaYYYY"
"abaYYYa"
"abaYYaX"
"abaYYaY"
"abaYYab"
"abaYYba"
"abaYaXY"
"abaYaXb"
"abaYaYY"
"abaYaYa"
"abaYaaY"
"abaYaab"
"abaYabX"
"abaYabY"
"abaYaba"
"abaYbXa"
"abaYbaX"
"abaYbaY"
"abaYbaa"
"abaaXbX"
"abaaXbY"
"abaaXba"
"abaaYYY"
"abaaYaY"
"abaaYab"
"abaaYba"
"abaaaXb"
"abaaaYb"
"abaaabX"
"abaaabY"
"abaabXY"
"abaabXa"
"abaabYY"
"abaabYa"
"abaabaX"
"abaabaY"
"abaabab"
"abaabba"
"ababXYa"
"ababXaX"
"ababXaY"
"ababXaa"
"ababYYa"
"ababYaX"
"ababYaa"
"ababaXY"
"ababaXa"
"ababaYY"
"ababaYa"
"ababaaX"
"ababaaY"
"ababaab"
"abababa"
"ababbaa"
"abbXaXa"
"abbXaYa"
"abbXaaX"
"abbXaaa"
"abbYaaa"
"abbaXYa"
"abbaXaX"
"abbaXaa"
"abbaYYa"
"abbaYaX"
"abbaYaa"
"abbaaXa"
"abbaaYa"
"abbaaaX"
"abbaaaY"
"abbaaba"
"abbabaa"
"bXaXYYa"
"bXaXYaX"
"bXaXaYa"
"bXaXaaY"
"bXaXaba"
"bXaXbaa"
"bXaYYYa"
"bXaYYaX"
"bXaYYaa"
"bXaYaXa"
"bXaYaYa"
"bXaYaaX"
"bXaYaaY"
"bXaYaba"
"bXaYbaa"
"bXaaXaY"
"bXaaXba"
"bXaaYYa"
"bXaaYaX"
"bXaaaYY"
"bXaaaab"
"bXaaaba"
"bXaabXa"
"bXaabYa"
"bXaabaX"
"bXaabaa"
"bXabXaa"
"bXabaXa"
"bXabaYa"
"bXabaaX"
"bXabaaa"
"bYYYaaa"
"bYYaXaa"
"bYYaaXa"
"bYYaaYa"
"bYYaaaX"
"bYaXaXa"
"bYaXaYa"
"bYaXaaX"
"bYaYaaa"
"bYaaXYa"
"bYaaXaX"
"bYaaYYa"
"bYaaYaX"
"bYaaYaa"
"bYaaaYa"
"bYaaaaY"
"bYaaaba"
"bYaabaa"
"bYabaaa"
"bYbaaaa"
"baXYYYa"
"baXYYaX"
"baXYaYa"
"baXYaaY"
"baXYaba"
"baXYbaa"
"baXaXaY"
"baXaXba"
"baXaYYa"
"baXaYaX"
"baXaaYY"
"baXaaab"
"baXaaba"
"baXabXa"
"baXabYa"
"baXabaX"
"baXabaa"
"baXbXaa"
"baXbaXa"
"baXbaYa"
"baXbaaX"
"baXbaaa"
"baYYYYa"
"baYYYaX"
"baYYYaa"
"baYYaXa"
"baYYaYa"
"baYYaaX"
"baYYaaY"
"baYYaba"
"baYYbaa"
"baYaXYa"
"baYaXaX"
"baYaXaY"
"baYaXba"
"baYaYYa"
"baYaYaX"
"baYaYaa"
"baYaaYY"
"baYaaYa"
"baYaaaY"
"baYaaab"
"baYaaba"
"baYabXa"
"baYabYa"
"baYabaX"
"baYabaa"
"baYbXaa"
"baYbaXa"
"baYbaYa"
"baYbaaX"
"baYbaaa"
"baaXaYY"
"baaXaab"
"baaXaba"
"baaXbXa"
"baaXbYa"
"baaXbaX"
"baaXbaa"
"baaYYYa"
"baaYYaX"
"baaYaYa"
"baaYaaY"
"baaYaba"
"baaYbaa"
"baaaXba"
"baaaYYY"
"baaaYaY"
"baaaYab"
"baaaYba"
"baaaaXb"
"baaaabX"
"baaaabY"
"baaabXa"
"baaabYa"
"baaabaX"
"baaabaY"
"baabXYa"
"baabXaX"
"baabXaa"
"baabYYa"
"baabYaX"
"baabYaa"
"baabaXa"
"baabaYa"
"baabaaX"
"baabaaY"
"baababa"
"baabbaa"
"babXaXa"
"babXaYa"
"babXaaX"
"babXaaa"
"babYaaa"
"babaXYa"
"babaXaX"
"babaXaa"
"babaYYa"
"babaYaX"
"babaYaa"
"babaaXa"
"babaaYa"
"babaaaX"
"babaaaY"
"babaaba"
"bababaa"
"bbXaaaa"
"bbaXaaa"
"bbaYaaa"
"bbaaXaa"
"bbaaaXa"
"bbaaaYa"
"bbaaaaX"
END
