"S"
"FS"
"SF"
"FFS"
"FSF"
"SFF"
"FFFS"
"FFSF"
"FSFF"
"SFFF"
"FFFFS"
"FFFSF"
"FFSFF"
"FSFFF"
"SFFFF"
"FFFFFS"
"FFFFSF"
"FFFSFF"
"FFSFFF"
"FSFFFF"
"SFFFFF"
"FFFFFFS"
"FFFFFSF"
"FFFFSFF"
"FFFSFFF"
"FFSFFFF"
"FSFFFFF"
"SFFFFFF"
"FFFFFFFS"
"FFFFFFSF"
"FFFFFSFF"
"FFFFSFFF"
"FFFSFFFF"
"FFSFFFFF"
"FSFFFFFF"
"SFFFFFFF"
"FFFFFFFFS"
"FFFFFFFSF"
"FFFFFFSFF"
"FFFFFSFFF"
"FFFFSFFFF"
"FFFSFFFFF"
"FFSFFFFFF"
"FSFFFFFFF"
"SFFFFFFFF"
"FFFFFFFFFS"
"FFFFFFFFSF"
"FFFFFFFSFF"
"FFFFFFSFFF"
"FFFFFSFFFF"
"FFFFSFFFFF"
"FFFSFFFFFF"
"FFSFFFFFFF"
"FSFFFFFFFF"
"SFFFFFFFFF"
END
