"S"
"ACF"
"ACCB"
"ACDAF"
"ACDACB"
"ACDCAF"
"ACDADAF"
"ACDCACB"
"ACDCCAF"
"ACSBFAF"
"ACDADACB"
"ACDADCAF"
"ACDCADAF"
"ACDCCACB"
"ACDCCCAF"
"ACDDAAAF"
"ACSBCBAF"
"ACSBFACB"
"ACSBFCAF"
"ACACFBFAF"
"ACDADADAF"
"ACDADCACB"
"ACDADCCAF"
"ACDASBFAF"
"ACDCADACB"
"ACDCADCAF"
"ACDCCADAF"
"ACDCCCACB"
"ACDCCCCAF"
"ACDCDAAAF"
"ACDDAAACB"
"ACDDAACAF"
"ACDDCAAAF"
"ACSBCBACB"
"ACSBCBCAF"
"ACSBDAFAF"
"ACSBFADAF"
"ACSBFCACB"
"ACSBFCCAF"
"ACACCBBFAF"
"ACACFBCBAF"
"ACACFBFACB"
"ACACFBFCAF"
"ACDADADACB"
"ACDADADCAF"
"ACDADCADAF"
"ACDADCCACB"
"ACDADCCCAF"
"ACDADDAAAF"
"ACDASBCBAF"
"ACDASBFACB"
"ACDASBFCAF"
"ACDCADADAF"
"ACDCADCACB"
"ACDCADCCAF"
"ACDCASBFAF"
"ACDCCADACB"
"ACDCCADCAF"
"ACDCCCADAF"
"ACDCCCCACB"
"ACDCCCCCAF"
"ACDCCDAAAF"
"ACDCDAAACB"
"ACDCDAACAF"
"ACDCDCAAAF"
"ACDDAAADAF"
"ACDDAACACB"
"ACDDAACCAF"
"ACDDCAAACB"
"ACDDCAACAF"
"ACDDCCAAAF"
"ACDSBFAAAF"
"ACSBCBADAF"
"ACSBCBCACB"
"ACSBCBCCAF"
"ACSBDACBAF"
"ACSBDAFACB"
"ACSBDAFCAF"
"ACSBDCAFAF"
"ACSBFADACB"
"ACSBFADCAF"
"ACSBFCADAF"
"ACSBFCCACB"
"ACSBFCCCAF"
"ACSBFDAAAF"
END
