"S"
"SbAF"
"SbbF"
"bAFS"
"bbFS"
"SbAFbAF"
"SbAFbbF"
"SbAbAFF"
"SbAbbFF"
"SbbAFAF"
"SbbAFbF"
"SbbFbAF"
"SbbFbbF"
"SbbbAFF"
"SbbbFAF"
"SbbbFbF"
"SbbbbFF"
"bAFSbAF"
"bAFSbbF"
"bAFbAFS"
"bAFbbFS"
"bAbAFFS"
"bAbbFFS"
"bbAFAFS"
"bbAFbFS"
"bbFSbAF"
"bbFSbbF"
"bbFbAFS"
"bbFbbFS"
"bbbAFFS"
"bbbFAFS"
"bbbFbFS"
"bbbbFFS"
"SbAFbAFbAF"
"SbAFbAFbbF"
"SbAFbAbAFF"
"SbAFbAbbFF"
"SbAFbbAFAF"
"SbAFbbAFbF"
"SbAFbbFbAF"
"SbAFbbFbbF"
"SbAFbbbAFF"
"SbAFbbbFAF"
"SbAFbbbFbF"
"SbAFbbbbFF"
"SbAbAFFbAF"
"SbAbAFFbbF"
"SbAbAFbAFF"
"SbAbAFbbFF"
"SbAbAbAFFF"
"SbAbAbbFFF"
"SbAbbAFAFF"
"SbAbbAFbFF"
"SbAbbFFbAF"
"SbAbbFFbbF"
"SbAbbFbAFF"
"SbAbbFbbFF"
"SbAbbbAFFF"
"SbAbbbFAFF"
"SbAbbbFbFF"
"SbAbbbbFFF"
"SbbAFAFbAF"
"SbbAFAFbbF"
"SbbAFAbAFF"
"SbbAFAbbFF"
"SbbAFbAFAF"
"SbbAFbAFbF"
"SbbAFbFbAF"
"SbbAFbFbbF"
"SbbAFbbAFF"
"SbbAFbbFAF"
"SbbAFbbFbF"
"SbbAFbbbFF"
"SbbAbAFFAF"
"SbbAbAFFbF"
"SbbAbbFFAF"
"SbbAbbFFbF"
"SbbFbAFbAF"
"SbbFbAFbbF"
"SbbFbAbAFF"
"SbbFbAbbFF"
"SbbFbbAFAF"
"SbbFbbAFbF"
"SbbFbbFbAF"
"SbbFbbFbbF"
"SbbFbbbAFF"
"SbbFbbbFAF"
"SbbFbbbFbF"
"SbbFbbbbFF"
"SbbbAFAFAF"
"SbbbAFAFbF"
"SbbbAFFbAF"
"SbbbAFFbbF"
"SbbbAFbAFF"
"SbbbAFbFAF"
"SbbbAFbFbF"
"SbbbAFbbFF"
"SbbbAbAFFF"
"SbbbAbbFFF"
"SbbbFAFbAF"
"SbbbFAFbbF"
"SbbbFAbAFF"
"SbbbFAbbFF"
"SbbbFbAFAF"
"SbbbFbAFbF"
"SbbbFbFbAF"
"SbbbFbFbbF"
"SbbbFbbAFF"
"SbbbFbbFAF"
"SbbbFbbFbF"
"SbbbFbbbFF"
"SbbbbAFAFF"
"SbbbbAFFAF"
"SbbbbAFFbF"
"SbbbbAFbFF"
"SbbbbFAFAF"
"SbbbbFAFbF"
"SbbbbFFbAF"
"SbbbbFFbbF"
"SbbbbFbAFF"
"SbbbbFbFAF"
"SbbbbFbFbF"
"SbbbbFbbFF"
"SbbbbbAFFF"
"SbbbbbFAFF"
"SbbbbbFFAF"
"SbbbbbFFbF"
"SbbbbbFbFF"
"SbbbbbbFFF"
"bAFSbAFbAF"
"bAFSbAFbbF"
"bAFSbAbAFF"
"bAFSbAbbFF"
"bAFSbbAFAF"
"bAFSbbAFbF"
"bAFSbbFbAF"
"bAFSbbFbbF"
"bAFSbbbAFF"
"bAFSbbbFAF"
"bAFSbbbFbF"
"bAFSbbbbFF"
"bAFbAFSbAF"
"bAFbAFSbbF"
"bAFbAFbAFS"
"bAFbAFbbFS"
"bAFbAbAFFS"
"bAFbAbbFFS"
"bAFbbAFAFS"
"bAFbbAFbFS"
"bAFbbFSbAF"
"bAFbbFSbbF"
"bAFbbFbAFS"
"bAFbbFbbFS"
"bAFbbbAFFS"
"bAFbbbFAFS"
"bAFbbbFbFS"
"bAFbbbbFFS"
"bAbAFFSbAF"
"bAbAFFSbbF"
"bAbAFFbAFS"
"bAbAFFbbFS"
"bAbAFbAFFS"
"bAbAFbbFFS"
"bAbAbAFFFS"
"bAbAbbFFFS"
"bAbbAFAFFS"
"bAbbAFbFFS"
"bAbbFFSbAF"
"bAbbFFSbbF"
"bAbbFFbAFS"
"bAbbFFbbFS"
"bAbbFbAFFS"
"bAbbFbbFFS"
"bAbbbAFFFS"
"bAbbbFAFFS"
"bAbbbFbFFS"
"bAbbbbFFFS"
"bbAFAFSbAF"
"bbAFAFSbbF"
"bbAFAFbAFS"
"bbAFAFbbFS"
"bbAFAbAFFS"
"bbAFAbbFFS"
"bbAFbAFAFS"
"bbAFbAFbFS"
"bbAFbFSbAF"
"bbAFbFSbbF"
"bbAFbFbAFS"
"bbAFbFbbFS"
"bbAFbbAFFS"
"bbAFbbFAFS"
"bbAFbbFbFS"
"bbAFbbbFFS"
"bbAbAFFAFS"
"bbAbAFFbFS"
"bbAbbFFAFS"
"bbAbbFFbFS"
"bbFSbAFbAF"
"bbFSbAFbbF"
"bbFSbAbAFF"
"bbFSbAbbFF"
"bbFSbbAFAF"
"bbFSbbAFbF"
"bbFSbbFbAF"
"bbFSbbFbbF"
"bbFSbbbAFF"
"bbFSbbbFAF"
"bbFSbbbFbF"
"bbFSbbbbFF"
"bbFbAFSbAF"
"bbFbAFSbbF"
"bbFbAFbAFS"
"bbFbAFbbFS"
"bbFbAbAFFS"
"bbFbAbbFFS"
"bbFbbAFAFS"
"bbFbbAFbFS"
"bbFbbFSbAF"
"bbFbbFSbbF"
"bbFbbFbAFS"
"bbFbbFbbFS"
"bbFbbbAFFS"
"bbFbbbFAFS"
"bbFbbbFbFS"
"bbFbbbbFFS"
"bbbAFAFAFS"
"bbbAFAFbFS"
"bbbAFFSbAF"
"bbbAFFSbbF"
"bbbAFFbAFS"
"bbbAFFbbFS"
"bbbAFbAFFS"
"bbbAFbFAFS"
"bbbAFbFbFS"
"bbbAFbbFFS"
"bbbAbAFFFS"
"bbbAbbFFFS"
"bbbFAFSbAF"
"bbbFAFSbbF"
"bbbFAFbAFS"
"bbbFAFbbFS"
"bbbFAbAFFS"
"bbbFAbbFFS"
"bbbFbAFAFS"
"bbbFbAFbFS"
"bbbFbFSbAF"
"bbbFbFSbbF"
"bbbFbFbAFS"
"bbbFbFbbFS"
"bbbFbbAFFS"
"bbbFbbFAFS"
"bbbFbbFbFS"
"bbbFbbbFFS"
"bbbbAFAFFS"
"bbbbAFFAFS"
"bbbbAFFbFS"
"bbbbAFbFFS"
"bbbbFAFAFS"
"bbbbFAFbFS"
"bbbbFFSbAF"
"bbbbFFSbbF"
"bbbbFFbAFS"
"bbbbFFbbFS"
"bbbbFbAFFS"
"bbbbFbFAFS"
"bbbbFbFbFS"
"bbbbFbbFFS"
"bbbbbAFFFS"
"bbbbbFAFFS"
"bbbbbFFAFS"
"bbbbbFFbFS"
"bbbbbFbFFS"
"bbbbbbFFFS"
END
