"S"
"AS"
"SA"
"AAS"
"ASA"
"SAA"
"AAAS"
"AASA"
"ASAA"
"SAAA"
"AAAAS"
"AAASA"
"AASAA"
"ASAAA"
"SAAAA"
"AAAAAS"
"AAAASA"
"AAASAA"
"AASAAA"
"ASAAAA"
"SAAAAA"
"AAAAAAS"
"AAAAASA"
"AAAASAA"
"AAASAAA"
"AASAAAA"
"ASAAAAA"
"SAAAAAA"
"AAAAAAAS"
"AAAAAASA"
"AAAAASAA"
"AAAASAAA"
"AAASAAAA"
"AASAAAAA"
"ASAAAAAA"
"SAAAAAAA"
"AAAAAAAAS"
"AAAAAAASA"
"AAAAAASAA"
"AAAAASAAA"
"AAAASAAAA"
"AAASAAAAA"
"AASAAAAAA"
"ASAAAAAAA"
"SAAAAAAAA"
"AAAAAAAAAS"
"AAAAAAAASA"
"AAAAAAASAA"
"AAAAAASAAA"
"AAAAASAAAA"
"AAAASAAAAA"
"AAASAAAAAA"
"AASAAAAAAA"
"ASAAAAAAAA"
"SAAAAAAAAA"
END
