""
"S"
"CaBS"
"SCaB"
"CCaBaBS"
"CaBCaBS"
"CaBSCaB"
"CaCaBBS"
"SCCaBaB"
"SCaBCaB"
"SCaCaBB"
"CCCaBaBaBS"
"CCaBCaBaBS"
"CCaBaBCaBS"
"CCaBaBSCaB"
"CCaBaCaBBS"
"CCaCaBBaBS"
"CaBCCaBaBS"
"CaBCaBCaBS"
"CaBCaBSCaB"
"CaBCaCaBBS"
"CaBSCCaBaB"
"CaBSCaBCaB"
"CaBSCaCaBB"
"CaCCaBaBBS"
"CaCaBBCaBS"
"CaCaBBSCaB"
"CaCaBCaBBS"
"CaCaCaBBBS"
"SCCCaBaBaB"
"SCCaBCaBaB"
"SCCaBaBCaB"
"SCCaBaCaBB"
"SCCaCaBBaB"
"SCaBCCaBaB"
"SCaBCaBCaB"
"SCaBCaCaBB"
"SCaCCaBaBB"
"SCaCaBBCaB"
"SCaCaBCaBB"
"SCaCaCaBBB"
END
