"S"
"ADCS"
"SADC"
"AADCDCS"
"ADADCCS"
"ADCADCS"
"ADCSADC"
"SAADCDC"
"SADADCC"
"SADCADC"
"AAADCDCDCS"
"AADADCCDCS"
"AADCADCDCS"
"AADCDADCCS"
"AADCDCADCS"
"AADCDCSADC"
"ADAADCDCCS"
"ADADADCCCS"
"ADADCADCCS"
"ADADCCADCS"
"ADADCCSADC"
"ADCAADCDCS"
"ADCADADCCS"
"ADCADCADCS"
"ADCADCSADC"
"ADCSAADCDC"
"ADCSADADCC"
"ADCSADCADC"
"SAAADCDCDC"
"SAADADCCDC"
"SAADCADCDC"
"SAADCDADCC"
"SAADCDCADC"
"SADAADCDCC"
"SADADADCCC"
"SADADCADCC"
"SADADCCADC"
"SADCAADCDC"
"SADCADADCC"
"SADCADCADC"
END
