"S"
"Sb"
"bS"
"Sbb"
"bSb"
"bbS"
"Sbbb"
"bSbb"
"bbSb"
"bbbS"
"Sbbbb"
"bSbbb"
"bbSbb"
"bbbSb"
"bbbbS"
"Sbbbbb"
"bSbbbb"
"bbSbbb"
"bbbSbb"
"bbbbSb"
"bbbbbS"
"Sbbbbbb"
"bSbbbbb"
"bbSbbbb"
"bbbSbbb"
"bbbbSbb"
"bbbbbSb"
"bbbbbbS"
"Sbbbbbbb"
"bSbbbbbb"
"bbSbbbbb"
"bbbSbbbb"
"bbbbSbbb"
"bbbbbSbb"
"bbbbbbSb"
"bbbbbbbS"
"Sbbbbbbbb"
"bSbbbbbbb"
"bbSbbbbbb"
"bbbSbbbbb"
"bbbbSbbbb"
"bbbbbSbbb"
"bbbbbbSbb"
"bbbbbbbSb"
"bbbbbbbbS"
"Sbbbbbbbbb"
"bSbbbbbbbb"
"bbSbbbbbbb"
"bbbSbbbbbb"
"bbbbSbbbbb"
"bbbbbSbbbb"
"bbbbbbSbbb"
"bbbbbbbSbb"
"bbbbbbbbSb"
"bbbbbbbbbS"
END
