"S"
"ES"
"EES"
"EEES"
"SbEC"
"bECS"
"EEEES"
"ESbEC"
"EbECS"
"bECES"
"EEEEES"
"EESbEC"
"EEbECS"
"EbECES"
"SbEDCb"
"bECEES"
"bEDCbS"
"EEEEEES"
"EEESbEC"
"EEEbECS"
"EEbECES"
"ESbEDCb"
"EbECEES"
"EbEDCbS"
"SbECbEC"
"SbEbECC"
"SbbECEC"
"bECEEES"
"bECSbEC"
"bECbECS"
"bEDCbES"
"bEbECCS"
"bbECECS"
"EEEEEEES"
"EEEESbEC"
"EEEEbECS"
"EEEbECES"
"EESbEDCb"
"EEbECEES"
"EEbEDCbS"
"ESbECbEC"
"ESbEbECC"
"ESbbECEC"
"EbECEEES"
"EbECSbEC"
"EbECbECS"
"EbEDCbES"
"EbEbECCS"
"EbbECECS"
"SbEDDCbb"
"bECEEEES"
"bECESbEC"
"bECEbECS"
"bECbECES"
"bEDCbEES"
"bEDDCbbS"
"bEbECCES"
"bbECECES"
"EEEEEEEES"
"EEEEESbEC"
"EEEEEbECS"
"EEEEbECES"
"EEESbEDCb"
"EEEbECEES"
"EEEbEDCbS"
"EESbECbEC"
"EESbEbECC"
"EESbbECEC"
"EEbECEEES"
"EEbECSbEC"
"EEbECbECS"
"EEbEDCbES"
"EEbEbECCS"
"EEbbECECS"
"ESbEDDCbb"
"EbECEEEES"
"EbECESbEC"
"EbECEbECS"
"EbECbECES"
"EbEDCbEES"
"EbEDDCbbS"
"EbEbECCES"
"EbbECECES"
"SbECbEDCb"
"SbEDCbECb"
"SbEDCbbEC"
"SbEDbECCb"
"SbEbECDCb"
"SbEbEDCbC"
"SbbECEDCb"
"SbbEDCbEC"
"bECEEEEES"
"bECEESbEC"
"bECEEbECS"
"bECEbECES"
"bECSbEDCb"
"bECbECEES"
"bECbEDCbS"
"bEDCbECbS"
"bEDCbEEES"
"bEDCbSbEC"
"bEDCbbECS"
"bEDDCbbES"
"bEDbECCbS"
"bEbECCEES"
"bEbECDCbS"
"bEbEDCbCS"
"bbECECEES"
"bbECEDCbS"
"bbEDCbECS"
"EEEEEEEEES"
"EEEEEESbEC"
"EEEEEEbECS"
"EEEEEbECES"
"EEEESbEDCb"
"EEEEbECEES"
"EEEEbEDCbS"
"EEESbECbEC"
"EEESbEbECC"
"EEESbbECEC"
"EEEbECEEES"
"EEEbECSbEC"
"EEEbECbECS"
"EEEbEDCbES"
"EEEbEbECCS"
"EEEbbECECS"
"EESbEDDCbb"
"EEbECEEEES"
"EEbECESbEC"
"EEbECEbECS"
"EEbECbECES"
"EEbEDCbEES"
"EEbEDDCbbS"
"EEbEbECCES"
"EEbbECECES"
"ESbECbEDCb"
"ESbEDCbECb"
"ESbEDCbbEC"
"ESbEDbECCb"
"ESbEbECDCb"
"ESbEbEDCbC"
"ESbbECEDCb"
"ESbbEDCbEC"
"EbECEEEEES"
"EbECEESbEC"
"EbECEEbECS"
"EbECEbECES"
"EbECSbEDCb"
"EbECbECEES"
"EbECbEDCbS"
"EbEDCbECbS"
"EbEDCbEEES"
"EbEDCbSbEC"
"EbEDCbbECS"
"EbEDDCbbES"
"EbEDbECCbS"
"EbEbECCEES"
"EbEbECDCbS"
"EbEbEDCbCS"
"EbbECECEES"
"EbbECEDCbS"
"EbbEDCbECS"
"SbECbECbEC"
"SbECbEbECC"
"SbECbbECEC"
"SbEDDDCbbb"
"SbEbECCbEC"
"SbEbECbECC"
"SbEbEbECCC"
"SbEbbECECC"
"SbbECECbEC"
"SbbECEbECC"
"SbbECbECEC"
"SbbEbECCEC"
"SbbbECECEC"
"bECEEEEEES"
"bECEEESbEC"
"bECEEEbECS"
"bECEEbECES"
"bECESbEDCb"
"bECEbECEES"
"bECEbEDCbS"
"bECSbECbEC"
"bECSbEbECC"
"bECSbbECEC"
"bECbECEEES"
"bECbECSbEC"
"bECbECbECS"
"bECbEDCbES"
"bECbEbECCS"
"bECbbECECS"
"bEDCbECbES"
"bEDCbEEEES"
"bEDCbESbEC"
"bEDCbEbECS"
"bEDCbbECES"
"bEDDCbbEES"
"bEDDDCbbbS"
"bEDbECCbES"
"bEbECCEEES"
"bEbECCSbEC"
"bEbECCbECS"
"bEbECDCbES"
"bEbECbECCS"
"bEbEDCbCES"
"bEbEbECCCS"
"bEbbECECCS"
"bbECECEEES"
"bbECECSbEC"
"bbECECbECS"
"bbECEDCbES"
"bbECEbECCS"
"bbECbECECS"
"bbEDCbECES"
"bbEbECCECS"
"bbbECECECS"
END
