""
"S"
"ab"
"Dab"
"EBF"
"EEa"
"DDab"
"DEEa"
"EEDa"
"DDDab"
"DDEEa"
"DEEDa"
"EEDDa"
"DDDDab"
"DDDEEa"
"DDEEDa"
"DEEDDa"
"EEDDDa"
"DDDDDab"
"DDDDEEa"
"DDDEEDa"
"DDEEDDa"
"DEEDDDa"
"EEDDDDa"
"DDDDDDab"
"DDDDDEEa"
"DDDDEEDa"
"DDDEEDDa"
"DDEEDDDa"
"DEEDDDDa"
"EEDDDDDa"
"DDDDDDDab"
"DDDDDDEEa"
"DDDDDEEDa"
"DDDDEEDDa"
"DDDEEDDDa"
"DDEEDDDDa"
"DEEDDDDDa"
"EEDDDDDDa"
"DDDDDDDDab"
"DDDDDDDEEa"
"DDDDDDEEDa"
"DDDDDEEDDa"
"DDDDEEDDDa"
"DDDEEDDDDa"
"DDEEDDDDDa"
"DEEDDDDDDa"
"EEDDDDDDDa"
END
