"S"
"SC"
"SCC"
"SFb"
"SCCC"
"SCFb"
"SFbC"
"SCCCC"
"SCCFb"
"SCFbC"
"SFbCC"
"SFbFb"
"SCCCCC"
"SCCCFb"
"SCCFbC"
"SCFbCC"
"SCFbFb"
"SFbCCC"
"SFbCFb"
"SFbFbC"
"SCCCCCC"
"SCCCCFb"
"SCCCFbC"
"SCCFbCC"
"SCCFbFb"
"SCFbCCC"
"SCFbCFb"
"SCFbFbC"
"SFbCCCC"
"SFbCCFb"
"SFbCFbC"
"SFbFbCC"
"SFbFbFb"
"SCCCCCCC"
"SCCCCCFb"
"SCCCCFbC"
"SCCCFbCC"
"SCCCFbFb"
"SCCFbCCC"
"SCCFbCFb"
"SCCFbFbC"
"SCFbCCCC"
"SCFbCCFb"
"SCFbCFbC"
"SCFbFbCC"
"SCFbFbFb"
"SFbCCCCC"
"SFbCCCFb"
"SFbCCFbC"
"SFbCFbCC"
"SFbCFbFb"
"SFbFbCCC"
"SFbFbCFb"
"SFbFbFbC"
"SCCCCCCCC"
"SCCCCCCFb"
"SCCCCCFbC"
"SCCCCFbCC"
"SCCCCFbFb"
"SCCCFbCCC"
"SCCCFbCFb"
"SCCCFbFbC"
"SCCFbCCCC"
"SCCFbCCFb"
"SCCFbCFbC"
"SCCFbFbCC"
"SCCFbFbFb"
"SCFbCCCCC"
"SCFbCCCFb"
"SCFbCCFbC"
"SCFbCFbCC"
"SCFbCFbFb"
"SCFbFbCCC"
"SCFbFbCFb"
"SCFbFbFbC"
"SFbCCCCCC"
"SFbCCCCFb"
"SFbCCCFbC"
"SFbCCFbCC"
"SFbCCFbFb"
"SFbCFbCCC"
"SFbCFbCFb"
"SFbCFbFbC"
"SFbFbCCCC"
"SFbFbCCFb"
"SFbFbCFbC"
"SFbFbFbCC"
"SFbFbFbFb"
"SCCCCCCCCC"
"SCCCCCCCFb"
"SCCCCCCFbC"
"SCCCCCFbCC"
"SCCCCCFbFb"
"SCCCCFbCCC"
"SCCCCFbCFb"
"SCCCCFbFbC"
"SCCCFbCCCC"
"SCCCFbCCFb"
"SCCCFbCFbC"
"SCCCFbFbCC"
"SCCCFbFbFb"
"SCCFbCCCCC"
"SCCFbCCCFb"
"SCCFbCCFbC"
"SCCFbCFbCC"
"SCCFbCFbFb"
"SCCFbFbCCC"
"SCCFbFbCFb"
"SCCFbFbFbC"
"SCFbCCCCCC"
"SCFbCCCCFb"
"SCFbCCCFbC"
"SCFbCCFbCC"
"SCFbCCFbFb"
"SCFbCFbCCC"
"SCFbCFbCFb"
"SCFbCFbFbC"
"SCFbFbCCCC"
"SCFbFbCCFb"
"SCFbFbCFbC"
"SCFbFbFbCC"
"SCFbFbFbFb"
"SFbCCCCCCC"
"SFbCCCCCFb"
"SFbCCCCFbC"
"SFbCCCFbCC"
"SFbCCCFbFb"
"SFbCCFbCCC"
"SFbCCFbCFb"
"SFbCCFbFbC"
"SFbCFbCCCC"
"SFbCFbCCFb"
"SFbCFbCFbC"
"SFbCFbFbCC"
"SFbCFbFbFb"
"SFbFbCCCCC"
"SFbFbCCCFb"
"SFbFbCCFbC"
"SFbFbCFbCC"
"SFbFbCFbFb"
"SFbFbFbCCC"
"SFbFbFbCFb"
"SFbFbFbFbC"
END
