""
"S"
"AaS"
"SAa"
"AAaaS"
"AaAaS"
"AaSAa"
"FFaaS"
"SAAaa"
"SAaAa"
"SFFaa"
"AAAaaaS"
"AAaAaaS"
"AAaaAaS"
"AAaaSAa"
"AFFaaaS"
"AaAAaaS"
"AaAaAaS"
"AaAaSAa"
"AaFFaaS"
"AaSAAaa"
"AaSAaAa"
"AaSFFaa"
"FAaFaaS"
"FFAaaaS"
"FFaAaaS"
"FFaaAaS"
"FFaaSAa"
"SAAAaaa"
"SAAaAaa"
"SAAaaAa"
"SAFFaaa"
"SAaAAaa"
"SAaAaAa"
"SAaFFaa"
"SFAaFaa"
"SFFAaaa"
"SFFaAaa"
"SFFaaAa"
"AAAAaaaaS"
"AAAaAaaaS"
"AAAaaAaaS"
"AAAaaaAaS"
"AAAaaaSAa"
"AAFFaaaaS"
"AAaAAaaaS"
"AAaAaAaaS"
"AAaAaaAaS"
"AAaAaaSAa"
"AAaFFaaaS"
"AAaaAAaaS"
"AAaaAaAaS"
"AAaaAaSAa"
"AAaaFFaaS"
"AAaaSAAaa"
"AAaaSAaAa"
"AAaaSFFaa"
"AFAaFaaaS"
"AFFAaaaaS"
"AFFaAaaaS"
"AFFaaAaaS"
"AFFaaaAaS"
"AFFaaaSAa"
"AaAAAaaaS"
"AaAAaAaaS"
"AaAAaaAaS"
"AaAAaaSAa"
"AaAFFaaaS"
"AaAaAAaaS"
"AaAaAaAaS"
"AaAaAaSAa"
"AaAaFFaaS"
"AaAaSAAaa"
"AaAaSAaAa"
"AaAaSFFaa"
"AaFAaFaaS"
"AaFFAaaaS"
"AaFFaAaaS"
"AaFFaaAaS"
"AaFFaaSAa"
"AaSAAAaaa"
"AaSAAaAaa"
"AaSAAaaAa"
"AaSAFFaaa"
"AaSAaAAaa"
"AaSAaAaAa"
"AaSAaFFaa"
"AaSFAaFaa"
"AaSFFAaaa"
"AaSFFaAaa"
"AaSFFaaAa"
"FAAaaFaaS"
"FAaAaFaaS"
"FAaFAaaaS"
"FAaFaAaaS"
"FAaFaaAaS"
"FAaFaaSAa"
"FFAAaaaaS"
"FFAaAaaaS"
"FFAaaAaaS"
"FFAaaaAaS"
"FFAaaaSAa"
"FFFFaaaaS"
"FFFaaFaaS"
"FFaAAaaaS"
"FFaAaAaaS"
"FFaAaaAaS"
"FFaAaaSAa"
"FFaFFaaaS"
"FFaaAAaaS"
"FFaaAaAaS"
"FFaaAaSAa"
"FFaaFFaaS"
"FFaaSAAaa"
"FFaaSAaAa"
"FFaaSFFaa"
"SAAAAaaaa"
"SAAAaAaaa"
"SAAAaaAaa"
"SAAAaaaAa"
"SAAFFaaaa"
"SAAaAAaaa"
"SAAaAaAaa"
"SAAaAaaAa"
"SAAaFFaaa"
"SAAaaAAaa"
"SAAaaAaAa"
"SAAaaFFaa"
"SAFAaFaaa"
"SAFFAaaaa"
"SAFFaAaaa"
"SAFFaaAaa"
"SAFFaaaAa"
"SAaAAAaaa"
"SAaAAaAaa"
"SAaAAaaAa"
"SAaAFFaaa"
"SAaAaAAaa"
"SAaAaAaAa"
"SAaAaFFaa"
"SAaFAaFaa"
"SAaFFAaaa"
"SAaFFaAaa"
"SAaFFaaAa"
"SFAAaaFaa"
"SFAaAaFaa"
"SFAaFAaaa"
"SFAaFaAaa"
"SFAaFaaAa"
"SFFAAaaaa"
"SFFAaAaaa"
"SFFAaaAaa"
"SFFAaaaAa"
"SFFFFaaaa"
"SFFFaaFaa"
"SFFaAAaaa"
"SFFaAaAaa"
"SFFaAaaAa"
"SFFaFFaaa"
"SFFaaAAaa"
"SFFaaAaAa"
"SFFaaFFaa"
END
