"S"
"SbcC"
"bcCS"
"SbbcCcC"
"SbcCbcC"
"SbcbcCC"
"bbcCcCS"
"bcCSbcC"
"bcCbcCS"
"bcbcCCS"
"SbbbcCcCcC"
"SbbcCbcCcC"
"SbbcCcCbcC"
"SbbcCcbcCC"
"SbbcbcCCcC"
"SbcCbbcCcC"
"SbcCbcCbcC"
"SbcCbcbcCC"
"SbcbbcCcCC"
"SbcbcCCbcC"
"SbcbcCbcCC"
"SbcbcbcCCC"
"bbbcCcCcCS"
"bbcCbcCcCS"
"bbcCcCSbcC"
"bbcCcCbcCS"
"bbcCcbcCCS"
"bbcbcCCcCS"
"bcCSbbcCcC"
"bcCSbcCbcC"
"bcCSbcbcCC"
"bcCbbcCcCS"
"bcCbcCSbcC"
"bcCbcCbcCS"
"bcCbcbcCCS"
"bcbbcCcCCS"
"bcbcCCSbcC"
"bcbcCCbcCS"
"bcbcCbcCCS"
"bcbcbcCCCS"
END
