"S"
"EAS"
"SEA"
"EAEAS"
"EASEA"
"EEAAS"
"SEAEA"
"SEEAA"
"EAEAEAS"
"EAEASEA"
"EAEEAAS"
"EASEAEA"
"EASEEAA"
"EEAAEAS"
"EEAASEA"
"EEAEAAS"
"EEEAAAS"
"SEAEAEA"
"SEAEEAA"
"SEEAAEA"
"SEEAEAA"
"SEEEAAA"
"EAEAEAEAS"
"EAEAEASEA"
"EAEAEEAAS"
"EAEASEAEA"
"EAEASEEAA"
"EAEEAAEAS"
"EAEEAASEA"
"EAEEAEAAS"
"EAEEEAAAS"
"EASEAEAEA"
"EASEAEEAA"
"EASEEAAEA"
"EASEEAEAA"
"EASEEEAAA"
"EEAAEAEAS"
"EEAAEASEA"
"EEAAEEAAS"
"EEAASEAEA"
"EEAASEEAA"
"EEAEAAEAS"
"EEAEAASEA"
"EEAEAEAAS"
"EEAEEAAAS"
"EEEAAAEAS"
"EEEAAASEA"
"EEEAAEAAS"
"EEEAEAAAS"
"EEEEAAAAS"
"SEAEAEAEA"
"SEAEAEEAA"
"SEAEEAAEA"
"SEAEEAEAA"
"SEAEEEAAA"
"SEEAAEAEA"
"SEEAAEEAA"
"SEEAEAAEA"
"SEEAEAEAA"
"SEEAEEAAA"
"SEEEAAAEA"
"SEEEAAEAA"
"SEEEAEAAA"
"SEEEEAAAA"
END
