"S"
"Sa"
"aS"
"Saa"
"aSa"
"aaS"
"Saaa"
"aSaa"
"aaSa"
"aaaS"
"Saaaa"
"aSaaa"
"aaSaa"
"aaaSa"
"aaaaS"
"Saaaaa"
"aSaaaa"
"aaSaaa"
"aaaSaa"
"aaaaSa"
"aaaaaS"
"Saaaaaa"
"aSaaaaa"
"aaSaaaa"
"aaaSaaa"
"aaaaSaa"
"aaaaaSa"
"aaaaaaS"
"Saaaaaaa"
"aSaaaaaa"
"aaSaaaaa"
"aaaSaaaa"
"aaaaSaaa"
"aaaaaSaa"
"aaaaaaSa"
"aaaaaaaS"
"Saaaaaaaa"
"aSaaaaaaa"
"aaSaaaaaa"
"aaaSaaaaa"
"aaaaSaaaa"
"aaaaaSaaa"
"aaaaaaSaa"
"aaaaaaaSa"
"aaaaaaaaS"
"Saaaaaaaaa"
"aSaaaaaaaa"
"aaSaaaaaaa"
"aaaSaaaaaa"
"aaaaSaaaaa"
"aaaaaSaaaa"
"aaaaaaSaaa"
"aaaaaaaSaa"
"aaaaaaaaSa"
"aaaaaaaaaS"
END
