"S"
"Ab"
"Saa"
"aaS"
"Aaab"
"Abaa"
"aaAb"
"Saaaa"
"aaSaa"
"aaaaS"
"Aaaaab"
"Aaabaa"
"Abaaaa"
"aaAaab"
"aaAbaa"
"aaaaAb"
"Saaaaaa"
"aaSaaaa"
"aaaaSaa"
"aaaaaaS"
"Aaaaaaab"
"Aaaaabaa"
"Aaabaaaa"
"Abaaaaaa"
"aaAaaaab"
"aaAaabaa"
"aaAbaaaa"
"aaaaAaab"
"aaaaAbaa"
"aaaaaaAb"
"Saaaaaaaa"
"aaSaaaaaa"
"aaaaSaaaa"
"aaaaaaSaa"
"aaaaaaaaS"
"Aaaaaaaaab"
"Aaaaaaabaa"
"Aaaaabaaaa"
"Aaabaaaaaa"
"Abaaaaaaaa"
"aaAaaaaaab"
"aaAaaaabaa"
"aaAaabaaaa"
"aaAbaaaaaa"
"aaaaAaaaab"
"aaaaAaabaa"
"aaaaAbaaaa"
"aaaaaaAaab"
"aaaaaaAbaa"
"aaaaaaaaAb"
END
