"S"
"bSAc"
"FFSAc"
"FbSSAc"
"FFFSSAc"
"bbSAcAc"
"AEcEFSAc"
"FAEcESAc"
"FFbSAcAc"
"FFbSSSAc"
"bFFSAcAc"
"AEcEbSSAc"
"FFFFSAcAc"
"FFFFSSSAc"
"FbSbSAcAc"
"FbbSAcSAc"
"bFbSSAcAc"
"AEcEFFSSAc"
"AEccAaFSAc"
"AcAacEFSAc"
"FAEcEFSSAc"
"FAEccAaSAc"
"FAcAacESAc"
"FFAEcESSAc"
"FFFSbSAcAc"
"FFFbSAcSAc"
"FFFbSSAcAc"
"FFFbSSSSAc"
"FbFFSAcSAc"
"FbSFFSAcAc"
"bFFFSSAcAc"
"bbbSAcAcAc"
END
