"S"
"SDAS"
"SSDA"
"EASSEAS"
"SDASDAS"
"SDASSDA"
"SDSDAAS"
"SEASSEA"
"SSDADAS"
"SSDASDA"
"SSDSDAA"
"SSSDADA"
"EASDASSEAS"
"EASSDASEAS"
"EASSEASDAS"
"EASSEASSDA"
"EASSESDAAS"
"EASSSDAEAS"
"ESDAASSEAS"
"SDAEASSEAS"
"SDASDASDAS"
"SDASDASSDA"
"SDASDSDAAS"
"SDASEASSEA"
"SDASSDADAS"
"SDASSDASDA"
"SDASSDSDAA"
"SDASSSDADA"
"SDEASSEAAS"
"SDSDAASDAS"
"SDSDAASSDA"
"SDSDASDAAS"
"SDSDSDAAAS"
"SDSSDADAAS"
"SEASDASSEA"
"SEASSDASEA"
"SEASSEADAS"
"SEASSEASDA"
"SEASSESDAA"
"SEASSSDAEA"
"SESDAASSEA"
"SSDADASDAS"
"SSDADASSDA"
"SSDADSDAAS"
"SSDAEASSEA"
"SSDASDADAS"
"SSDASDASDA"
"SSDASDSDAA"
"SSDASSDADA"
"SSDEASSEAA"
"SSDSDAADAS"
"SSDSDAASDA"
"SSDSDASDAA"
"SSDSDSDAAA"
"SSDSSDADAA"
"SSEASSEADA"
"SSSDADADAS"
"SSSDADASDA"
"SSSDADSDAA"
"SSSDASDADA"
"SSSDSDAADA"
"SSSSDADADA"
END
