"S"
"SaCE"
"aCES"
"SaCBBCc"
"SaCEaCE"
"SaCaCEE"
"SaaCECE"
"aCBBCcS"
"aCESaCE"
"aCEaCES"
"aCaCEES"
"aaCECES"
"SaCBBCaCEc"
"SaCBBCcaCE"
"SaCBBaCECc"
"SaCBEADSCc"
"SaCBaCEBCc"
"SaCEADSBCc"
"SaCEaCBBCc"
"SaCEaCEaCE"
"SaCEaCaCEE"
"SaCEaaCECE"
"SaCaCBBCcE"
"SaCaCEBBCc"
"SaCaCEEaCE"
"SaCaCEaCEE"
"SaCaCaCEEE"
"SaCaaCECEE"
"SaaCBBCcCE"
"SaaCECBBCc"
"SaaCECEaCE"
"SaaCECaCEE"
"SaaCEaCECE"
"SaaCaCEECE"
"SaaaCECECE"
"aCBBCaCEcS"
"aCBBCcSaCE"
"aCBBCcaCES"
"aCBBaCECcS"
"aCBEADSCcS"
"aCBaCEBCcS"
"aCEADSBCcS"
"aCESaCBBCc"
"aCESaCEaCE"
"aCESaCaCEE"
"aCESaaCECE"
"aCEaCBBCcS"
"aCEaCESaCE"
"aCEaCEaCES"
"aCEaCaCEES"
"aCEaaCECES"
"aCaCBBCcES"
"aCaCEBBCcS"
"aCaCEESaCE"
"aCaCEEaCES"
"aCaCEaCEES"
"aCaCaCEEES"
"aCaaCECEES"
"aaCBBCcCES"
"aaCECBBCcS"
"aaCECESaCE"
"aaCECEaCES"
"aaCECaCEES"
"aaCEaCECES"
"aaCaCEECES"
"aaaCECECES"
END
