"S"
"SF"
"SDE"
"SFF"
"SCDB"
"SDEF"
"SFDE"
"SFFF"
"SCDBF"
"SDEDE"
"SDEFF"
"SFCDB"
"SFDEF"
"SFFDE"
"SFFFF"
"SCDBDE"
"SCDBFF"
"SDECDB"
"SDEDEF"
"SDEFDE"
"SDEFFF"
"SFCDBF"
"SFDEDE"
"SFDEFF"
"SFFCDB"
"SFFDEF"
"SFFFDE"
"SFFFFF"
"SCDBCDB"
"SCDBDEF"
"SCDBFDE"
"SCDBFFF"
"SCDbEBS"
"SDECDBF"
"SDEDEDE"
"SDEDEFF"
"SDEFCDB"
"SDEFDEF"
"SDEFFDE"
"SDEFFFF"
"SFCDBDE"
"SFCDBFF"
"SFDECDB"
"SFDEDEF"
"SFDEFDE"
"SFDEFFF"
"SFFCDBF"
"SFFDEDE"
"SFFDEFF"
"SFFFCDB"
"SFFFDEF"
"SFFFFDE"
"SFFFFFF"
"SCDBCDBF"
"SCDBDEDE"
"SCDBDEFF"
"SCDBFCDB"
"SCDBFDEF"
"SCDBFFDE"
"SCDBFFFF"
"SCDbEBSF"
"SDECDBDE"
"SDECDBFF"
"SDEDECDB"
"SDEDEDEF"
"SDEDEFDE"
"SDEDEFFF"
"SDEFCDBF"
"SDEFDEDE"
"SDEFDEFF"
"SDEFFCDB"
"SDEFFDEF"
"SDEFFFDE"
"SDEFFFFF"
"SFCDBCDB"
"SFCDBDEF"
"SFCDBFDE"
"SFCDBFFF"
"SFCDbEBS"
"SFDECDBF"
"SFDEDEDE"
"SFDEDEFF"
"SFDEFCDB"
"SFDEFDEF"
"SFDEFFDE"
"SFDEFFFF"
"SFFCDBDE"
"SFFCDBFF"
"SFFDECDB"
"SFFDEDEF"
"SFFDEFDE"
"SFFDEFFF"
"SFFFCDBF"
"SFFFDEDE"
"SFFFDEFF"
"SFFFFCDB"
"SFFFFDEF"
"SFFFFFDE"
"SFFFFFFF"
"SCDBCDBDE"
"SCDBCDBFF"
"SCDBDECDB"
"SCDBDEDEF"
"SCDBDEFDE"
"SCDBDEFFF"
"SCDBFCDBF"
"SCDBFDEDE"
"SCDBFDEFF"
"SCDBFFCDB"
"SCDBFFDEF"
"SCDBFFFDE"
"SCDBFFFFF"
"SCDbEBSDE"
"SCDbEBSFF"
"SDECDBCDB"
"SDECDBDEF"
"SDECDBFDE"
"SDECDBFFF"
"SDECDbEBS"
"SDEDECDBF"
"SDEDEDEDE"
"SDEDEDEFF"
"SDEDEFCDB"
"SDEDEFDEF"
"SDEDEFFDE"
"SDEDEFFFF"
"SDEFCDBDE"
"SDEFCDBFF"
"SDEFDECDB"
"SDEFDEDEF"
"SDEFDEFDE"
"SDEFDEFFF"
"SDEFFCDBF"
"SDEFFDEDE"
"SDEFFDEFF"
"SDEFFFCDB"
"SDEFFFDEF"
"SDEFFFFDE"
"SDEFFFFFF"
"SFCDBCDBF"
"SFCDBDEDE"
"SFCDBDEFF"
"SFCDBFCDB"
"SFCDBFDEF"
"SFCDBFFDE"
"SFCDBFFFF"
"SFCDbEBSF"
"SFDECDBDE"
"SFDECDBFF"
"SFDEDECDB"
"SFDEDEDEF"
"SFDEDEFDE"
"SFDEDEFFF"
"SFDEFCDBF"
"SFDEFDEDE"
"SFDEFDEFF"
"SFDEFFCDB"
"SFDEFFDEF"
"SFDEFFFDE"
"SFDEFFFFF"
"SFFCDBCDB"
"SFFCDBDEF"
"SFFCDBFDE"
"SFFCDBFFF"
"SFFCDbEBS"
"SFFDECDBF"
"SFFDEDEDE"
"SFFDEDEFF"
"SFFDEFCDB"
"SFFDEFDEF"
"SFFDEFFDE"
"SFFDEFFFF"
"SFFFCDBDE"
"SFFFCDBFF"
"SFFFDECDB"
"SFFFDEDEF"
"SFFFDEFDE"
"SFFFDEFFF"
"SFFFFCDBF"
"SFFFFDEDE"
"SFFFFDEFF"
"SFFFFFCDB"
"SFFFFFDEF"
"SFFFFFFDE"
"SFFFFFFFF"
"SCDBCDBCDB"
"SCDBCDBDEF"
"SCDBCDBFDE"
"SCDBCDBFFF"
"SCDBCDbEBS"
"SCDBDECDBF"
"SCDBDEDEDE"
"SCDBDEDEFF"
"SCDBDEFCDB"
"SCDBDEFDEF"
"SCDBDEFFDE"
"SCDBDEFFFF"
"SCDBFCDBDE"
"SCDBFCDBFF"
"SCDBFDECDB"
"SCDBFDEDEF"
"SCDBFDEFDE"
"SCDBFDEFFF"
"SCDBFFCDBF"
"SCDBFFDEDE"
"SCDBFFDEFF"
"SCDBFFFCDB"
"SCDBFFFDEF"
"SCDBFFFFDE"
"SCDBFFFFFF"
"SCDbEBSCDB"
"SCDbEBSDEF"
"SCDbEBSFDE"
"SCDbEBSFFF"
"SCDbEbEBSS"
"SDECDBCDBF"
"SDECDBDEDE"
"SDECDBDEFF"
"SDECDBFCDB"
"SDECDBFDEF"
"SDECDBFFDE"
"SDECDBFFFF"
"SDECDbEBSF"
"SDEDECDBDE"
"SDEDECDBFF"
"SDEDEDECDB"
"SDEDEDEDEF"
"SDEDEDEFDE"
"SDEDEDEFFF"
"SDEDEFCDBF"
"SDEDEFDEDE"
"SDEDEFDEFF"
"SDEDEFFCDB"
"SDEDEFFDEF"
"SDEDEFFFDE"
"SDEDEFFFFF"
"SDEFCDBCDB"
"SDEFCDBDEF"
"SDEFCDBFDE"
"SDEFCDBFFF"
"SDEFCDbEBS"
"SDEFDECDBF"
"SDEFDEDEDE"
"SDEFDEDEFF"
"SDEFDEFCDB"
"SDEFDEFDEF"
"SDEFDEFFDE"
"SDEFDEFFFF"
"SDEFFCDBDE"
"SDEFFCDBFF"
"SDEFFDECDB"
"SDEFFDEDEF"
"SDEFFDEFDE"
"SDEFFDEFFF"
"SDEFFFCDBF"
"SDEFFFDEDE"
"SDEFFFDEFF"
"SDEFFFFCDB"
"SDEFFFFDEF"
"SDEFFFFFDE"
"SDEFFFFFFF"
"SFCDBCDBDE"
"SFCDBCDBFF"
"SFCDBDECDB"
"SFCDBDEDEF"
"SFCDBDEFDE"
"SFCDBDEFFF"
"SFCDBFCDBF"
"SFCDBFDEDE"
"SFCDBFDEFF"
"SFCDBFFCDB"
"SFCDBFFDEF"
"SFCDBFFFDE"
"SFCDBFFFFF"
"SFCDbEBSDE"
"SFCDbEBSFF"
"SFDECDBCDB"
"SFDECDBDEF"
"SFDECDBFDE"
"SFDECDBFFF"
"SFDECDbEBS"
"SFDEDECDBF"
"SFDEDEDEDE"
"SFDEDEDEFF"
"SFDEDEFCDB"
"SFDEDEFDEF"
"SFDEDEFFDE"
"SFDEDEFFFF"
"SFDEFCDBDE"
"SFDEFCDBFF"
"SFDEFDECDB"
"SFDEFDEDEF"
"SFDEFDEFDE"
"SFDEFDEFFF"
"SFDEFFCDBF"
"SFDEFFDEDE"
"SFDEFFDEFF"
"SFDEFFFCDB"
"SFDEFFFDEF"
"SFDEFFFFDE"
"SFDEFFFFFF"
"SFFCDBCDBF"
"SFFCDBDEDE"
"SFFCDBDEFF"
"SFFCDBFCDB"
"SFFCDBFDEF"
"SFFCDBFFDE"
"SFFCDBFFFF"
"SFFCDbEBSF"
"SFFDECDBDE"
"SFFDECDBFF"
"SFFDEDECDB"
"SFFDEDEDEF"
"SFFDEDEFDE"
"SFFDEDEFFF"
"SFFDEFCDBF"
"SFFDEFDEDE"
"SFFDEFDEFF"
"SFFDEFFCDB"
"SFFDEFFDEF"
"SFFDEFFFDE"
"SFFDEFFFFF"
"SFFFCDBCDB"
"SFFFCDBDEF"
"SFFFCDBFDE"
"SFFFCDBFFF"
"SFFFCDbEBS"
"SFFFDECDBF"
"SFFFDEDEDE"
"SFFFDEDEFF"
"SFFFDEFCDB"
"SFFFDEFDEF"
"SFFFDEFFDE"
"SFFFDEFFFF"
"SFFFFCDBDE"
"SFFFFCDBFF"
"SFFFFDECDB"
"SFFFFDEDEF"
"SFFFFDEFDE"
"SFFFFDEFFF"
"SFFFFFCDBF"
"SFFFFFDEDE"
"SFFFFFDEFF"
"SFFFFFFCDB"
"SFFFFFFDEF"
"SFFFFFFFDE"
"SFFFFFFFFF"
END
