"S"
"FDBS"
"SFDB"
"FDBFDBS"
"FDBSFDB"
"FDFDBBS"
"FFDBDBS"
"SFDBFDB"
"SFDFDBB"
"SFFDBDB"
"FDBFDBFDBS"
"FDBFDBSFDB"
"FDBFDFDBBS"
"FDBFFDBDBS"
"FDBSFDBFDB"
"FDBSFDFDBB"
"FDBSFFDBDB"
"FDFDBBFDBS"
"FDFDBBSFDB"
"FDFDBFDBBS"
"FDFDFDBBBS"
"FDFFDBDBBS"
"FFDBDBFDBS"
"FFDBDBSFDB"
"FFDBDFDBBS"
"FFDBFDBDBS"
"FFDFDBBDBS"
"FFFDBDBDBS"
"SFDBFDBFDB"
"SFDBFDFDBB"
"SFDBFFDBDB"
"SFDFDBBFDB"
"SFDFDBFDBB"
"SFDFDFDBBB"
"SFDFFDBDBB"
"SFFDBDBFDB"
"SFFDBDFDBB"
"SFFDBFDBDB"
"SFFDFDBBDB"
"SFFFDBDBDB"
END
