"S"
"SaSE"
"aSES"
"ASSaSES"
"SASSaSE"
"SaSEaSE"
"SaSaSEE"
"SaaSESE"
"aSESaSE"
"aSEaSES"
"aSaSEES"
"aaSESES"
"ASSASSaSES"
"ASSaSESaSE"
"ASSaSEaSES"
"ASSaSaSEES"
"ASSaaSESES"
"ASaSESaSES"
"AaSESSaSES"
"SASSASSaSE"
"SASSaSEaSE"
"SASSaSaSEE"
"SASSaaSESE"
"SASaSESaSE"
"SAaSESSaSE"
"SaASSaSESE"
"SaSASSaSEE"
"SaSEASSaSE"
"SaSEaSEaSE"
"SaSEaSaSEE"
"SaSEaaSESE"
"SaSaSEEaSE"
"SaSaSEaSEE"
"SaSaSaSEEE"
"SaSaaSESEE"
"SaaSESEaSE"
"SaaSESaSEE"
"SaaSEaSESE"
"SaaSaSEESE"
"SaaaSESESE"
"aASSaSESES"
"aSASSaSEES"
"aSEASSaSES"
"aSESASSaSE"
"aSESaSEaSE"
"aSESaSaSEE"
"aSESaaSESE"
"aSEaSESaSE"
"aSEaSEaSES"
"aSEaSaSEES"
"aSEaaSESES"
"aSaSEESaSE"
"aSaSEEaSES"
"aSaSEaSEES"
"aSaSaSEEES"
"aSaaSESEES"
"aaSESESaSE"
"aaSESEaSES"
"aaSESaSEES"
"aaSEaSESES"
"aaSaSEESES"
"aaaSESESES"
END
