"S"
"AS"
"SA"
"AAS"
"ASA"
"SAA"
"AAAS"
"AASA"
"ASAA"
"DcAc"
"SAAA"
"AAAAS"
"AAASA"
"AASAA"
"ADcAc"
"ASAAA"
"DAcAc"
"DcAAc"
"DcAcA"
"SAAAA"
"AAAAAS"
"AAAASA"
"AAASAA"
"AADcAc"
"AASAAA"
"ADAcAc"
"ADcAAc"
"ADcAcA"
"ASAAAA"
"DAAcAc"
"DAcAAc"
"DAcAcA"
"DcAAAc"
"DcAAcA"
"DcAcAA"
"SAAAAA"
"AAAAAAS"
"AAAAASA"
"AAAASAA"
"AAADcAc"
"AAASAAA"
"AADAcAc"
"AADcAAc"
"AADcAcA"
"AASAAAA"
"ADAAcAc"
"ADAcAAc"
"ADAcAcA"
"ADcAAAc"
"ADcAAcA"
"ADcAcAA"
"ASAAAAA"
"DAAAcAc"
"DAAcAAc"
"DAAcAcA"
"DAcAAAc"
"DAcAAcA"
"DAcAcAA"
"DcAAAAc"
"DcAAAcA"
"DcAAcAA"
"DcAcAAA"
"SAAAAAA"
"AAAAAAAS"
"AAAAAASA"
"AAAAASAA"
"AAAADcAc"
"AAAASAAA"
"AAADAcAc"
"AAADcAAc"
"AAADcAcA"
"AAASAAAA"
"AADAAcAc"
"AADAcAAc"
"AADAcAcA"
"AADcAAAc"
"AADcAAcA"
"AADcAcAA"
"AASAAAAA"
"ADAAAcAc"
"ADAAcAAc"
"ADAAcAcA"
"ADAcAAAc"
"ADAcAAcA"
"ADAcAcAA"
"ADcAAAAc"
"ADcAAAcA"
"ADcAAcAA"
"ADcAcAAA"
"ASAAAAAA"
"DAAAAcAc"
"DAAAcAAc"
"DAAAcAcA"
"DAAcAAAc"
"DAAcAAcA"
"DAAcAcAA"
"DAcAAAAc"
"DAcAAAcA"
"DAcAAcAA"
"DAcAcAAA"
"DcAAAAAc"
"DcAAAAcA"
"DcAAAcAA"
"DcAAcAAA"
"DcAcAAAA"
"SAAAAAAA"
"AAAAAAAAS"
"AAAAAAASA"
"AAAAAASAA"
"AAAAADcAc"
"AAAAASAAA"
"AAAADAcAc"
"AAAADcAAc"
"AAAADcAcA"
"AAAASAAAA"
"AAADAAcAc"
"AAADAcAAc"
"AAADAcAcA"
"AAADcAAAc"
"AAADcAAcA"
"AAADcAcAA"
"AAASAAAAA"
"AADAAAcAc"
"AADAAcAAc"
"AADAAcAcA"
"AADAcAAAc"
"AADAcAAcA"
"AADAcAcAA"
"AADcAAAAc"
"AADcAAAcA"
"AADcAAcAA"
"AADcAcAAA"
"AASAAAAAA"
"ADAAAAcAc"
"ADAAAcAAc"
"ADAAAcAcA"
"ADAAcAAAc"
"ADAAcAAcA"
"ADAAcAcAA"
"ADAcAAAAc"
"ADAcAAAcA"
"ADAcAAcAA"
"ADAcAcAAA"
"ADcAAAAAc"
"ADcAAAAcA"
"ADcAAAcAA"
"ADcAAcAAA"
"ADcAcAAAA"
"ASAAAAAAA"
"DAAAAAcAc"
"DAAAAcAAc"
"DAAAAcAcA"
"DAAAcAAAc"
"DAAAcAAcA"
"DAAAcAcAA"
"DAAcAAAAc"
"DAAcAAAcA"
"DAAcAAcAA"
"DAAcAcAAA"
"DAcAAAAAc"
"DAcAAAAcA"
"DAcAAAcAA"
"DAcAAcAAA"
"DAcAcAAAA"
"DcAAAAAAc"
"DcAAAAAcA"
"DcAAAAcAA"
"DcAAAcAAA"
"DcAAcAAAA"
"DcAcAAAAA"
"SAAAAAAAA"
"AAAAAAAAAS"
"AAAAAAAASA"
"AAAAAAASAA"
"AAAAAADcAc"
"AAAAAASAAA"
"AAAAADAcAc"
"AAAAADcAAc"
"AAAAADcAcA"
"AAAAASAAAA"
"AAAADAAcAc"
"AAAADAcAAc"
"AAAADAcAcA"
"AAAADcAAAc"
"AAAADcAAcA"
"AAAADcAcAA"
"AAAASAAAAA"
"AAADAAAcAc"
"AAADAAcAAc"
"AAADAAcAcA"
"AAADAcAAAc"
"AAADAcAAcA"
"AAADAcAcAA"
"AAADcAAAAc"
"AAADcAAAcA"
"AAADcAAcAA"
"AAADcAcAAA"
"AAASAAAAAA"
"AADAAAAcAc"
"AADAAAcAAc"
"AADAAAcAcA"
"AADAAcAAAc"
"AADAAcAAcA"
"AADAAcAcAA"
"AADAcAAAAc"
"AADAcAAAcA"
"AADAcAAcAA"
"AADAcAcAAA"
"AADcAAAAAc"
"AADcAAAAcA"
"AADcAAAcAA"
"AADcAAcAAA"
"AADcAcAAAA"
"AASAAAAAAA"
"ADAAAAAcAc"
"ADAAAAcAAc"
"ADAAAAcAcA"
"ADAAAcAAAc"
"ADAAAcAAcA"
"ADAAAcAcAA"
"ADAAcAAAAc"
"ADAAcAAAcA"
"ADAAcAAcAA"
"ADAAcAcAAA"
"ADAcAAAAAc"
"ADAcAAAAcA"
"ADAcAAAcAA"
"ADAcAAcAAA"
"ADAcAcAAAA"
"ADcAAAAAAc"
"ADcAAAAAcA"
"ADcAAAAcAA"
"ADcAAAcAAA"
"ADcAAcAAAA"
"ADcAcAAAAA"
"ASAAAAAAAA"
"DAAAAAAcAc"
"DAAAAAcAAc"
"DAAAAAcAcA"
"DAAAAcAAAc"
"DAAAAcAAcA"
"DAAAAcAcAA"
"DAAAcAAAAc"
"DAAAcAAAcA"
"DAAAcAAcAA"
"DAAAcAcAAA"
"DAAcAAAAAc"
"DAAcAAAAcA"
"DAAcAAAcAA"
"DAAcAAcAAA"
"DAAcAcAAAA"
"DAcAAAAAAc"
"DAcAAAAAcA"
"DAcAAAAcAA"
"DAcAAAcAAA"
"DAcAAcAAAA"
"DAcAcAAAAA"
"DcAAAAAAAc"
"DcAAAAAAcA"
"DcAAAAAcAA"
"DcAAAAcAAA"
"DcAAAcAAAA"
"DcAAcAAAAA"
"DcAcAAAAAA"
"SAAAAAAAAA"
END
