"S"
"BS"
"SB"
"BBS"
"BSB"
"SBB"
"BBBS"
"BBSB"
"BSBB"
"SBBB"
"BBBBS"
"BBBSB"
"BBSBB"
"BSBBB"
"SBBBB"
"BBBBBS"
"BBBBSB"
"BBBSBB"
"BBSBBB"
"BSBBBB"
"SBBBBB"
"BBBBBBS"
"BBBBBSB"
"BBBBSBB"
"BBBSBBB"
"BBSBBBB"
"BSBBBBB"
"SBBBBBB"
"BBBBBBBS"
"BBBBBBSB"
"BBBBBSBB"
"BBBBSBBB"
"BBBSBBBB"
"BBSBBBBB"
"BSBBBBBB"
"SBBBBBBB"
"BBBBBBBBS"
"BBBBBBBSB"
"BBBBBBSBB"
"BBBBBSBBB"
"BBBBSBBBB"
"BBBSBBBBB"
"BBSBBBBBB"
"BSBBBBBBB"
"SBBBBBBBB"
"BBBBBBBBBS"
"BBBBBBBBSB"
"BBBBBBBSBB"
"BBBBBBSBBB"
"BBBBBSBBBB"
"BBBBSBBBBB"
"BBBSBBBBBB"
"BBSBBBBBBB"
"BSBBBBBBBB"
"SBBBBBBBBB"
END
