"S"
"ASBS"
"SASB"
"AASBSBS"
"ASASBBS"
"ASBASBS"
"ASBSASB"
"SAASBSB"
"SASASBB"
"SASBASB"
"AAASBSBSBS"
"AASASBBSBS"
"AASBASBSBS"
"AASBSASBBS"
"AASBSBASBS"
"AASBSBSASB"
"ASAASBSBBS"
"ASASASBBBS"
"ASASBASBBS"
"ASASBBASBS"
"ASASBBSASB"
"ASBAASBSBS"
"ASBASASBBS"
"ASBASBASBS"
"ASBASBSASB"
"ASBSAASBSB"
"ASBSASASBB"
"ASBSASBASB"
"SAAASBSBSB"
"SAASASBBSB"
"SAASBASBSB"
"SAASBSASBB"
"SAASBSBASB"
"SASAASBSBB"
"SASASASBBB"
"SASASBASBB"
"SASASBBASB"
"SASBAASBSB"
"SASBASASBB"
"SASBASBASB"
END
