"S"
"AScS"
"AaCS"
"ESAacS"
"AAScScS"
"AAaCScS"
"AScAScS"
"AScAaCS"
"AaCAScS"
"AaCAaCS"
"cECaScS"
"cECaaCS"
"AESAacScS"
"AScESAacS"
"AaCESAacS"
"EAScSAacS"
"EAaCSAacS"
"EDcbCBacS"
"ESAacAScS"
"ESAacAaCS"
"EScECaacS"
"AAAScScScS"
"AAAaCScScS"
"AAScAScScS"
"AAScAaCScS"
"AAScScAScS"
"AAScScAaCS"
"AAaCAScScS"
"AAaCAaCScS"
"AAaCScAScS"
"AAaCScAaCS"
"AScAAScScS"
"AScAAaCScS"
"AScAScAScS"
"AScAScAaCS"
"AScAaCAScS"
"AScAaCAaCS"
"ASccECaScS"
"ASccECaaCS"
"AaCAAScScS"
"AaCAAaCScS"
"AaCAScAScS"
"AaCAScAaCS"
"AaCAaCAScS"
"AaCAaCAaCS"
"AaCcECaScS"
"AaCcECaaCS"
"AcECaScScS"
"AcECaaCScS"
"cECaAScScS"
"cECaAaCScS"
"cECaScAScS"
"cECaScAaCS"
"cECaaCAScS"
"cECaaCAaCS"
END
