"S"
"FSS"
"SFS"
"FFSSS"
"FSFSS"
"FSSFS"
"SFFSS"
"SFSFS"
"FFFSSSS"
"FFSFSSS"
"FFSSFSS"
"FFSSSFS"
"FSFFSSS"
"FSFSFSS"
"FSFSSFS"
"FSSFFSS"
"FSSFSFS"
"SFFFSSS"
"SFFSFSS"
"SFFSSFS"
"SFSFFSS"
"SFSFSFS"
"FFFFSSSSS"
"FFFSFSSSS"
"FFFSSFSSS"
"FFFSSSFSS"
"FFFSSSSFS"
"FFSFFSSSS"
"FFSFSFSSS"
"FFSFSSFSS"
"FFSFSSSFS"
"FFSSFFSSS"
"FFSSFSFSS"
"FFSSFSSFS"
"FFSSSFFSS"
"FFSSSFSFS"
"FSFFFSSSS"
"FSFFSFSSS"
"FSFFSSFSS"
"FSFFSSSFS"
"FSFSFFSSS"
"FSFSFSFSS"
"FSFSFSSFS"
"FSFSSFFSS"
"FSFSSFSFS"
"FSSFFFSSS"
"FSSFFSFSS"
"FSSFFSSFS"
"FSSFSFFSS"
"FSSFSFSFS"
"SFFFFSSSS"
"SFFFSFSSS"
"SFFFSSFSS"
"SFFFSSSFS"
"SFFSFFSSS"
"SFFSFSFSS"
"SFFSFSSFS"
"SFFSSFFSS"
"SFFSSFSFS"
"SFSFFFSSS"
"SFSFFSFSS"
"SFSFFSSFS"
"SFSFSFFSS"
"SFSFSFSFS"
END
