"S"
"ESDS"
"SESD"
"EESDSDS"
"ESDESDS"
"ESDSESD"
"ESESDDS"
"SEESDSD"
"SESDESD"
"SESESDD"
"EEESDSDSDS"
"EESDESDSDS"
"EESDSDESDS"
"EESDSDSESD"
"EESDSESDDS"
"EESESDDSDS"
"ESDEESDSDS"
"ESDESDESDS"
"ESDESDSESD"
"ESDESESDDS"
"ESDSEESDSD"
"ESDSESDESD"
"ESDSESESDD"
"ESEESDSDDS"
"ESESDDESDS"
"ESESDDSESD"
"ESESDESDDS"
"ESESESDDDS"
"SEEESDSDSD"
"SEESDESDSD"
"SEESDSDESD"
"SEESDSESDD"
"SEESESDDSD"
"SESDEESDSD"
"SESDESDESD"
"SESDESESDD"
"SESEESDSDD"
"SESESDDESD"
"SESESDESDD"
"SESESESDDD"
END
