"S"
"SacC"
"acCS"
"Saccb"
"accbS"
"SaacCcC"
"SacCacC"
"SacacCC"
"aacCcCS"
"acCSacC"
"acCacCS"
"acacCCS"
"SaacCccb"
"SaaccbcC"
"SacCaccb"
"SacacCcb"
"SacaccbC"
"SaccacCb"
"SaccbacC"
"aacCccbS"
"aaccbcCS"
"acCSaccb"
"acCaccbS"
"acacCcbS"
"acaccbCS"
"accacCbS"
"accbSacC"
"accbacCS"
"Saaccbccb"
"Sacaccbcb"
"Saccaccbb"
"Saccbaccb"
"aaccbccbS"
"acaccbcbS"
"accaccbbS"
"accbSaccb"
"accbaccbS"
"SaaacCcCcC"
"SaacCacCcC"
"SaacCcCacC"
"SaacCcacCC"
"SaacacCCcC"
"SacCaacCcC"
"SacCacCacC"
"SacCacacCC"
"SacaacCcCC"
"SacacCCacC"
"SacacCacCC"
"SacacacCCC"
"aaacCcCcCS"
"aacCacCcCS"
"aacCcCSacC"
"aacCcCacCS"
"aacCcacCCS"
"aacacCCcCS"
"acCSaacCcC"
"acCSacCacC"
"acCSacacCC"
"acCaacCcCS"
"acCacCSacC"
"acCacCacCS"
"acCacacCCS"
"acaacCcCCS"
"acacCCSacC"
"acacCCacCS"
"acacCacCCS"
"acacacCCCS"
END
