"S"
"SAS"
"SSA"
"SASAS"
"SASSA"
"SSAAS"
"SSASA"
"SSSAA"
"SASASAS"
"SASASSA"
"SASSAAS"
"SASSASA"
"SASSSAA"
"SSAASAS"
"SSAASSA"
"SSASAAS"
"SSASASA"
"SSASSAA"
"SSSAAAS"
"SSSAASA"
"SSSASAA"
"SSSSAAA"
"SASASASAS"
"SASASASSA"
"SASASSAAS"
"SASASSASA"
"SASASSSAA"
"SASSAASAS"
"SASSAASSA"
"SASSASAAS"
"SASSASASA"
"SASSASSAA"
"SASSSAAAS"
"SASSSAASA"
"SASSSASAA"
"SASSSSAAA"
"SSAASASAS"
"SSAASASSA"
"SSAASSAAS"
"SSAASSASA"
"SSAASSSAA"
"SSASAASAS"
"SSASAASSA"
"SSASASAAS"
"SSASASASA"
"SSASASSAA"
"SSASSAAAS"
"SSASSAASA"
"SSASSASAA"
"SSASSSAAA"
"SSSAAASAS"
"SSSAAASSA"
"SSSAASAAS"
"SSSAASASA"
"SSSAASSAA"
"SSSASAAAS"
"SSSASAASA"
"SSSASASAA"
"SSSASSAAA"
"SSSSAAAAS"
"SSSSAAASA"
"SSSSAASAA"
"SSSSASAAA"
"SSSSSAAAA"
END
