: n; a: n; b: n; ab: n; ba: n; aaa: n; aab: n; aba: n; abb: n; baa: n; bab: n; bba: n; bbb: n
: y; a: n; b: n; ab: n; ba: n; aaa: n; aab: n; aba: n; abb: n; baa: n; bab: n; bba: n; bbb: n
: n; a: y; b: n; ab: n; ba: n; aaa: n; aab: n; aba: n; abb: n; baa: n; bab: n; bba: n; bbb: n
: n; a: y; b: n; ab: n; ba: n; aaa: n; aab: n; aba: n; abb: n; baa: n; bab: n; bba: n; bbb: n
: n; a: n; b: n; ab: n; ba: n; aaa: n; aab: n; aba: n; abb: n; baa: n; bab: n; bba: n; bbb: n
: n; a: n; b: n; ab: y; ba: n; aaa: n; aab: n; aba: n; abb: n; baa: n; bab: n; bba: n; bbb: n
: n; a: n; b: n; ab: n; ba: y; aaa: n; aab: n; aba: n; abb: n; baa: n; bab: n; bba: n; bbb: n
: n; a: y; b: y; ab: n; ba: n; aaa: n; aab: n; aba: n; abb: n; baa: n; bab: n; bba: n; bbb: n
: n; a: y; b: y; ab: n; ba: n; aaa: n; aab: n; aba: n; abb: n; baa: n; bab: n; bba: n; bbb: n
: n; a: n; b: y; ab: n; ba: y; aaa: n; aab: n; aba: n; abb: n; baa: n; bab: n; bba: n; bbb: n
: y; a: y; b: n; ab: n; ba: n; aaa: y; aab: n; aba: n; abb: n; baa: n; bab: n; bba: n; bbb: n
: n; a: n; b: y; ab: n; ba: y; aaa: n; aab: n; aba: n; abb: n; baa: y; bab: n; bba: n; bbb: n
: y; a: y; b: y; ab: y; ba: n; aaa: y; aab: y; aba: n; abb: y; baa: n; bab: n; bba: n; bbb: y
: y; a: y; b: y; ab: n; ba: y; aaa: y; aab: n; aba: n; abb: n; baa: y; bab: n; bba: y; bbb: y
: y; a: y; b: y; ab: n; ba: y; aaa: y; aab: n; aba: n; abb: n; baa: y; bab: n; bba: y; bbb: y
: y; a: n; b: y; ab: n; ba: n; aaa: n; aab: n; aba: n; abb: n; baa: n; bab: n; bba: n; bbb: y
: y; a: y; b: y; ab: y; ba: n; aaa: y; aab: y; aba: n; abb: y; baa: n; bab: n; bba: n; bbb: y
: y; a: n; b: y; ab: n; ba: n; aaa: n; aab: n; aba: n; abb: n; baa: n; bab: n; bba: n; bbb: y
