"S"
"ab"
"DTA"
"DTa"
"DDaA"
"DDaa"
"DDTaA"
"DDTaa"
"DabAb"
"DabDA"
"DabDa"
"Dabab"
"DDDaaA"
"DDDaaa"
"DababD"
"abDbAb"
"abDbDA"
"abDbDa"
"abDbab"
"abbAbb"
"abbDAb"
"abbDDA"
"abbDDa"
"abbDab"
"abbabb"
"DDDTaaA"
"DDDTaaa"
"DDabDaA"
"DDabDaa"
"abDbabD"
"abbDabD"
"abbabDb"
"abbabbD"
"DDDDaaaA"
"DDDDaaaa"
"DDababAb"
"DDababDA"
"DDababDa"
"DDababab"
"DabDbDaA"
"DabDbDaa"
"DabbDDaA"
"DabbDDaa"
"abbabDbD"
"abbabbDD"
"DDDDTaaaA"
"DDDDTaaaa"
"DDDabDaaA"
"DDDabDaaa"
"DDabababD"
"DabDbabAb"
"DabDbabDA"
"DabDbabDa"
"DabDbabab"
"DabbDabAb"
"DabbDabDA"
"DabbDabDa"
"DabbDabab"
"abDbDbDaA"
"abDbDbDaa"
"abDbbDDaA"
"abDbbDDaa"
"abbDDbDaA"
"abbDDbDaa"
"abbDbDDaA"
"abbDbDDaa"
"abbbDDDaA"
"abbbDDDaa"
"DDDDDaaaaA"
"DDDDDaaaaa"
"DDDababDaA"
"DDDababDaa"
"DDabDbDaaA"
"DDabDbDaaa"
"DDabbDDaaA"
"DDabbDDaaa"
"DabDbababD"
"DabbDababD"
"DabbabDbAb"
"DabbabDbDA"
"DabbabDbDa"
"DabbabDbab"
"DabbabbAbb"
"DabbabbDAb"
"DabbabbDDA"
"DabbabbDDa"
"DabbabbDab"
"Dabbabbabb"
"abDbDbabAb"
"abDbDbabDA"
"abDbDbabDa"
"abDbDbabab"
"abDbbDabAb"
"abDbbDabDA"
"abDbbDabDa"
"abDbbDabab"
"abbDDbabAb"
"abbDDbabDA"
"abbDDbabDa"
"abbDDbabab"
"abbDbDabAb"
"abbDbDabDA"
"abbDbDabDa"
"abbDbDabab"
"abbbDDabAb"
"abbbDDabDA"
"abbbDDabDa"
"abbbDDabab"
"DDDDDTaaaaA"
"DDDDDTaaaaa"
"DDDDabDaaaA"
"DDDDabDaaaa"
"DDDabababAb"
"DDDabababDA"
"DDDabababDa"
"DDDabababab"
"DDabDbabDaA"
"DDabDbabDaa"
"DDabbDabDaA"
"DDabbDabDaa"
"DabDbDbDaaA"
"DabDbDbDaaa"
"DabDbbDDaaA"
"DabDbbDDaaa"
"DabbDDbDaaA"
"DabbDDbDaaa"
"DabbDbDDaaA"
"DabbDbDDaaa"
"DabbabDbabD"
"DabbabbDabD"
"DabbabbabDb"
"DabbabbabbD"
"DabbbDDDaaA"
"DabbbDDDaaa"
"abDbDbababD"
"abDbbDababD"
"abDbbabDbAb"
"abDbbabDbDA"
"abDbbabDbDa"
"abDbbabDbab"
"abDbbabbAbb"
"abDbbabbDAb"
"abDbbabbDDA"
"abDbbabbDDa"
"abDbbabbDab"
"abDbbabbabb"
"abbDDbababD"
"abbDbDababD"
"abbDbabDbAb"
"abbDbabDbDA"
"abbDbabDbDa"
"abbDbabDbab"
"abbDbabbAbb"
"abbDbabbDAb"
"abbDbabbDDA"
"abbDbabbDDa"
"abbDbabbDab"
"abbDbabbabb"
"abbbDDababD"
"abbbDabDbAb"
"abbbDabDbDA"
"abbbDabDbDa"
"abbbDabDbab"
"abbbDabbAbb"
"abbbDabbDAb"
"abbbDabbDDA"
"abbbDabbDDa"
"abbbDabbDab"
"abbbDabbabb"
"DDDDDDaaaaaA"
"DDDDDDaaaaaa"
"DDDDababDaaA"
"DDDDababDaaa"
"DDDabDbDaaaA"
"DDDabDbDaaaa"
"DDDababababD"
"DDDabbDDaaaA"
"DDDabbDDaaaa"
"DDabDbababAb"
"DDabDbababDA"
"DDabDbababDa"
"DDabDbababab"
"DDabbDababAb"
"DDabbDababDA"
"DDabbDababDa"
"DDabbDababab"
"DDabbabDbDaA"
"DDabbabDbDaa"
"DDabbabbDDaA"
"DDabbabbDDaa"
"DabDbDbabDaA"
"DabDbDbabDaa"
"DabDbbDabDaA"
"DabDbbDabDaa"
"DabbDDbabDaA"
"DabbDDbabDaa"
"DabbDbDabDaA"
"DabbDbDabDaa"
"DabbabbabDbD"
"DabbabbabbDD"
"DabbbDDabDaA"
"DabbbDDabDaa"
"abDbDbDbDaaA"
"abDbDbDbDaaa"
"abDbDbbDDaaA"
"abDbDbbDDaaa"
"abDbbDDbDaaA"
"abDbbDDbDaaa"
"abDbbDbDDaaA"
"abDbbDbDDaaa"
"abDbbabDbabD"
"abDbbabbDabD"
"abDbbabbabDb"
"abDbbabbabbD"
"abDbbbDDDaaA"
"abDbbbDDDaaa"
"abbDDbDbDaaA"
"abbDDbDbDaaa"
"abbDDbbDDaaA"
"abbDDbbDDaaa"
"abbDbDDbDaaA"
"abbDbDDbDaaa"
"abbDbDbDDaaA"
"abbDbDbDDaaa"
"abbDbabDbabD"
"abbDbabbDabD"
"abbDbabbabDb"
"abbDbabbabbD"
"abbDbbDDDaaA"
"abbDbbDDDaaa"
"abbbDDDbDaaA"
"abbbDDDbDaaa"
"abbbDDbDDaaA"
"abbbDDbDDaaa"
"abbbDabDbabD"
"abbbDabbDabD"
"abbbDabbabDb"
"abbbDabbabbD"
"abbbDbDDDaaA"
"abbbDbDDDaaa"
"abbbabDbDbAb"
"abbbabDbDbDA"
"abbbabDbDbDa"
"abbbabDbDbab"
"abbbabDbbAbb"
"abbbabDbbDAb"
"abbbabDbbDDA"
"abbbabDbbDDa"
"abbbabDbbDab"
"abbbabDbbabb"
"abbbabbDDbAb"
"abbbabbDDbDA"
"abbbabbDDbDa"
"abbbabbDDbab"
"abbbabbDbAbb"
"abbbabbDbDAb"
"abbbabbDbDDA"
"abbbabbDbDDa"
"abbbabbDbDab"
"abbbabbDbabb"
"abbbabbbAbbb"
"abbbabbbDAbb"
"abbbabbbDDAb"
"abbbabbbDDDA"
"abbbabbbDDDa"
"abbbabbbDDab"
"abbbabbbDabb"
"abbbabbbabbb"
"abbbbDDDDaaA"
"abbbbDDDDaaa"
END
