BEGIN NFA TO REGEX TRACE
Step 0
(f, f): ()|a|b
(f, i): {}
(f, l1): {}
(f, l2): {}
(f, l3): {}
(f, l4): {}
(f, u1): {}
(f, u2): {}
(f, u3): {}
(f, u4): {}
(i, f): {}
(i, i): ()
(i, l1): b
(i, l2): {}
(i, l3): {}
(i, l4): {}
(i, u1): a
(i, u2): {}
(i, u3): {}
(i, u4): {}
(l1, f): {}
(l1, i): {}
(l1, l1): ()|b
(l1, l2): a
(l1, l3): {}
(l1, l4): {}
(l1, u1): {}
(l1, u2): {}
(l1, u3): {}
(l1, u4): {}
(l2, f): {}
(l2, i): {}
(l2, l1): {}
(l2, l2): ()|b
(l2, l3): a
(l2, l4): {}
(l2, u1): {}
(l2, u2): {}
(l2, u3): {}
(l2, u4): {}
(l3, f): {}
(l3, i): {}
(l3, l1): {}
(l3, l2): {}
(l3, l3): ()|b
(l3, l4): a
(l3, u1): {}
(l3, u2): {}
(l3, u3): {}
(l3, u4): {}
(l4, f): b
(l4, i): {}
(l4, l1): {}
(l4, l2): {}
(l4, l3): {}
(l4, l4): ()|a
(l4, u1): {}
(l4, u2): {}
(l4, u3): {}
(l4, u4): {}
(u1, f): {}
(u1, i): {}
(u1, l1): {}
(u1, l2): {}
(u1, l3): {}
(u1, l4): {}
(u1, u1): ()|b
(u1, u2): a
(u1, u3): {}
(u1, u4): {}
(u2, f): {}
(u2, i): {}
(u2, l1): {}
(u2, l2): {}
(u2, l3): {}
(u2, l4): {}
(u2, u1): {}
(u2, u2): ()|b
(u2, u3): a
(u2, u4): {}
(u3, f): {}
(u3, i): {}
(u3, l1): {}
(u3, l2): {}
(u3, l3): {}
(u3, l4): {}
(u3, u1): {}
(u3, u2): {}
(u3, u3): ()|b
(u3, u4): a
(u4, f): b
(u4, i): {}
(u4, l1): {}
(u4, l2): {}
(u4, l3): {}
(u4, l4): {}
(u4, u1): {}
(u4, u2): {}
(u4, u3): {}
(u4, u4): ()|a

Step 1
Processing state f
(f, f): ()|a|b|(()|a|b)(()|a|b)*(()|a|b)
(f, i): {}
(f, l1): {}
(f, l2): {}
(f, l3): {}
(f, l4): {}
(f, u1): {}
(f, u2): {}
(f, u3): {}
(f, u4): {}
(i, f): {}
(i, i): ()
(i, l1): b
(i, l2): {}
(i, l3): {}
(i, l4): {}
(i, u1): a
(i, u2): {}
(i, u3): {}
(i, u4): {}
(l1, f): {}
(l1, i): {}
(l1, l1): ()|b
(l1, l2): a
(l1, l3): {}
(l1, l4): {}
(l1, u1): {}
(l1, u2): {}
(l1, u3): {}
(l1, u4): {}
(l2, f): {}
(l2, i): {}
(l2, l1): {}
(l2, l2): ()|b
(l2, l3): a
(l2, l4): {}
(l2, u1): {}
(l2, u2): {}
(l2, u3): {}
(l2, u4): {}
(l3, f): {}
(l3, i): {}
(l3, l1): {}
(l3, l2): {}
(l3, l3): ()|b
(l3, l4): a
(l3, u1): {}
(l3, u2): {}
(l3, u3): {}
(l3, u4): {}
(l4, f): b|b(()|a|b)*(()|a|b)
(l4, i): {}
(l4, l1): {}
(l4, l2): {}
(l4, l3): {}
(l4, l4): ()|a
(l4, u1): {}
(l4, u2): {}
(l4, u3): {}
(l4, u4): {}
(u1, f): {}
(u1, i): {}
(u1, l1): {}
(u1, l2): {}
(u1, l3): {}
(u1, l4): {}
(u1, u1): ()|b
(u1, u2): a
(u1, u3): {}
(u1, u4): {}
(u2, f): {}
(u2, i): {}
(u2, l1): {}
(u2, l2): {}
(u2, l3): {}
(u2, l4): {}
(u2, u1): {}
(u2, u2): ()|b
(u2, u3): a
(u2, u4): {}
(u3, f): {}
(u3, i): {}
(u3, l1): {}
(u3, l2): {}
(u3, l3): {}
(u3, l4): {}
(u3, u1): {}
(u3, u2): {}
(u3, u3): ()|b
(u3, u4): a
(u4, f): b|b(()|a|b)*(()|a|b)
(u4, i): {}
(u4, l1): {}
(u4, l2): {}
(u4, l3): {}
(u4, l4): {}
(u4, u1): {}
(u4, u2): {}
(u4, u3): {}
(u4, u4): ()|a

Step 2
Processing state i
(f, f): ()|a|b|(()|a|b)(()|a|b)*(()|a|b)
(f, i): {}
(f, l1): {}
(f, l2): {}
(f, l3): {}
(f, l4): {}
(f, u1): {}
(f, u2): {}
(f, u3): {}
(f, u4): {}
(i, f): {}
(i, i): ()
(i, l1): b
(i, l2): {}
(i, l3): {}
(i, l4): {}
(i, u1): a
(i, u2): {}
(i, u3): {}
(i, u4): {}
(l1, f): {}
(l1, i): {}
(l1, l1): ()|b
(l1, l2): a
(l1, l3): {}
(l1, l4): {}
(l1, u1): {}
(l1, u2): {}
(l1, u3): {}
(l1, u4): {}
(l2, f): {}
(l2, i): {}
(l2, l1): {}
(l2, l2): ()|b
(l2, l3): a
(l2, l4): {}
(l2, u1): {}
(l2, u2): {}
(l2, u3): {}
(l2, u4): {}
(l3, f): {}
(l3, i): {}
(l3, l1): {}
(l3, l2): {}
(l3, l3): ()|b
(l3, l4): a
(l3, u1): {}
(l3, u2): {}
(l3, u3): {}
(l3, u4): {}
(l4, f): b|b(()|a|b)*(()|a|b)
(l4, i): {}
(l4, l1): {}
(l4, l2): {}
(l4, l3): {}
(l4, l4): ()|a
(l4, u1): {}
(l4, u2): {}
(l4, u3): {}
(l4, u4): {}
(u1, f): {}
(u1, i): {}
(u1, l1): {}
(u1, l2): {}
(u1, l3): {}
(u1, l4): {}
(u1, u1): ()|b
(u1, u2): a
(u1, u3): {}
(u1, u4): {}
(u2, f): {}
(u2, i): {}
(u2, l1): {}
(u2, l2): {}
(u2, l3): {}
(u2, l4): {}
(u2, u1): {}
(u2, u2): ()|b
(u2, u3): a
(u2, u4): {}
(u3, f): {}
(u3, i): {}
(u3, l1): {}
(u3, l2): {}
(u3, l3): {}
(u3, l4): {}
(u3, u1): {}
(u3, u2): {}
(u3, u3): ()|b
(u3, u4): a
(u4, f): b|b(()|a|b)*(()|a|b)
(u4, i): {}
(u4, l1): {}
(u4, l2): {}
(u4, l3): {}
(u4, l4): {}
(u4, u1): {}
(u4, u2): {}
(u4, u3): {}
(u4, u4): ()|a

Step 3
Processing state l1
(f, f): ()|a|b|(()|a|b)(()|a|b)*(()|a|b)
(f, i): {}
(f, l1): {}
(f, l2): {}
(f, l3): {}
(f, l4): {}
(f, u1): {}
(f, u2): {}
(f, u3): {}
(f, u4): {}
(i, f): {}
(i, i): ()
(i, l1): b|b(()|b)*(()|b)
(i, l2): b(()|b)*a
(i, l3): {}
(i, l4): {}
(i, u1): a
(i, u2): {}
(i, u3): {}
(i, u4): {}
(l1, f): {}
(l1, i): {}
(l1, l1): ()|b|(()|b)(()|b)*(()|b)
(l1, l2): a|(()|b)(()|b)*a
(l1, l3): {}
(l1, l4): {}
(l1, u1): {}
(l1, u2): {}
(l1, u3): {}
(l1, u4): {}
(l2, f): {}
(l2, i): {}
(l2, l1): {}
(l2, l2): ()|b
(l2, l3): a
(l2, l4): {}
(l2, u1): {}
(l2, u2): {}
(l2, u3): {}
(l2, u4): {}
(l3, f): {}
(l3, i): {}
(l3, l1): {}
(l3, l2): {}
(l3, l3): ()|b
(l3, l4): a
(l3, u1): {}
(l3, u2): {}
(l3, u3): {}
(l3, u4): {}
(l4, f): b|b(()|a|b)*(()|a|b)
(l4, i): {}
(l4, l1): {}
(l4, l2): {}
(l4, l3): {}
(l4, l4): ()|a
(l4, u1): {}
(l4, u2): {}
(l4, u3): {}
(l4, u4): {}
(u1, f): {}
(u1, i): {}
(u1, l1): {}
(u1, l2): {}
(u1, l3): {}
(u1, l4): {}
(u1, u1): ()|b
(u1, u2): a
(u1, u3): {}
(u1, u4): {}
(u2, f): {}
(u2, i): {}
(u2, l1): {}
(u2, l2): {}
(u2, l3): {}
(u2, l4): {}
(u2, u1): {}
(u2, u2): ()|b
(u2, u3): a
(u2, u4): {}
(u3, f): {}
(u3, i): {}
(u3, l1): {}
(u3, l2): {}
(u3, l3): {}
(u3, l4): {}
(u3, u1): {}
(u3, u2): {}
(u3, u3): ()|b
(u3, u4): a
(u4, f): b|b(()|a|b)*(()|a|b)
(u4, i): {}
(u4, l1): {}
(u4, l2): {}
(u4, l3): {}
(u4, l4): {}
(u4, u1): {}
(u4, u2): {}
(u4, u3): {}
(u4, u4): ()|a

Step 4
Processing state l2
(f, f): ()|a|b|(()|a|b)(()|a|b)*(()|a|b)
(f, i): {}
(f, l1): {}
(f, l2): {}
(f, l3): {}
(f, l4): {}
(f, u1): {}
(f, u2): {}
(f, u3): {}
(f, u4): {}
(i, f): {}
(i, i): ()
(i, l1): b|b(()|b)*(()|b)
(i, l2): b(()|b)*a|b(()|b)*a(()|b)*(()|b)
(i, l3): b(()|b)*a(()|b)*a
(i, l4): {}
(i, u1): a
(i, u2): {}
(i, u3): {}
(i, u4): {}
(l1, f): {}
(l1, i): {}
(l1, l1): ()|b|(()|b)(()|b)*(()|b)
(l1, l2): a|(()|b)(()|b)*a|(a|(()|b)(()|b)*a)(()|b)*(()|b)
(l1, l3): (a|(()|b)(()|b)*a)(()|b)*a
(l1, l4): {}
(l1, u1): {}
(l1, u2): {}
(l1, u3): {}
(l1, u4): {}
(l2, f): {}
(l2, i): {}
(l2, l1): {}
(l2, l2): ()|b|(()|b)(()|b)*(()|b)
(l2, l3): a|(()|b)(()|b)*a
(l2, l4): {}
(l2, u1): {}
(l2, u2): {}
(l2, u3): {}
(l2, u4): {}
(l3, f): {}
(l3, i): {}
(l3, l1): {}
(l3, l2): {}
(l3, l3): ()|b
(l3, l4): a
(l3, u1): {}
(l3, u2): {}
(l3, u3): {}
(l3, u4): {}
(l4, f): b|b(()|a|b)*(()|a|b)
(l4, i): {}
(l4, l1): {}
(l4, l2): {}
(l4, l3): {}
(l4, l4): ()|a
(l4, u1): {}
(l4, u2): {}
(l4, u3): {}
(l4, u4): {}
(u1, f): {}
(u1, i): {}
(u1, l1): {}
(u1, l2): {}
(u1, l3): {}
(u1, l4): {}
(u1, u1): ()|b
(u1, u2): a
(u1, u3): {}
(u1, u4): {}
(u2, f): {}
(u2, i): {}
(u2, l1): {}
(u2, l2): {}
(u2, l3): {}
(u2, l4): {}
(u2, u1): {}
(u2, u2): ()|b
(u2, u3): a
(u2, u4): {}
(u3, f): {}
(u3, i): {}
(u3, l1): {}
(u3, l2): {}
(u3, l3): {}
(u3, l4): {}
(u3, u1): {}
(u3, u2): {}
(u3, u3): ()|b
(u3, u4): a
(u4, f): b|b(()|a|b)*(()|a|b)
(u4, i): {}
(u4, l1): {}
(u4, l2): {}
(u4, l3): {}
(u4, l4): {}
(u4, u1): {}
(u4, u2): {}
(u4, u3): {}
(u4, u4): ()|a

Step 5
Processing state l3
(f, f): ()|a|b|(()|a|b)(()|a|b)*(()|a|b)
(f, i): {}
(f, l1): {}
(f, l2): {}
(f, l3): {}
(f, l4): {}
(f, u1): {}
(f, u2): {}
(f, u3): {}
(f, u4): {}
(i, f): {}
(i, i): ()
(i, l1): b|b(()|b)*(()|b)
(i, l2): b(()|b)*a|b(()|b)*a(()|b)*(()|b)
(i, l3): b(()|b)*a(()|b)*a|b(()|b)*a(()|b)*a(()|b)*(()|b)
(i, l4): b(()|b)*a(()|b)*a(()|b)*a
(i, u1): a
(i, u2): {}
(i, u3): {}
(i, u4): {}
(l1, f): {}
(l1, i): {}
(l1, l1): ()|b|(()|b)(()|b)*(()|b)
(l1, l2): a|(()|b)(()|b)*a|(a|(()|b)(()|b)*a)(()|b)*(()|b)
(l1, l3): (a|(()|b)(()|b)*a)(()|b)*a|(a|(()|b)(()|b)*a)(()|b)*a(()|b)*(()|b)
(l1, l4): (a|(()|b)(()|b)*a)(()|b)*a(()|b)*a
(l1, u1): {}
(l1, u2): {}
(l1, u3): {}
(l1, u4): {}
(l2, f): {}
(l2, i): {}
(l2, l1): {}
(l2, l2): ()|b|(()|b)(()|b)*(()|b)
(l2, l3): a|(()|b)(()|b)*a|(a|(()|b)(()|b)*a)(()|b)*(()|b)
(l2, l4): (a|(()|b)(()|b)*a)(()|b)*a
(l2, u1): {}
(l2, u2): {}
(l2, u3): {}
(l2, u4): {}
(l3, f): {}
(l3, i): {}
(l3, l1): {}
(l3, l2): {}
(l3, l3): ()|b|(()|b)(()|b)*(()|b)
(l3, l4): a|(()|b)(()|b)*a
(l3, u1): {}
(l3, u2): {}
(l3, u3): {}
(l3, u4): {}
(l4, f): b|b(()|a|b)*(()|a|b)
(l4, i): {}
(l4, l1): {}
(l4, l2): {}
(l4, l3): {}
(l4, l4): ()|a
(l4, u1): {}
(l4, u2): {}
(l4, u3): {}
(l4, u4): {}
(u1, f): {}
(u1, i): {}
(u1, l1): {}
(u1, l2): {}
(u1, l3): {}
(u1, l4): {}
(u1, u1): ()|b
(u1, u2): a
(u1, u3): {}
(u1, u4): {}
(u2, f): {}
(u2, i): {}
(u2, l1): {}
(u2, l2): {}
(u2, l3): {}
(u2, l4): {}
(u2, u1): {}
(u2, u2): ()|b
(u2, u3): a
(u2, u4): {}
(u3, f): {}
(u3, i): {}
(u3, l1): {}
(u3, l2): {}
(u3, l3): {}
(u3, l4): {}
(u3, u1): {}
(u3, u2): {}
(u3, u3): ()|b
(u3, u4): a
(u4, f): b|b(()|a|b)*(()|a|b)
(u4, i): {}
(u4, l1): {}
(u4, l2): {}
(u4, l3): {}
(u4, l4): {}
(u4, u1): {}
(u4, u2): {}
(u4, u3): {}
(u4, u4): ()|a

Step 6
Processing state l4
(f, f): ()|a|b|(()|a|b)(()|a|b)*(()|a|b)
(f, i): {}
(f, l1): {}
(f, l2): {}
(f, l3): {}
(f, l4): {}
(f, u1): {}
(f, u2): {}
(f, u3): {}
(f, u4): {}
(i, f): b(()|b)*a(()|b)*a(()|b)*a(()|a)*(b|b(()|a|b)*(()|a|b))
(i, i): ()
(i, l1): b|b(()|b)*(()|b)
(i, l2): b(()|b)*a|b(()|b)*a(()|b)*(()|b)
(i, l3): b(()|b)*a(()|b)*a|b(()|b)*a(()|b)*a(()|b)*(()|b)
(i, l4): b(()|b)*a(()|b)*a(()|b)*a|b(()|b)*a(()|b)*a(()|b)*a(()|a)*(()|a)
(i, u1): a
(i, u2): {}
(i, u3): {}
(i, u4): {}
(l1, f): (a|(()|b)(()|b)*a)(()|b)*a(()|b)*a(()|a)*(b|b(()|a|b)*(()|a|b))
(l1, i): {}
(l1, l1): ()|b|(()|b)(()|b)*(()|b)
(l1, l2): a|(()|b)(()|b)*a|(a|(()|b)(()|b)*a)(()|b)*(()|b)
(l1, l3): (a|(()|b)(()|b)*a)(()|b)*a|(a|(()|b)(()|b)*a)(()|b)*a(()|b)*(()|b)
(l1, l4): (a|(()|b)(()|b)*a)(()|b)*a(()|b)*a|(a|(()|b)(()|b)*a)(()|b)*a(()|b)*a(()|a)*(()|a)
(l1, u1): {}
(l1, u2): {}
(l1, u3): {}
(l1, u4): {}
(l2, f): (a|(()|b)(()|b)*a)(()|b)*a(()|a)*(b|b(()|a|b)*(()|a|b))
(l2, i): {}
(l2, l1): {}
(l2, l2): ()|b|(()|b)(()|b)*(()|b)
(l2, l3): a|(()|b)(()|b)*a|(a|(()|b)(()|b)*a)(()|b)*(()|b)
(l2, l4): (a|(()|b)(()|b)*a)(()|b)*a|(a|(()|b)(()|b)*a)(()|b)*a(()|a)*(()|a)
(l2, u1): {}
(l2, u2): {}
(l2, u3): {}
(l2, u4): {}
(l3, f): (a|(()|b)(()|b)*a)(()|a)*(b|b(()|a|b)*(()|a|b))
(l3, i): {}
(l3, l1): {}
(l3, l2): {}
(l3, l3): ()|b|(()|b)(()|b)*(()|b)
(l3, l4): a|(()|b)(()|b)*a|(a|(()|b)(()|b)*a)(()|a)*(()|a)
(l3, u1): {}
(l3, u2): {}
(l3, u3): {}
(l3, u4): {}
(l4, f): b|b(()|a|b)*(()|a|b)|(()|a)(()|a)*(b|b(()|a|b)*(()|a|b))
(l4, i): {}
(l4, l1): {}
(l4, l2): {}
(l4, l3): {}
(l4, l4): ()|a|(()|a)(()|a)*(()|a)
(l4, u1): {}
(l4, u2): {}
(l4, u3): {}
(l4, u4): {}
(u1, f): {}
(u1, i): {}
(u1, l1): {}
(u1, l2): {}
(u1, l3): {}
(u1, l4): {}
(u1, u1): ()|b
(u1, u2): a
(u1, u3): {}
(u1, u4): {}
(u2, f): {}
(u2, i): {}
(u2, l1): {}
(u2, l2): {}
(u2, l3): {}
(u2, l4): {}
(u2, u1): {}
(u2, u2): ()|b
(u2, u3): a
(u2, u4): {}
(u3, f): {}
(u3, i): {}
(u3, l1): {}
(u3, l2): {}
(u3, l3): {}
(u3, l4): {}
(u3, u1): {}
(u3, u2): {}
(u3, u3): ()|b
(u3, u4): a
(u4, f): b|b(()|a|b)*(()|a|b)
(u4, i): {}
(u4, l1): {}
(u4, l2): {}
(u4, l3): {}
(u4, l4): {}
(u4, u1): {}
(u4, u2): {}
(u4, u3): {}
(u4, u4): ()|a

Step 7
Processing state u1
(f, f): ()|a|b|(()|a|b)(()|a|b)*(()|a|b)
(f, i): {}
(f, l1): {}
(f, l2): {}
(f, l3): {}
(f, l4): {}
(f, u1): {}
(f, u2): {}
(f, u3): {}
(f, u4): {}
(i, f): b(()|b)*a(()|b)*a(()|b)*a(()|a)*(b|b(()|a|b)*(()|a|b))
(i, i): ()
(i, l1): b|b(()|b)*(()|b)
(i, l2): b(()|b)*a|b(()|b)*a(()|b)*(()|b)
(i, l3): b(()|b)*a(()|b)*a|b(()|b)*a(()|b)*a(()|b)*(()|b)
(i, l4): b(()|b)*a(()|b)*a(()|b)*a|b(()|b)*a(()|b)*a(()|b)*a(()|a)*(()|a)
(i, u1): a|a(()|b)*(()|b)
(i, u2): a(()|b)*a
(i, u3): {}
(i, u4): {}
(l1, f): (a|(()|b)(()|b)*a)(()|b)*a(()|b)*a(()|a)*(b|b(()|a|b)*(()|a|b))
(l1, i): {}
(l1, l1): ()|b|(()|b)(()|b)*(()|b)
(l1, l2): a|(()|b)(()|b)*a|(a|(()|b)(()|b)*a)(()|b)*(()|b)
(l1, l3): (a|(()|b)(()|b)*a)(()|b)*a|(a|(()|b)(()|b)*a)(()|b)*a(()|b)*(()|b)
(l1, l4): (a|(()|b)(()|b)*a)(()|b)*a(()|b)*a|(a|(()|b)(()|b)*a)(()|b)*a(()|b)*a(()|a)*(()|a)
(l1, u1): {}
(l1, u2): {}
(l1, u3): {}
(l1, u4): {}
(l2, f): (a|(()|b)(()|b)*a)(()|b)*a(()|a)*(b|b(()|a|b)*(()|a|b))
(l2, i): {}
(l2, l1): {}
(l2, l2): ()|b|(()|b)(()|b)*(()|b)
(l2, l3): a|(()|b)(()|b)*a|(a|(()|b)(()|b)*a)(()|b)*(()|b)
(l2, l4): (a|(()|b)(()|b)*a)(()|b)*a|(a|(()|b)(()|b)*a)(()|b)*a(()|a)*(()|a)
(l2, u1): {}
(l2, u2): {}
(l2, u3): {}
(l2, u4): {}
(l3, f): (a|(()|b)(()|b)*a)(()|a)*(b|b(()|a|b)*(()|a|b))
(l3, i): {}
(l3, l1): {}
(l3, l2): {}
(l3, l3): ()|b|(()|b)(()|b)*(()|b)
(l3, l4): a|(()|b)(()|b)*a|(a|(()|b)(()|b)*a)(()|a)*(()|a)
(l3, u1): {}
(l3, u2): {}
(l3, u3): {}
(l3, u4): {}
(l4, f): b|b(()|a|b)*(()|a|b)|(()|a)(()|a)*(b|b(()|a|b)*(()|a|b))
(l4, i): {}
(l4, l1): {}
(l4, l2): {}
(l4, l3): {}
(l4, l4): ()|a|(()|a)(()|a)*(()|a)
(l4, u1): {}
(l4, u2): {}
(l4, u3): {}
(l4, u4): {}
(u1, f): {}
(u1, i): {}
(u1, l1): {}
(u1, l2): {}
(u1, l3): {}
(u1, l4): {}
(u1, u1): ()|b|(()|b)(()|b)*(()|b)
(u1, u2): a|(()|b)(()|b)*a
(u1, u3): {}
(u1, u4): {}
(u2, f): {}
(u2, i): {}
(u2, l1): {}
(u2, l2): {}
(u2, l3): {}
(u2, l4): {}
(u2, u1): {}
(u2, u2): ()|b
(u2, u3): a
(u2, u4): {}
(u3, f): {}
(u3, i): {}
(u3, l1): {}
(u3, l2): {}
(u3, l3): {}
(u3, l4): {}
(u3, u1): {}
(u3, u2): {}
(u3, u3): ()|b
(u3, u4): a
(u4, f): b|b(()|a|b)*(()|a|b)
(u4, i): {}
(u4, l1): {}
(u4, l2): {}
(u4, l3): {}
(u4, l4): {}
(u4, u1): {}
(u4, u2): {}
(u4, u3): {}
(u4, u4): ()|a

Step 8
Processing state u2
(f, f): ()|a|b|(()|a|b)(()|a|b)*(()|a|b)
(f, i): {}
(f, l1): {}
(f, l2): {}
(f, l3): {}
(f, l4): {}
(f, u1): {}
(f, u2): {}
(f, u3): {}
(f, u4): {}
(i, f): b(()|b)*a(()|b)*a(()|b)*a(()|a)*(b|b(()|a|b)*(()|a|b))
(i, i): ()
(i, l1): b|b(()|b)*(()|b)
(i, l2): b(()|b)*a|b(()|b)*a(()|b)*(()|b)
(i, l3): b(()|b)*a(()|b)*a|b(()|b)*a(()|b)*a(()|b)*(()|b)
(i, l4): b(()|b)*a(()|b)*a(()|b)*a|b(()|b)*a(()|b)*a(()|b)*a(()|a)*(()|a)
(i, u1): a|a(()|b)*(()|b)
(i, u2): a(()|b)*a|a(()|b)*a(()|b)*(()|b)
(i, u3): a(()|b)*a(()|b)*a
(i, u4): {}
(l1, f): (a|(()|b)(()|b)*a)(()|b)*a(()|b)*a(()|a)*(b|b(()|a|b)*(()|a|b))
(l1, i): {}
(l1, l1): ()|b|(()|b)(()|b)*(()|b)
(l1, l2): a|(()|b)(()|b)*a|(a|(()|b)(()|b)*a)(()|b)*(()|b)
(l1, l3): (a|(()|b)(()|b)*a)(()|b)*a|(a|(()|b)(()|b)*a)(()|b)*a(()|b)*(()|b)
(l1, l4): (a|(()|b)(()|b)*a)(()|b)*a(()|b)*a|(a|(()|b)(()|b)*a)(()|b)*a(()|b)*a(()|a)*(()|a)
(l1, u1): {}
(l1, u2): {}
(l1, u3): {}
(l1, u4): {}
(l2, f): (a|(()|b)(()|b)*a)(()|b)*a(()|a)*(b|b(()|a|b)*(()|a|b))
(l2, i): {}
(l2, l1): {}
(l2, l2): ()|b|(()|b)(()|b)*(()|b)
(l2, l3): a|(()|b)(()|b)*a|(a|(()|b)(()|b)*a)(()|b)*(()|b)
(l2, l4): (a|(()|b)(()|b)*a)(()|b)*a|(a|(()|b)(()|b)*a)(()|b)*a(()|a)*(()|a)
(l2, u1): {}
(l2, u2): {}
(l2, u3): {}
(l2, u4): {}
(l3, f): (a|(()|b)(()|b)*a)(()|a)*(b|b(()|a|b)*(()|a|b))
(l3, i): {}
(l3, l1): {}
(l3, l2): {}
(l3, l3): ()|b|(()|b)(()|b)*(()|b)
(l3, l4): a|(()|b)(()|b)*a|(a|(()|b)(()|b)*a)(()|a)*(()|a)
(l3, u1): {}
(l3, u2): {}
(l3, u3): {}
(l3, u4): {}
(l4, f): b|b(()|a|b)*(()|a|b)|(()|a)(()|a)*(b|b(()|a|b)*(()|a|b))
(l4, i): {}
(l4, l1): {}
(l4, l2): {}
(l4, l3): {}
(l4, l4): ()|a|(()|a)(()|a)*(()|a)
(l4, u1): {}
(l4, u2): {}
(l4, u3): {}
(l4, u4): {}
(u1, f): {}
(u1, i): {}
(u1, l1): {}
(u1, l2): {}
(u1, l3): {}
(u1, l4): {}
(u1, u1): ()|b|(()|b)(()|b)*(()|b)
(u1, u2): a|(()|b)(()|b)*a|(a|(()|b)(()|b)*a)(()|b)*(()|b)
(u1, u3): (a|(()|b)(()|b)*a)(()|b)*a
(u1, u4): {}
(u2, f): {}
(u2, i): {}
(u2, l1): {}
(u2, l2): {}
(u2, l3): {}
(u2, l4): {}
(u2, u1): {}
(u2, u2): ()|b|(()|b)(()|b)*(()|b)
(u2, u3): a|(()|b)(()|b)*a
(u2, u4): {}
(u3, f): {}
(u3, i): {}
(u3, l1): {}
(u3, l2): {}
(u3, l3): {}
(u3, l4): {}
(u3, u1): {}
(u3, u2): {}
(u3, u3): ()|b
(u3, u4): a
(u4, f): b|b(()|a|b)*(()|a|b)
(u4, i): {}
(u4, l1): {}
(u4, l2): {}
(u4, l3): {}
(u4, l4): {}
(u4, u1): {}
(u4, u2): {}
(u4, u3): {}
(u4, u4): ()|a

Step 9
Processing state u3
(f, f): ()|a|b|(()|a|b)(()|a|b)*(()|a|b)
(f, i): {}
(f, l1): {}
(f, l2): {}
(f, l3): {}
(f, l4): {}
(f, u1): {}
(f, u2): {}
(f, u3): {}
(f, u4): {}
(i, f): b(()|b)*a(()|b)*a(()|b)*a(()|a)*(b|b(()|a|b)*(()|a|b))
(i, i): ()
(i, l1): b|b(()|b)*(()|b)
(i, l2): b(()|b)*a|b(()|b)*a(()|b)*(()|b)
(i, l3): b(()|b)*a(()|b)*a|b(()|b)*a(()|b)*a(()|b)*(()|b)
(i, l4): b(()|b)*a(()|b)*a(()|b)*a|b(()|b)*a(()|b)*a(()|b)*a(()|a)*(()|a)
(i, u1): a|a(()|b)*(()|b)
(i, u2): a(()|b)*a|a(()|b)*a(()|b)*(()|b)
(i, u3): a(()|b)*a(()|b)*a|a(()|b)*a(()|b)*a(()|b)*(()|b)
(i, u4): a(()|b)*a(()|b)*a(()|b)*a
(l1, f): (a|(()|b)(()|b)*a)(()|b)*a(()|b)*a(()|a)*(b|b(()|a|b)*(()|a|b))
(l1, i): {}
(l1, l1): ()|b|(()|b)(()|b)*(()|b)
(l1, l2): a|(()|b)(()|b)*a|(a|(()|b)(()|b)*a)(()|b)*(()|b)
(l1, l3): (a|(()|b)(()|b)*a)(()|b)*a|(a|(()|b)(()|b)*a)(()|b)*a(()|b)*(()|b)
(l1, l4): (a|(()|b)(()|b)*a)(()|b)*a(()|b)*a|(a|(()|b)(()|b)*a)(()|b)*a(()|b)*a(()|a)*(()|a)
(l1, u1): {}
(l1, u2): {}
(l1, u3): {}
(l1, u4): {}
(l2, f): (a|(()|b)(()|b)*a)(()|b)*a(()|a)*(b|b(()|a|b)*(()|a|b))
(l2, i): {}
(l2, l1): {}
(l2, l2): ()|b|(()|b)(()|b)*(()|b)
(l2, l3): a|(()|b)(()|b)*a|(a|(()|b)(()|b)*a)(()|b)*(()|b)
(l2, l4): (a|(()|b)(()|b)*a)(()|b)*a|(a|(()|b)(()|b)*a)(()|b)*a(()|a)*(()|a)
(l2, u1): {}
(l2, u2): {}
(l2, u3): {}
(l2, u4): {}
(l3, f): (a|(()|b)(()|b)*a)(()|a)*(b|b(()|a|b)*(()|a|b))
(l3, i): {}
(l3, l1): {}
(l3, l2): {}
(l3, l3): ()|b|(()|b)(()|b)*(()|b)
(l3, l4): a|(()|b)(()|b)*a|(a|(()|b)(()|b)*a)(()|a)*(()|a)
(l3, u1): {}
(l3, u2): {}
(l3, u3): {}
(l3, u4): {}
(l4, f): b|b(()|a|b)*(()|a|b)|(()|a)(()|a)*(b|b(()|a|b)*(()|a|b))
(l4, i): {}
(l4, l1): {}
(l4, l2): {}
(l4, l3): {}
(l4, l4): ()|a|(()|a)(()|a)*(()|a)
(l4, u1): {}
(l4, u2): {}
(l4, u3): {}
(l4, u4): {}
(u1, f): {}
(u1, i): {}
(u1, l1): {}
(u1, l2): {}
(u1, l3): {}
(u1, l4): {}
(u1, u1): ()|b|(()|b)(()|b)*(()|b)
(u1, u2): a|(()|b)(()|b)*a|(a|(()|b)(()|b)*a)(()|b)*(()|b)
(u1, u3): (a|(()|b)(()|b)*a)(()|b)*a|(a|(()|b)(()|b)*a)(()|b)*a(()|b)*(()|b)
(u1, u4): (a|(()|b)(()|b)*a)(()|b)*a(()|b)*a
(u2, f): {}
(u2, i): {}
(u2, l1): {}
(u2, l2): {}
(u2, l3): {}
(u2, l4): {}
(u2, u1): {}
(u2, u2): ()|b|(()|b)(()|b)*(()|b)
(u2, u3): a|(()|b)(()|b)*a|(a|(()|b)(()|b)*a)(()|b)*(()|b)
(u2, u4): (a|(()|b)(()|b)*a)(()|b)*a
(u3, f): {}
(u3, i): {}
(u3, l1): {}
(u3, l2): {}
(u3, l3): {}
(u3, l4): {}
(u3, u1): {}
(u3, u2): {}
(u3, u3): ()|b|(()|b)(()|b)*(()|b)
(u3, u4): a|(()|b)(()|b)*a
(u4, f): b|b(()|a|b)*(()|a|b)
(u4, i): {}
(u4, l1): {}
(u4, l2): {}
(u4, l3): {}
(u4, l4): {}
(u4, u1): {}
(u4, u2): {}
(u4, u3): {}
(u4, u4): ()|a

Step 10
Processing state u4
(f, f): ()|a|b|(()|a|b)(()|a|b)*(()|a|b)
(f, i): {}
(f, l1): {}
(f, l2): {}
(f, l3): {}
(f, l4): {}
(f, u1): {}
(f, u2): {}
(f, u3): {}
(f, u4): {}
(i, f): a(()|b)*a(()|b)*a(()|b)*a(()|a)*(b|b(()|a|b)*(()|a|b))|b(()|b)*a(()|b)*a(()|b)*a(()|a)*(b|b(()|a|b)*(()|a|b))
(i, i): ()
(i, l1): b|b(()|b)*(()|b)
(i, l2): b(()|b)*a|b(()|b)*a(()|b)*(()|b)
(i, l3): b(()|b)*a(()|b)*a|b(()|b)*a(()|b)*a(()|b)*(()|b)
(i, l4): b(()|b)*a(()|b)*a(()|b)*a|b(()|b)*a(()|b)*a(()|b)*a(()|a)*(()|a)
(i, u1): a|a(()|b)*(()|b)
(i, u2): a(()|b)*a|a(()|b)*a(()|b)*(()|b)
(i, u3): a(()|b)*a(()|b)*a|a(()|b)*a(()|b)*a(()|b)*(()|b)
(i, u4): a(()|b)*a(()|b)*a(()|b)*a|a(()|b)*a(()|b)*a(()|b)*a(()|a)*(()|a)
(l1, f): (a|(()|b)(()|b)*a)(()|b)*a(()|b)*a(()|a)*(b|b(()|a|b)*(()|a|b))
(l1, i): {}
(l1, l1): ()|b|(()|b)(()|b)*(()|b)
(l1, l2): a|(()|b)(()|b)*a|(a|(()|b)(()|b)*a)(()|b)*(()|b)
(l1, l3): (a|(()|b)(()|b)*a)(()|b)*a|(a|(()|b)(()|b)*a)(()|b)*a(()|b)*(()|b)
(l1, l4): (a|(()|b)(()|b)*a)(()|b)*a(()|b)*a|(a|(()|b)(()|b)*a)(()|b)*a(()|b)*a(()|a)*(()|a)
(l1, u1): {}
(l1, u2): {}
(l1, u3): {}
(l1, u4): {}
(l2, f): (a|(()|b)(()|b)*a)(()|b)*a(()|a)*(b|b(()|a|b)*(()|a|b))
(l2, i): {}
(l2, l1): {}
(l2, l2): ()|b|(()|b)(()|b)*(()|b)
(l2, l3): a|(()|b)(()|b)*a|(a|(()|b)(()|b)*a)(()|b)*(()|b)
(l2, l4): (a|(()|b)(()|b)*a)(()|b)*a|(a|(()|b)(()|b)*a)(()|b)*a(()|a)*(()|a)
(l2, u1): {}
(l2, u2): {}
(l2, u3): {}
(l2, u4): {}
(l3, f): (a|(()|b)(()|b)*a)(()|a)*(b|b(()|a|b)*(()|a|b))
(l3, i): {}
(l3, l1): {}
(l3, l2): {}
(l3, l3): ()|b|(()|b)(()|b)*(()|b)
(l3, l4): a|(()|b)(()|b)*a|(a|(()|b)(()|b)*a)(()|a)*(()|a)
(l3, u1): {}
(l3, u2): {}
(l3, u3): {}
(l3, u4): {}
(l4, f): b|b(()|a|b)*(()|a|b)|(()|a)(()|a)*(b|b(()|a|b)*(()|a|b))
(l4, i): {}
(l4, l1): {}
(l4, l2): {}
(l4, l3): {}
(l4, l4): ()|a|(()|a)(()|a)*(()|a)
(l4, u1): {}
(l4, u2): {}
(l4, u3): {}
(l4, u4): {}
(u1, f): (a|(()|b)(()|b)*a)(()|b)*a(()|b)*a(()|a)*(b|b(()|a|b)*(()|a|b))
(u1, i): {}
(u1, l1): {}
(u1, l2): {}
(u1, l3): {}
(u1, l4): {}
(u1, u1): ()|b|(()|b)(()|b)*(()|b)
(u1, u2): a|(()|b)(()|b)*a|(a|(()|b)(()|b)*a)(()|b)*(()|b)
(u1, u3): (a|(()|b)(()|b)*a)(()|b)*a|(a|(()|b)(()|b)*a)(()|b)*a(()|b)*(()|b)
(u1, u4): (a|(()|b)(()|b)*a)(()|b)*a(()|b)*a|(a|(()|b)(()|b)*a)(()|b)*a(()|b)*a(()|a)*(()|a)
(u2, f): (a|(()|b)(()|b)*a)(()|b)*a(()|a)*(b|b(()|a|b)*(()|a|b))
(u2, i): {}
(u2, l1): {}
(u2, l2): {}
(u2, l3): {}
(u2, l4): {}
(u2, u1): {}
(u2, u2): ()|b|(()|b)(()|b)*(()|b)
(u2, u3): a|(()|b)(()|b)*a|(a|(()|b)(()|b)*a)(()|b)*(()|b)
(u2, u4): (a|(()|b)(()|b)*a)(()|b)*a|(a|(()|b)(()|b)*a)(()|b)*a(()|a)*(()|a)
(u3, f): (a|(()|b)(()|b)*a)(()|a)*(b|b(()|a|b)*(()|a|b))
(u3, i): {}
(u3, l1): {}
(u3, l2): {}
(u3, l3): {}
(u3, l4): {}
(u3, u1): {}
(u3, u2): {}
(u3, u3): ()|b|(()|b)(()|b)*(()|b)
(u3, u4): a|(()|b)(()|b)*a|(a|(()|b)(()|b)*a)(()|a)*(()|a)
(u4, f): b|b(()|a|b)*(()|a|b)|(()|a)(()|a)*(b|b(()|a|b)*(()|a|b))
(u4, i): {}
(u4, l1): {}
(u4, l2): {}
(u4, l3): {}
(u4, l4): {}
(u4, u1): {}
(u4, u2): {}
(u4, u3): {}
(u4, u4): ()|a|(()|a)(()|a)*(()|a)

Final result: ()|a(()|b)*a(()|b)*a(()|b)*a(()|a)*(b|b(()|a|b)*(()|a|b))|b(()|b)*a(()|b)*a(()|b)*a(()|a)*(b|b(()|a|b)*(()|a|b))
END NFA TO REGEX TRACE
