BEGIN NFA TO REGEX TRACE
Step 0
(p, p): ()
(p, q): a|b
(p, r): {}
(p, s): {}
(q, p): b
(q, q): ()
(q, r): a
(q, s): {}
(r, p): {}
(r, q): {}
(r, r): ()|a
(r, s): b
(s, p): {}
(s, q): b
(s, r): {}
(s, s): ()|a

Step 1
Processing state p
(p, p): ()
(p, q): a|b
(p, r): {}
(p, s): {}
(q, p): b
(q, q): ()|b(a|b)
(q, r): a
(q, s): {}
(r, p): {}
(r, q): {}
(r, r): ()|a
(r, s): b
(s, p): {}
(s, q): b
(s, r): {}
(s, s): ()|a

Step 2
Processing state q
(p, p): ()|(a|b)(()|b(a|b))*b
(p, q): a|b|(a|b)(()|b(a|b))*(()|b(a|b))
(p, r): (a|b)(()|b(a|b))*a
(p, s): {}
(q, p): b|(()|b(a|b))(()|b(a|b))*b
(q, q): ()|b(a|b)|(()|b(a|b))(()|b(a|b))*(()|b(a|b))
(q, r): a|(()|b(a|b))(()|b(a|b))*a
(q, s): {}
(r, p): {}
(r, q): {}
(r, r): ()|a
(r, s): b
(s, p): b(()|b(a|b))*b
(s, q): b|b(()|b(a|b))*(()|b(a|b))
(s, r): b(()|b(a|b))*a
(s, s): ()|a

Step 3
Processing state r
(p, p): ()|(a|b)(()|b(a|b))*b
(p, q): a|b|(a|b)(()|b(a|b))*(()|b(a|b))
(p, r): (a|b)(()|b(a|b))*a|(a|b)(()|b(a|b))*a(()|a)*(()|a)
(p, s): (a|b)(()|b(a|b))*a(()|a)*b
(q, p): b|(()|b(a|b))(()|b(a|b))*b
(q, q): ()|b(a|b)|(()|b(a|b))(()|b(a|b))*(()|b(a|b))
(q, r): a|(()|b(a|b))(()|b(a|b))*a|(a|(()|b(a|b))(()|b(a|b))*a)(()|a)*(()|a)
(q, s): (a|(()|b(a|b))(()|b(a|b))*a)(()|a)*b
(r, p): {}
(r, q): {}
(r, r): ()|a|(()|a)(()|a)*(()|a)
(r, s): b|(()|a)(()|a)*b
(s, p): b(()|b(a|b))*b
(s, q): b|b(()|b(a|b))*(()|b(a|b))
(s, r): b(()|b(a|b))*a|b(()|b(a|b))*a(()|a)*(()|a)
(s, s): ()|a|b(()|b(a|b))*a(()|a)*b

Step 4
Processing state s
(p, p): ()|(a|b)(()|b(a|b))*a(()|a)*b(()|a|b(()|b(a|b))*a(()|a)*b)*b(()|b(a|b))*b|(a|b)(()|b(a|b))*b
(p, q): a|b|(a|b)(()|b(a|b))*a(()|a)*b(()|a|b(()|b(a|b))*a(()|a)*b)*(b|b(()|b(a|b))*(()|b(a|b)))|(a|b)(()|b(a|b))*(()|b(a|b))
(p, r): (a|b)(()|b(a|b))*a|(a|b)(()|b(a|b))*a(()|a)*b(()|a|b(()|b(a|b))*a(()|a)*b)*(b(()|b(a|b))*a|b(()|b(a|b))*a(()|a)*(()|a))|(a|b)(()|b(a|b))*a(()|a)*(()|a)
(p, s): (a|b)(()|b(a|b))*a(()|a)*b|(a|b)(()|b(a|b))*a(()|a)*b(()|a|b(()|b(a|b))*a(()|a)*b)*(()|a|b(()|b(a|b))*a(()|a)*b)
(q, p): b|(()|b(a|b))(()|b(a|b))*b|(a|(()|b(a|b))(()|b(a|b))*a)(()|a)*b(()|a|b(()|b(a|b))*a(()|a)*b)*b(()|b(a|b))*b
(q, q): ()|b(a|b)|(()|b(a|b))(()|b(a|b))*(()|b(a|b))|(a|(()|b(a|b))(()|b(a|b))*a)(()|a)*b(()|a|b(()|b(a|b))*a(()|a)*b)*(b|b(()|b(a|b))*(()|b(a|b)))
(q, r): a|(()|b(a|b))(()|b(a|b))*a|(a|(()|b(a|b))(()|b(a|b))*a)(()|a)*b(()|a|b(()|b(a|b))*a(()|a)*b)*(b(()|b(a|b))*a|b(()|b(a|b))*a(()|a)*(()|a))|(a|(()|b(a|b))(()|b(a|b))*a)(()|a)*(()|a)
(q, s): (a|(()|b(a|b))(()|b(a|b))*a)(()|a)*b|(a|(()|b(a|b))(()|b(a|b))*a)(()|a)*b(()|a|b(()|b(a|b))*a(()|a)*b)*(()|a|b(()|b(a|b))*a(()|a)*b)
(r, p): (b|(()|a)(()|a)*b)(()|a|b(()|b(a|b))*a(()|a)*b)*b(()|b(a|b))*b
(r, q): (b|(()|a)(()|a)*b)(()|a|b(()|b(a|b))*a(()|a)*b)*(b|b(()|b(a|b))*(()|b(a|b)))
(r, r): ()|a|(()|a)(()|a)*(()|a)|(b|(()|a)(()|a)*b)(()|a|b(()|b(a|b))*a(()|a)*b)*(b(()|b(a|b))*a|b(()|b(a|b))*a(()|a)*(()|a))
(r, s): b|(()|a)(()|a)*b|(b|(()|a)(()|a)*b)(()|a|b(()|b(a|b))*a(()|a)*b)*(()|a|b(()|b(a|b))*a(()|a)*b)
(s, p): b(()|b(a|b))*b|(()|a|b(()|b(a|b))*a(()|a)*b)(()|a|b(()|b(a|b))*a(()|a)*b)*b(()|b(a|b))*b
(s, q): b|b(()|b(a|b))*(()|b(a|b))|(()|a|b(()|b(a|b))*a(()|a)*b)(()|a|b(()|b(a|b))*a(()|a)*b)*(b|b(()|b(a|b))*(()|b(a|b)))
(s, r): b(()|b(a|b))*a|b(()|b(a|b))*a(()|a)*(()|a)|(()|a|b(()|b(a|b))*a(()|a)*b)(()|a|b(()|b(a|b))*a(()|a)*b)*(b(()|b(a|b))*a|b(()|b(a|b))*a(()|a)*(()|a))
(s, s): ()|a|b(()|b(a|b))*a(()|a)*b|(()|a|b(()|b(a|b))*a(()|a)*b)(()|a|b(()|b(a|b))*a(()|a)*b)*(()|a|b(()|b(a|b))*a(()|a)*b)

Final result: ()|a|b|(a|b)(()|b(a|b))*a|(a|b)(()|b(a|b))*a(()|a)*b|(a|b)(()|b(a|b))*a(()|a)*b(()|a|b(()|b(a|b))*a(()|a)*b)*b(()|b(a|b))*b|(a|b)(()|b(a|b))*a(()|a)*b(()|a|b(()|b(a|b))*a(()|a)*b)*(()|a|b(()|b(a|b))*a(()|a)*b)|(a|b)(()|b(a|b))*a(()|a)*b(()|a|b(()|b(a|b))*a(()|a)*b)*(b|b(()|b(a|b))*(()|b(a|b)))|(a|b)(()|b(a|b))*a(()|a)*b(()|a|b(()|b(a|b))*a(()|a)*b)*(b(()|b(a|b))*a|b(()|b(a|b))*a(()|a)*(()|a))|(a|b)(()|b(a|b))*a(()|a)*(()|a)|(a|b)(()|b(a|b))*b|(a|b)(()|b(a|b))*(()|b(a|b))
END NFA TO REGEX TRACE
