BEGIN NFA TO REGEX TRACE
Step 0
(p, p): ()
(p, q): a
(p, r): b
(q, p): b
(q, q): ()|a
(q, r): {}
(r, p): b
(r, q): a
(r, r): ()

Step 1
Processing state p
(p, p): ()
(p, q): a
(p, r): b
(q, p): b
(q, q): ()|a|ba
(q, r): bb
(r, p): b
(r, q): a|ba
(r, r): ()|bb

Step 2
Processing state q
(p, p): ()|a(()|a|ba)*b
(p, q): a|a(()|a|ba)*(()|a|ba)
(p, r): b|a(()|a|ba)*bb
(q, p): b|(()|a|ba)(()|a|ba)*b
(q, q): ()|a|ba|(()|a|ba)(()|a|ba)*(()|a|ba)
(q, r): bb|(()|a|ba)(()|a|ba)*bb
(r, p): b|(a|ba)(()|a|ba)*b
(r, q): a|ba|(a|ba)(()|a|ba)*(()|a|ba)
(r, r): ()|bb|(a|ba)(()|a|ba)*bb

Step 3
Processing state r
(p, p): ()|a(()|a|ba)*b|(b|a(()|a|ba)*bb)(()|bb|(a|ba)(()|a|ba)*bb)*(b|(a|ba)(()|a|ba)*b)
(p, q): a|a(()|a|ba)*(()|a|ba)|(b|a(()|a|ba)*bb)(()|bb|(a|ba)(()|a|ba)*bb)*(a|ba|(a|ba)(()|a|ba)*(()|a|ba))
(p, r): b|a(()|a|ba)*bb|(b|a(()|a|ba)*bb)(()|bb|(a|ba)(()|a|ba)*bb)*(()|bb|(a|ba)(()|a|ba)*bb)
(q, p): b|(()|a|ba)(()|a|ba)*b|(bb|(()|a|ba)(()|a|ba)*bb)(()|bb|(a|ba)(()|a|ba)*bb)*(b|(a|ba)(()|a|ba)*b)
(q, q): ()|a|ba|(()|a|ba)(()|a|ba)*(()|a|ba)|(bb|(()|a|ba)(()|a|ba)*bb)(()|bb|(a|ba)(()|a|ba)*bb)*(a|ba|(a|ba)(()|a|ba)*(()|a|ba))
(q, r): bb|(()|a|ba)(()|a|ba)*bb|(bb|(()|a|ba)(()|a|ba)*bb)(()|bb|(a|ba)(()|a|ba)*bb)*(()|bb|(a|ba)(()|a|ba)*bb)
(r, p): b|(()|bb|(a|ba)(()|a|ba)*bb)(()|bb|(a|ba)(()|a|ba)*bb)*(b|(a|ba)(()|a|ba)*b)|(a|ba)(()|a|ba)*b
(r, q): a|ba|(()|bb|(a|ba)(()|a|ba)*bb)(()|bb|(a|ba)(()|a|ba)*bb)*(a|ba|(a|ba)(()|a|ba)*(()|a|ba))|(a|ba)(()|a|ba)*(()|a|ba)
(r, r): ()|bb|(()|bb|(a|ba)(()|a|ba)*bb)(()|bb|(a|ba)(()|a|ba)*bb)*(()|bb|(a|ba)(()|a|ba)*bb)|(a|ba)(()|a|ba)*bb

Final result: ()|a|b|a(()|a|ba)*b|a(()|a|ba)*bb|a(()|a|ba)*(()|a|ba)|(b|a(()|a|ba)*bb)(()|bb|(a|ba)(()|a|ba)*bb)*(()|bb|(a|ba)(()|a|ba)*bb)|(b|a(()|a|ba)*bb)(()|bb|(a|ba)(()|a|ba)*bb)*(a|ba|(a|ba)(()|a|ba)*(()|a|ba))|(b|a(()|a|ba)*bb)(()|bb|(a|ba)(()|a|ba)*bb)*(b|(a|ba)(()|a|ba)*b)
END NFA TO REGEX TRACE
