BEGIN NFA TO REGEX TRACE
Step 0
(p, p): ()|a|b
(p, q): {}
(q, p): {}
(q, q): ()|a|b

Step 1
Processing state p
(p, p): ()|a|b|(()|a|b)(()|a|b)*(()|a|b)
(p, q): {}
(q, p): {}
(q, q): ()|a|b

Step 2
Processing state q
(p, p): ()|a|b|(()|a|b)(()|a|b)*(()|a|b)
(p, q): {}
(q, p): {}
(q, q): ()|a|b|(()|a|b)(()|a|b)*(()|a|b)

Final result: ()|a|b|(()|a|b)(()|a|b)*(()|a|b)
END NFA TO REGEX TRACE
