BEGIN NFA TO REGEX TRACE
Step 0
(p, p): ()
(p, q1): a
(p, q2): {}
(p, r1): a
(p, r2): {}
(p, r3): {}
(p, s1): a
(p, s2): {}
(p, s3): {}
(q1, p): {}
(q1, q1): ()
(q1, q2): b
(q1, r1): {}
(q1, r2): {}
(q1, r3): {}
(q1, s1): {}
(q1, s2): {}
(q1, s3): {}
(q2, p): {}
(q2, q1): {}
(q2, q2): ()
(q2, r1): {}
(q2, r2): {}
(q2, r3): {}
(q2, s1): {}
(q2, s2): {}
(q2, s3): {}
(r1, p): {}
(r1, q1): {}
(r1, q2): {}
(r1, r1): ()
(r1, r2): b
(r1, r3): {}
(r1, s1): {}
(r1, s2): {}
(r1, s3): {}
(r2, p): {}
(r2, q1): {}
(r2, q2): {}
(r2, r1): {}
(r2, r2): ()
(r2, r3): c
(r2, s1): {}
(r2, s2): {}
(r2, s3): {}
(r3, p): {}
(r3, q1): {}
(r3, q2): {}
(r3, r1): {}
(r3, r2): {}
(r3, r3): ()|a
(r3, s1): {}
(r3, s2): {}
(r3, s3): {}
(s1, p): {}
(s1, q1): {}
(s1, q2): {}
(s1, r1): {}
(s1, r2): {}
(s1, r3): {}
(s1, s1): ()
(s1, s2): b
(s1, s3): {}
(s2, p): {}
(s2, q1): {}
(s2, q2): {}
(s2, r1): {}
(s2, r2): {}
(s2, r3): {}
(s2, s1): {}
(s2, s2): ()
(s2, s3): c
(s3, p): {}
(s3, q1): {}
(s3, q2): {}
(s3, r1): {}
(s3, r2): {}
(s3, r3): {}
(s3, s1): {}
(s3, s2): {}
(s3, s3): ()|b|c

Step 1
Processing state p
(p, p): ()
(p, q1): a
(p, q2): {}
(p, r1): a
(p, r2): {}
(p, r3): {}
(p, s1): a
(p, s2): {}
(p, s3): {}
(q1, p): {}
(q1, q1): ()
(q1, q2): b
(q1, r1): {}
(q1, r2): {}
(q1, r3): {}
(q1, s1): {}
(q1, s2): {}
(q1, s3): {}
(q2, p): {}
(q2, q1): {}
(q2, q2): ()
(q2, r1): {}
(q2, r2): {}
(q2, r3): {}
(q2, s1): {}
(q2, s2): {}
(q2, s3): {}
(r1, p): {}
(r1, q1): {}
(r1, q2): {}
(r1, r1): ()
(r1, r2): b
(r1, r3): {}
(r1, s1): {}
(r1, s2): {}
(r1, s3): {}
(r2, p): {}
(r2, q1): {}
(r2, q2): {}
(r2, r1): {}
(r2, r2): ()
(r2, r3): c
(r2, s1): {}
(r2, s2): {}
(r2, s3): {}
(r3, p): {}
(r3, q1): {}
(r3, q2): {}
(r3, r1): {}
(r3, r2): {}
(r3, r3): ()|a
(r3, s1): {}
(r3, s2): {}
(r3, s3): {}
(s1, p): {}
(s1, q1): {}
(s1, q2): {}
(s1, r1): {}
(s1, r2): {}
(s1, r3): {}
(s1, s1): ()
(s1, s2): b
(s1, s3): {}
(s2, p): {}
(s2, q1): {}
(s2, q2): {}
(s2, r1): {}
(s2, r2): {}
(s2, r3): {}
(s2, s1): {}
(s2, s2): ()
(s2, s3): c
(s3, p): {}
(s3, q1): {}
(s3, q2): {}
(s3, r1): {}
(s3, r2): {}
(s3, r3): {}
(s3, s1): {}
(s3, s2): {}
(s3, s3): ()|b|c

Step 2
Processing state q1
(p, p): ()
(p, q1): a
(p, q2): ab
(p, r1): a
(p, r2): {}
(p, r3): {}
(p, s1): a
(p, s2): {}
(p, s3): {}
(q1, p): {}
(q1, q1): ()
(q1, q2): b
(q1, r1): {}
(q1, r2): {}
(q1, r3): {}
(q1, s1): {}
(q1, s2): {}
(q1, s3): {}
(q2, p): {}
(q2, q1): {}
(q2, q2): ()
(q2, r1): {}
(q2, r2): {}
(q2, r3): {}
(q2, s1): {}
(q2, s2): {}
(q2, s3): {}
(r1, p): {}
(r1, q1): {}
(r1, q2): {}
(r1, r1): ()
(r1, r2): b
(r1, r3): {}
(r1, s1): {}
(r1, s2): {}
(r1, s3): {}
(r2, p): {}
(r2, q1): {}
(r2, q2): {}
(r2, r1): {}
(r2, r2): ()
(r2, r3): c
(r2, s1): {}
(r2, s2): {}
(r2, s3): {}
(r3, p): {}
(r3, q1): {}
(r3, q2): {}
(r3, r1): {}
(r3, r2): {}
(r3, r3): ()|a
(r3, s1): {}
(r3, s2): {}
(r3, s3): {}
(s1, p): {}
(s1, q1): {}
(s1, q2): {}
(s1, r1): {}
(s1, r2): {}
(s1, r3): {}
(s1, s1): ()
(s1, s2): b
(s1, s3): {}
(s2, p): {}
(s2, q1): {}
(s2, q2): {}
(s2, r1): {}
(s2, r2): {}
(s2, r3): {}
(s2, s1): {}
(s2, s2): ()
(s2, s3): c
(s3, p): {}
(s3, q1): {}
(s3, q2): {}
(s3, r1): {}
(s3, r2): {}
(s3, r3): {}
(s3, s1): {}
(s3, s2): {}
(s3, s3): ()|b|c

Step 3
Processing state q2
(p, p): ()
(p, q1): a
(p, q2): ab
(p, r1): a
(p, r2): {}
(p, r3): {}
(p, s1): a
(p, s2): {}
(p, s3): {}
(q1, p): {}
(q1, q1): ()
(q1, q2): b
(q1, r1): {}
(q1, r2): {}
(q1, r3): {}
(q1, s1): {}
(q1, s2): {}
(q1, s3): {}
(q2, p): {}
(q2, q1): {}
(q2, q2): ()
(q2, r1): {}
(q2, r2): {}
(q2, r3): {}
(q2, s1): {}
(q2, s2): {}
(q2, s3): {}
(r1, p): {}
(r1, q1): {}
(r1, q2): {}
(r1, r1): ()
(r1, r2): b
(r1, r3): {}
(r1, s1): {}
(r1, s2): {}
(r1, s3): {}
(r2, p): {}
(r2, q1): {}
(r2, q2): {}
(r2, r1): {}
(r2, r2): ()
(r2, r3): c
(r2, s1): {}
(r2, s2): {}
(r2, s3): {}
(r3, p): {}
(r3, q1): {}
(r3, q2): {}
(r3, r1): {}
(r3, r2): {}
(r3, r3): ()|a
(r3, s1): {}
(r3, s2): {}
(r3, s3): {}
(s1, p): {}
(s1, q1): {}
(s1, q2): {}
(s1, r1): {}
(s1, r2): {}
(s1, r3): {}
(s1, s1): ()
(s1, s2): b
(s1, s3): {}
(s2, p): {}
(s2, q1): {}
(s2, q2): {}
(s2, r1): {}
(s2, r2): {}
(s2, r3): {}
(s2, s1): {}
(s2, s2): ()
(s2, s3): c
(s3, p): {}
(s3, q1): {}
(s3, q2): {}
(s3, r1): {}
(s3, r2): {}
(s3, r3): {}
(s3, s1): {}
(s3, s2): {}
(s3, s3): ()|b|c

Step 4
Processing state r1
(p, p): ()
(p, q1): a
(p, q2): ab
(p, r1): a
(p, r2): ab
(p, r3): {}
(p, s1): a
(p, s2): {}
(p, s3): {}
(q1, p): {}
(q1, q1): ()
(q1, q2): b
(q1, r1): {}
(q1, r2): {}
(q1, r3): {}
(q1, s1): {}
(q1, s2): {}
(q1, s3): {}
(q2, p): {}
(q2, q1): {}
(q2, q2): ()
(q2, r1): {}
(q2, r2): {}
(q2, r3): {}
(q2, s1): {}
(q2, s2): {}
(q2, s3): {}
(r1, p): {}
(r1, q1): {}
(r1, q2): {}
(r1, r1): ()
(r1, r2): b
(r1, r3): {}
(r1, s1): {}
(r1, s2): {}
(r1, s3): {}
(r2, p): {}
(r2, q1): {}
(r2, q2): {}
(r2, r1): {}
(r2, r2): ()
(r2, r3): c
(r2, s1): {}
(r2, s2): {}
(r2, s3): {}
(r3, p): {}
(r3, q1): {}
(r3, q2): {}
(r3, r1): {}
(r3, r2): {}
(r3, r3): ()|a
(r3, s1): {}
(r3, s2): {}
(r3, s3): {}
(s1, p): {}
(s1, q1): {}
(s1, q2): {}
(s1, r1): {}
(s1, r2): {}
(s1, r3): {}
(s1, s1): ()
(s1, s2): b
(s1, s3): {}
(s2, p): {}
(s2, q1): {}
(s2, q2): {}
(s2, r1): {}
(s2, r2): {}
(s2, r3): {}
(s2, s1): {}
(s2, s2): ()
(s2, s3): c
(s3, p): {}
(s3, q1): {}
(s3, q2): {}
(s3, r1): {}
(s3, r2): {}
(s3, r3): {}
(s3, s1): {}
(s3, s2): {}
(s3, s3): ()|b|c

Step 5
Processing state r2
(p, p): ()
(p, q1): a
(p, q2): ab
(p, r1): a
(p, r2): ab
(p, r3): abc
(p, s1): a
(p, s2): {}
(p, s3): {}
(q1, p): {}
(q1, q1): ()
(q1, q2): b
(q1, r1): {}
(q1, r2): {}
(q1, r3): {}
(q1, s1): {}
(q1, s2): {}
(q1, s3): {}
(q2, p): {}
(q2, q1): {}
(q2, q2): ()
(q2, r1): {}
(q2, r2): {}
(q2, r3): {}
(q2, s1): {}
(q2, s2): {}
(q2, s3): {}
(r1, p): {}
(r1, q1): {}
(r1, q2): {}
(r1, r1): ()
(r1, r2): b
(r1, r3): bc
(r1, s1): {}
(r1, s2): {}
(r1, s3): {}
(r2, p): {}
(r2, q1): {}
(r2, q2): {}
(r2, r1): {}
(r2, r2): ()
(r2, r3): c
(r2, s1): {}
(r2, s2): {}
(r2, s3): {}
(r3, p): {}
(r3, q1): {}
(r3, q2): {}
(r3, r1): {}
(r3, r2): {}
(r3, r3): ()|a
(r3, s1): {}
(r3, s2): {}
(r3, s3): {}
(s1, p): {}
(s1, q1): {}
(s1, q2): {}
(s1, r1): {}
(s1, r2): {}
(s1, r3): {}
(s1, s1): ()
(s1, s2): b
(s1, s3): {}
(s2, p): {}
(s2, q1): {}
(s2, q2): {}
(s2, r1): {}
(s2, r2): {}
(s2, r3): {}
(s2, s1): {}
(s2, s2): ()
(s2, s3): c
(s3, p): {}
(s3, q1): {}
(s3, q2): {}
(s3, r1): {}
(s3, r2): {}
(s3, r3): {}
(s3, s1): {}
(s3, s2): {}
(s3, s3): ()|b|c

Step 6
Processing state r3
(p, p): ()
(p, q1): a
(p, q2): ab
(p, r1): a
(p, r2): ab
(p, r3): abc|abc(()|a)*(()|a)
(p, s1): a
(p, s2): {}
(p, s3): {}
(q1, p): {}
(q1, q1): ()
(q1, q2): b
(q1, r1): {}
(q1, r2): {}
(q1, r3): {}
(q1, s1): {}
(q1, s2): {}
(q1, s3): {}
(q2, p): {}
(q2, q1): {}
(q2, q2): ()
(q2, r1): {}
(q2, r2): {}
(q2, r3): {}
(q2, s1): {}
(q2, s2): {}
(q2, s3): {}
(r1, p): {}
(r1, q1): {}
(r1, q2): {}
(r1, r1): ()
(r1, r2): b
(r1, r3): bc|bc(()|a)*(()|a)
(r1, s1): {}
(r1, s2): {}
(r1, s3): {}
(r2, p): {}
(r2, q1): {}
(r2, q2): {}
(r2, r1): {}
(r2, r2): ()
(r2, r3): c|c(()|a)*(()|a)
(r2, s1): {}
(r2, s2): {}
(r2, s3): {}
(r3, p): {}
(r3, q1): {}
(r3, q2): {}
(r3, r1): {}
(r3, r2): {}
(r3, r3): ()|a|(()|a)(()|a)*(()|a)
(r3, s1): {}
(r3, s2): {}
(r3, s3): {}
(s1, p): {}
(s1, q1): {}
(s1, q2): {}
(s1, r1): {}
(s1, r2): {}
(s1, r3): {}
(s1, s1): ()
(s1, s2): b
(s1, s3): {}
(s2, p): {}
(s2, q1): {}
(s2, q2): {}
(s2, r1): {}
(s2, r2): {}
(s2, r3): {}
(s2, s1): {}
(s2, s2): ()
(s2, s3): c
(s3, p): {}
(s3, q1): {}
(s3, q2): {}
(s3, r1): {}
(s3, r2): {}
(s3, r3): {}
(s3, s1): {}
(s3, s2): {}
(s3, s3): ()|b|c

Step 7
Processing state s1
(p, p): ()
(p, q1): a
(p, q2): ab
(p, r1): a
(p, r2): ab
(p, r3): abc|abc(()|a)*(()|a)
(p, s1): a
(p, s2): ab
(p, s3): {}
(q1, p): {}
(q1, q1): ()
(q1, q2): b
(q1, r1): {}
(q1, r2): {}
(q1, r3): {}
(q1, s1): {}
(q1, s2): {}
(q1, s3): {}
(q2, p): {}
(q2, q1): {}
(q2, q2): ()
(q2, r1): {}
(q2, r2): {}
(q2, r3): {}
(q2, s1): {}
(q2, s2): {}
(q2, s3): {}
(r1, p): {}
(r1, q1): {}
(r1, q2): {}
(r1, r1): ()
(r1, r2): b
(r1, r3): bc|bc(()|a)*(()|a)
(r1, s1): {}
(r1, s2): {}
(r1, s3): {}
(r2, p): {}
(r2, q1): {}
(r2, q2): {}
(r2, r1): {}
(r2, r2): ()
(r2, r3): c|c(()|a)*(()|a)
(r2, s1): {}
(r2, s2): {}
(r2, s3): {}
(r3, p): {}
(r3, q1): {}
(r3, q2): {}
(r3, r1): {}
(r3, r2): {}
(r3, r3): ()|a|(()|a)(()|a)*(()|a)
(r3, s1): {}
(r3, s2): {}
(r3, s3): {}
(s1, p): {}
(s1, q1): {}
(s1, q2): {}
(s1, r1): {}
(s1, r2): {}
(s1, r3): {}
(s1, s1): ()
(s1, s2): b
(s1, s3): {}
(s2, p): {}
(s2, q1): {}
(s2, q2): {}
(s2, r1): {}
(s2, r2): {}
(s2, r3): {}
(s2, s1): {}
(s2, s2): ()
(s2, s3): c
(s3, p): {}
(s3, q1): {}
(s3, q2): {}
(s3, r1): {}
(s3, r2): {}
(s3, r3): {}
(s3, s1): {}
(s3, s2): {}
(s3, s3): ()|b|c

Step 8
Processing state s2
(p, p): ()
(p, q1): a
(p, q2): ab
(p, r1): a
(p, r2): ab
(p, r3): abc|abc(()|a)*(()|a)
(p, s1): a
(p, s2): ab
(p, s3): abc
(q1, p): {}
(q1, q1): ()
(q1, q2): b
(q1, r1): {}
(q1, r2): {}
(q1, r3): {}
(q1, s1): {}
(q1, s2): {}
(q1, s3): {}
(q2, p): {}
(q2, q1): {}
(q2, q2): ()
(q2, r1): {}
(q2, r2): {}
(q2, r3): {}
(q2, s1): {}
(q2, s2): {}
(q2, s3): {}
(r1, p): {}
(r1, q1): {}
(r1, q2): {}
(r1, r1): ()
(r1, r2): b
(r1, r3): bc|bc(()|a)*(()|a)
(r1, s1): {}
(r1, s2): {}
(r1, s3): {}
(r2, p): {}
(r2, q1): {}
(r2, q2): {}
(r2, r1): {}
(r2, r2): ()
(r2, r3): c|c(()|a)*(()|a)
(r2, s1): {}
(r2, s2): {}
(r2, s3): {}
(r3, p): {}
(r3, q1): {}
(r3, q2): {}
(r3, r1): {}
(r3, r2): {}
(r3, r3): ()|a|(()|a)(()|a)*(()|a)
(r3, s1): {}
(r3, s2): {}
(r3, s3): {}
(s1, p): {}
(s1, q1): {}
(s1, q2): {}
(s1, r1): {}
(s1, r2): {}
(s1, r3): {}
(s1, s1): ()
(s1, s2): b
(s1, s3): bc
(s2, p): {}
(s2, q1): {}
(s2, q2): {}
(s2, r1): {}
(s2, r2): {}
(s2, r3): {}
(s2, s1): {}
(s2, s2): ()
(s2, s3): c
(s3, p): {}
(s3, q1): {}
(s3, q2): {}
(s3, r1): {}
(s3, r2): {}
(s3, r3): {}
(s3, s1): {}
(s3, s2): {}
(s3, s3): ()|b|c

Step 9
Processing state s3
(p, p): ()
(p, q1): a
(p, q2): ab
(p, r1): a
(p, r2): ab
(p, r3): abc|abc(()|a)*(()|a)
(p, s1): a
(p, s2): ab
(p, s3): abc|abc(()|b|c)*(()|b|c)
(q1, p): {}
(q1, q1): ()
(q1, q2): b
(q1, r1): {}
(q1, r2): {}
(q1, r3): {}
(q1, s1): {}
(q1, s2): {}
(q1, s3): {}
(q2, p): {}
(q2, q1): {}
(q2, q2): ()
(q2, r1): {}
(q2, r2): {}
(q2, r3): {}
(q2, s1): {}
(q2, s2): {}
(q2, s3): {}
(r1, p): {}
(r1, q1): {}
(r1, q2): {}
(r1, r1): ()
(r1, r2): b
(r1, r3): bc|bc(()|a)*(()|a)
(r1, s1): {}
(r1, s2): {}
(r1, s3): {}
(r2, p): {}
(r2, q1): {}
(r2, q2): {}
(r2, r1): {}
(r2, r2): ()
(r2, r3): c|c(()|a)*(()|a)
(r2, s1): {}
(r2, s2): {}
(r2, s3): {}
(r3, p): {}
(r3, q1): {}
(r3, q2): {}
(r3, r1): {}
(r3, r2): {}
(r3, r3): ()|a|(()|a)(()|a)*(()|a)
(r3, s1): {}
(r3, s2): {}
(r3, s3): {}
(s1, p): {}
(s1, q1): {}
(s1, q2): {}
(s1, r1): {}
(s1, r2): {}
(s1, r3): {}
(s1, s1): ()
(s1, s2): b
(s1, s3): bc|bc(()|b|c)*(()|b|c)
(s2, p): {}
(s2, q1): {}
(s2, q2): {}
(s2, r1): {}
(s2, r2): {}
(s2, r3): {}
(s2, s1): {}
(s2, s2): ()
(s2, s3): c|c(()|b|c)*(()|b|c)
(s3, p): {}
(s3, q1): {}
(s3, q2): {}
(s3, r1): {}
(s3, r2): {}
(s3, r3): {}
(s3, s1): {}
(s3, s2): {}
(s3, s3): ()|b|c|(()|b|c)(()|b|c)*(()|b|c)

Final result: abc|abc(()|a)*(()|a)
END NFA TO REGEX TRACE
