BEGIN NFA TO REGEX TRACE
Step 0
(p, p): ()|a|b
(p, q): c
(p, r): {}
(q, p): {}
(q, q): ()|a|b
(q, r): c
(r, p): {}
(r, q): {}
(r, r): ()|a|b|c

Step 1
Processing state p
(p, p): ()|a|b|(()|a|b)(()|a|b)*(()|a|b)
(p, q): c|(()|a|b)(()|a|b)*c
(p, r): {}
(q, p): {}
(q, q): ()|a|b
(q, r): c
(r, p): {}
(r, q): {}
(r, r): ()|a|b|c

Step 2
Processing state q
(p, p): ()|a|b|(()|a|b)(()|a|b)*(()|a|b)
(p, q): c|(()|a|b)(()|a|b)*c|(c|(()|a|b)(()|a|b)*c)(()|a|b)*(()|a|b)
(p, r): (c|(()|a|b)(()|a|b)*c)(()|a|b)*c
(q, p): {}
(q, q): ()|a|b|(()|a|b)(()|a|b)*(()|a|b)
(q, r): c|(()|a|b)(()|a|b)*c
(r, p): {}
(r, q): {}
(r, r): ()|a|b|c

Step 3
Processing state r
(p, p): ()|a|b|(()|a|b)(()|a|b)*(()|a|b)
(p, q): c|(()|a|b)(()|a|b)*c|(c|(()|a|b)(()|a|b)*c)(()|a|b)*(()|a|b)
(p, r): (c|(()|a|b)(()|a|b)*c)(()|a|b)*c|(c|(()|a|b)(()|a|b)*c)(()|a|b)*c(()|a|b|c)*(()|a|b|c)
(q, p): {}
(q, q): ()|a|b|(()|a|b)(()|a|b)*(()|a|b)
(q, r): c|(()|a|b)(()|a|b)*c|(c|(()|a|b)(()|a|b)*c)(()|a|b|c)*(()|a|b|c)
(r, p): {}
(r, q): {}
(r, r): ()|a|b|c|(()|a|b|c)(()|a|b|c)*(()|a|b|c)

Final result: (c|(()|a|b)(()|a|b)*c)(()|a|b)*c|(c|(()|a|b)(()|a|b)*c)(()|a|b)*c(()|a|b|c)*(()|a|b|c)
END NFA TO REGEX TRACE
