BEGIN NFA TO REGEX TRACE
Step 0
(p, p): ()
(p, q): a
(p, r): b
(p, s): {}
(q, p): {}
(q, q): ()|a
(q, r): {}
(q, s): b
(r, p): {}
(r, q): {}
(r, r): ()|b
(r, s): a
(s, p): {}
(s, q): a
(s, r): b
(s, s): ()

Step 1
Processing state p
(p, p): ()
(p, q): a
(p, r): b
(p, s): {}
(q, p): {}
(q, q): ()|a
(q, r): {}
(q, s): b
(r, p): {}
(r, q): {}
(r, r): ()|b
(r, s): a
(s, p): {}
(s, q): a
(s, r): b
(s, s): ()

Step 2
Processing state q
(p, p): ()
(p, q): a|a(()|a)*(()|a)
(p, r): b
(p, s): a(()|a)*b
(q, p): {}
(q, q): ()|a|(()|a)(()|a)*(()|a)
(q, r): {}
(q, s): b|(()|a)(()|a)*b
(r, p): {}
(r, q): {}
(r, r): ()|b
(r, s): a
(s, p): {}
(s, q): a|a(()|a)*(()|a)
(s, r): b
(s, s): ()|a(()|a)*b

Step 3
Processing state r
(p, p): ()
(p, q): a|a(()|a)*(()|a)
(p, r): b|b(()|b)*(()|b)
(p, s): a(()|a)*b|b(()|b)*a
(q, p): {}
(q, q): ()|a|(()|a)(()|a)*(()|a)
(q, r): {}
(q, s): b|(()|a)(()|a)*b
(r, p): {}
(r, q): {}
(r, r): ()|b|(()|b)(()|b)*(()|b)
(r, s): a|(()|b)(()|b)*a
(s, p): {}
(s, q): a|a(()|a)*(()|a)
(s, r): b|b(()|b)*(()|b)
(s, s): ()|a(()|a)*b|b(()|b)*a

Step 4
Processing state s
(p, p): ()
(p, q): a|a(()|a)*(()|a)|(a(()|a)*b|b(()|b)*a)(()|a(()|a)*b|b(()|b)*a)*(a|a(()|a)*(()|a))
(p, r): b|b(()|b)*(()|b)|(a(()|a)*b|b(()|b)*a)(()|a(()|a)*b|b(()|b)*a)*(b|b(()|b)*(()|b))
(p, s): a(()|a)*b|b(()|b)*a|(a(()|a)*b|b(()|b)*a)(()|a(()|a)*b|b(()|b)*a)*(()|a(()|a)*b|b(()|b)*a)
(q, p): {}
(q, q): ()|a|(()|a)(()|a)*(()|a)|(b|(()|a)(()|a)*b)(()|a(()|a)*b|b(()|b)*a)*(a|a(()|a)*(()|a))
(q, r): (b|(()|a)(()|a)*b)(()|a(()|a)*b|b(()|b)*a)*(b|b(()|b)*(()|b))
(q, s): b|(()|a)(()|a)*b|(b|(()|a)(()|a)*b)(()|a(()|a)*b|b(()|b)*a)*(()|a(()|a)*b|b(()|b)*a)
(r, p): {}
(r, q): (a|(()|b)(()|b)*a)(()|a(()|a)*b|b(()|b)*a)*(a|a(()|a)*(()|a))
(r, r): ()|b|(()|b)(()|b)*(()|b)|(a|(()|b)(()|b)*a)(()|a(()|a)*b|b(()|b)*a)*(b|b(()|b)*(()|b))
(r, s): a|(()|b)(()|b)*a|(a|(()|b)(()|b)*a)(()|a(()|a)*b|b(()|b)*a)*(()|a(()|a)*b|b(()|b)*a)
(s, p): {}
(s, q): a|a(()|a)*(()|a)|(()|a(()|a)*b|b(()|b)*a)(()|a(()|a)*b|b(()|b)*a)*(a|a(()|a)*(()|a))
(s, r): b|b(()|b)*(()|b)|(()|a(()|a)*b|b(()|b)*a)(()|a(()|a)*b|b(()|b)*a)*(b|b(()|b)*(()|b))
(s, s): ()|a(()|a)*b|b(()|b)*a|(()|a(()|a)*b|b(()|b)*a)(()|a(()|a)*b|b(()|b)*a)*(()|a(()|a)*b|b(()|b)*a)

Final result: ()|a(()|a)*b|b(()|b)*a|(a(()|a)*b|b(()|b)*a)(()|a(()|a)*b|b(()|b)*a)*(()|a(()|a)*b|b(()|b)*a)
END NFA TO REGEX TRACE
