BEGIN NFA TO REGEX TRACE
Step 0
(p, p): ()|c
(p, q): a|b
(q, p): {}
(q, q): ()|a|b|c

Step 1
Processing state p
(p, p): ()|c|(()|c)(()|c)*(()|c)
(p, q): a|b|(()|c)(()|c)*(a|b)
(q, p): {}
(q, q): ()|a|b|c

Step 2
Processing state q
(p, p): ()|c|(()|c)(()|c)*(()|c)
(p, q): a|b|(()|c)(()|c)*(a|b)|(a|b|(()|c)(()|c)*(a|b))(()|a|b|c)*(()|a|b|c)
(q, p): {}
(q, q): ()|a|b|c|(()|a|b|c)(()|a|b|c)*(()|a|b|c)

Final result: ()|a|b|c|(()|c)(()|c)*(()|c)|(()|c)(()|c)*(a|b)|(a|b|(()|c)(()|c)*(a|b))(()|a|b|c)*(()|a|b|c)
END NFA TO REGEX TRACE
