{}
bc
{}
{}
ca
b*
(bb)*b
{}
{}
c*a
(ca*)*
(ca*)*ca*
()
a
{}
b|baa*
c
c
{}
b
()
c*
{}
(b*c)*b*
{}
(bbc)*bb
cbd
{}
{}
{}
{}
c*b
(a|c*)*
(a|c*)*c*
{}
{}
(cda)*cd
{}
(cbb)*cb
c*
c
{}
d*
d*
b*
b
()
()
{}
d
a*
()
b*
()
a*
()
()
{}
ccbd
{}
da*a
{}
{}
(dddc)*ddd
(c*|c|d)*c*
(c*|c|d)*
()
a
(b|d|a*)*
(b|d|a*)*
(b|d|a*)*a*
(a|b*)*
(a|b*)*b*
(a*c*)*a*
(a*c*)*a*c*
(db)*d|()
{}
()
(b|())c*
{}
{}
(a|b)a
c*
c
{}
a|d*
()
(a|d)d*|()
(a|c*|d)*
(a|c*|d)*
(a|c*|d)*c*
()
{}
d
{}
{}
a|d
a|d
()
c*
d*
a|()
{}
d*
{}
c*d*c
b|()
()
c|d
c|d
(aa|a*)*(a|a*)
{}
cacda*
cac
c
a
{}
()
a*
d*
()
()
d
()
()
b*
d*
(b|d|da)*
(b|d|da)*
(b|d|da)*d
(a|d)*|a*
(a|d)*
{}
b*c*a
{}
{}
(d*aca*)*d*aca*
(d*aca*)*d*a
{}
d
(ca)*c
{}
b|d
()
()
c*
c
d*cccc
{}
c|()
()
{}
d*
dddcd*
dddcd*c*|ddd
a*d*d
{}
a*d*d
d*aac
d*aacda*
{}
(ac*cad*)*ac*c
{}
(ac*cad*)*ac*cad*
a*
()
()
d
(a|b)c*d*a*|()
()
(a|b)c*
(a|b)c*d*
{}
{}
{}
d*d*c(b|d)
ddaa
ddaada*
ddaada*
a*bca*cca*
{}
a*bca*c
d|()
d*
d
b*ad(d|())(a|())b
{}
{}
(ad*)*
a|b*
b|(ad*)*ad*
