"H"
"S"
"HR"
"JL"
"JM"
"JN"
"JO"
"JT"
"PR"
"SR"
"Ua"
"aa"
"HRR"
"JLR"
"JMR"
"JNR"
"JOR"
"JTR"
"JaK"
"PRR"
"SRR"
"UaR"
"aaR"
"HRRR"
"HaaR"
"JLRR"
"JMRR"
"JNRR"
"JORR"
"JQaR"
"JTRR"
"JTaa"
"JaKR"
"JaQR"
"JaTa"
"JaaL"
"JaaM"
"JaaN"
"JaaO"
"JaaT"
"PRRR"
"PaaR"
"SRRR"
"SaaR"
"UaRR"
"Uaaa"
"aaRR"
"aaaa"
"HRRRR"
"HRaaR"
"HaaRR"
"JLRRR"
"JLaaR"
"JMRRR"
"JMaaR"
"JNRRR"
"JNaaR"
"JORRR"
"JOaaR"
"JQaRR"
"JTRRR"
"JTaaR"
"JaIaR"
"JaKRR"
"JaQRR"
"JaTaR"
"JaaLR"
"JaaMR"
"JaaNR"
"JaaOR"
"JaaTR"
"PRRRR"
"PRaaR"
"PaaRR"
"SRRRR"
"SRaaR"
"SaaRR"
"UaRRR"
"UaaaR"
"aaRRR"
"aaaaR"
"HRRRRR"
"HRRaaR"
"HRaaRR"
"HaaRRR"
"JLRRRR"
"JLRaaR"
"JLaaRR"
"JMRRRR"
"JMRaaR"
"JMaaRR"
"JNRRRR"
"JNRaaR"
"JNaaRR"
"JORRRR"
"JORaaR"
"JOaaRR"
"JQaRRR"
"JTRRRR"
"JTRaaR"
"JTaaRR"
"JaIaRR"
"JaKRRR"
"JaKaaR"
"JaQRRR"
"JaTaRR"
"JaaLRR"
"JaaMRR"
"JaaNRR"
"JaaORR"
"JaaTRR"
"JaaaIR"
"PRRRRR"
"PRRaaR"
"PRaaRR"
"PaaRRR"
"SRRRRR"
"SRRaaR"
"SRaaRR"
"SaaRRR"
"UaRRRR"
"UaRaaR"
"UaaaRR"
"aaRRRR"
"aaRaaR"
"aaaaRR"
"HRRRRRR"
"HRRRaaR"
"HRRaaRR"
"HRaaRRR"
"HaaRRRR"
"HaaRaaR"
"JLRRRRR"
"JLRRaaR"
"JLRaaRR"
"JLaaRRR"
"JMRRRRR"
"JMRRaaR"
"JMRaaRR"
"JMaaRRR"
"JNRRRRR"
"JNRRaaR"
"JNRaaRR"
"JNaaRRR"
"JORRRRR"
"JORRaaR"
"JORaaRR"
"JOaaRRR"
"JQaRRRR"
"JQaRaaR"
"JTRRRRR"
"JTRRaaR"
"JTRaaRR"
"JTaaRRR"
"JTaaaaR"
"JaIaRRR"
"JaKRRRR"
"JaKRaaR"
"JaKaaRR"
"JaQRRRR"
"JaQRaaR"
"JaTaRRR"
"JaTaaaR"
"JaaLRRR"
"JaaLaaR"
"JaaMRRR"
"JaaMaaR"
"JaaNRRR"
"JaaNaaR"
"JaaORRR"
"JaaOaaR"
"JaaTRRR"
"JaaTaaR"
"JaaaIRR"
"JaaaaaK"
"PRRRRRR"
"PRRRaaR"
"PRRaaRR"
"PRaaRRR"
"PaaRRRR"
"PaaRaaR"
"SRRRRRR"
"SRRRaaR"
"SRRaaRR"
"SRaaRRR"
"SaaRRRR"
"SaaRaaR"
"UaRRRRR"
"UaRRaaR"
"UaRaaRR"
"UaaaRRR"
"UaaaaaR"
"aaRRRRR"
"aaRRaaR"
"aaRaaRR"
"aaaaRRR"
"aaaaaaR"
"HRRRRRRR"
"HRRRRaaR"
"HRRRaaRR"
"HRRaaRRR"
"HRaaRRRR"
"HRaaRaaR"
"HaaRRRRR"
"HaaRRaaR"
"HaaRaaRR"
"HaaaaaaR"
"JLRRRRRR"
"JLRRRaaR"
"JLRRaaRR"
"JLRaaRRR"
"JLaaRRRR"
"JLaaRaaR"
"JMRRRRRR"
"JMRRRaaR"
"JMRRaaRR"
"JMRaaRRR"
"JMaaRRRR"
"JMaaRaaR"
"JNRRRRRR"
"JNRRRaaR"
"JNRRaaRR"
"JNRaaRRR"
"JNaaRRRR"
"JNaaRaaR"
"JORRRRRR"
"JORRRaaR"
"JORRaaRR"
"JORaaRRR"
"JOaaRRRR"
"JOaaRaaR"
"JQaRRRRR"
"JQaRRaaR"
"JQaRaaRR"
"JQaaaaaR"
"JTRRRRRR"
"JTRRRaaR"
"JTRRaaRR"
"JTRaaRRR"
"JTaaRRRR"
"JTaaRaaR"
"JTaaaaRR"
"JTaaaaaa"
"JaIaRRRR"
"JaIaRaaR"
"JaKRRRRR"
"JaKRRaaR"
"JaKRaaRR"
"JaKaaRRR"
"JaQRRRRR"
"JaQRRaaR"
"JaQRaaRR"
"JaQaaaaR"
"JaTaRRRR"
"JaTaRaaR"
"JaTaaaRR"
"JaTaaaaa"
"JaaLRRRR"
"JaaLRaaR"
"JaaLaaRR"
"JaaMRRRR"
"JaaMRaaR"
"JaaMaaRR"
"JaaNRRRR"
"JaaNRaaR"
"JaaNaaRR"
"JaaORRRR"
"JaaORaaR"
"JaaOaaRR"
"JaaQaaaR"
"JaaTRRRR"
"JaaTRaaR"
"JaaTaaRR"
"JaaTaaaa"
"JaaaIRRR"
"JaaaQaaR"
"JaaaTaaa"
"JaaaaQaR"
"JaaaaTaa"
"JaaaaaKR"
"JaaaaaQR"
"JaaaaaTa"
"JaaaaaaL"
"JaaaaaaM"
"JaaaaaaN"
"JaaaaaaO"
"JaaaaaaT"
"PRRRRRRR"
"PRRRRaaR"
"PRRRaaRR"
"PRRaaRRR"
"PRaaRRRR"
"PRaaRaaR"
"PaaRRRRR"
"PaaRRaaR"
"PaaRaaRR"
"PaaaaaaR"
"SRRRRRRR"
"SRRRRaaR"
"SRRRaaRR"
"SRRaaRRR"
"SRaaRRRR"
"SRaaRaaR"
"SaaRRRRR"
"SaaRRaaR"
"SaaRaaRR"
"SaaaaaaR"
"UaRRRRRR"
"UaRRRaaR"
"UaRRaaRR"
"UaRaaRRR"
"UaaaRRRR"
"UaaaRaaR"
"UaaaaaRR"
"Uaaaaaaa"
"aaRRRRRR"
"aaRRRaaR"
"aaRRaaRR"
"aaRaaRRR"
"aaaaRRRR"
"aaaaRaaR"
"aaaaaaRR"
"aaaaaaaa"
END
