""
"A"
"X"
"XX"
"XXX"
"aab"
"aba"
"baa"
"XXXX"
"Xaab"
"Xaba"
"Xbaa"
"aabX"
"abaX"
"baaX"
"XXXXX"
"XXaab"
"XXaba"
"XXbaa"
"XaabX"
"XabaX"
"XbaaX"
"aabXX"
"abaXX"
"baaXX"
"XXXXXX"
"XXXaab"
"XXXaba"
"XXXbaa"
"XXaabX"
"XXabaX"
"XXbaaX"
"XaabXX"
"XabaXX"
"XbaaXX"
"aabXXX"
"aabaab"
"aababa"
"aabbaa"
"abaXXX"
"abaaab"
"abaaba"
"ababaa"
"baaXXX"
"baaaab"
"baaaba"
"baabaa"
END
