""
"aab"
"aba"
"baa"
"aabab"
"aabba"
"abaab"
"ababa"
"abbaa"
"baaba"
"babaa"
"aaaabb"
"aaabab"
"aaabba"
"aabaab"
"aababa"
"aabbaa"
"abaaab"
"abaaba"
"ababaa"
"abbaaa"
"baaaab"
"baaaba"
"baabaa"
"babaaa"
"bbaaaa"
"aababab"
"aababba"
"aabbaab"
"aabbaba"
"abaabab"
"abaabba"
"ababaab"
"abababa"
"ababbaa"
"abbaaba"
"abbabaa"
"baababa"
"baabbaa"
"babaaba"
"bababaa"
END
