b: n; bb: n; cc: n; bbb: n; ccb: n; ccc: n; bbcc: n; bccc: n; cbcc: n; cbcbc: n; bbbbcc: n; bccccb: n; cbcbcb: n; bbbbbcc: n; bbcccbc: n; bccbccbc: n; cbbbcbcc: n; ccbbccbb: n; cccbcccb: n; cccccccb: n
: n; a: n; d: n; ac: n; cd: n; dd: n; dca: n; ddd: n; caaa: n; cdaa: n; aacdc: n; acadcc: n; adcada: n; cacaca: n; dcacdc: n; aaadddc: n; cdddcad: n; dccdada: n; acdacada: n; ddaaaddd: n
: n; b: y; bb: y; bbb: y; bbbb: y; bbbbb: y; bbbbbb: y; bbbbbbb: y; bbbbbbbb: y
: y; b: n; bb: y; bbb: n; bbbb: y; bbbbb: n; bbbbbb: y; bbbbbbb: n; bbbbbbbb: y
: n; aa: n; cc: n; cd: n; da: n; dc: n; adc: n; ccc: n; ddc: n; cccc: n; acdad: n; caccc: n; cccdd: n; cdaad: n; dcacc: n; aaadaa: n; ccdada: n; cdddcd: n; acadcaaa: n; ccaaacaa: n
: y; a: n; c: y; cc: y; caa: y; cca: y; acaa: n; acac: n; ccac: y; aaacc: n; acaac: n; acccc: n; caaaa: y; ccaac: y; caccca: y; cccaac: y; aaccaaa: n; acccaaac: n; caaaacaa: y; ccaaacac: y
: n; a: y; b: n; ab: y; bb: n; aab: n; aba: n; baa: n; bbb: n; abab: n; baaa: n; bbba: n; abbba: n; abaaba: n; abaabb: n; baaabb: n; bbbbab: n; abaaaab: n; babaaba: n; bbbbaaab: n
: n; a: n; aa: n; aab: n; abb: n; bba: n; bbb: n; abaa: n; abab: n; baba: n; babb: n; bbba: n; bbaaa: n; bbbba: n; ababbba: n; abbaaab: n; abbabbb: n; baaaaaab: n; baaabbbb: n; bbabbbaa: n
c: n; d: n; dc: n; ccc: n; ccd: n; cdd: n; ddd: n; cccc: n; cdcc: n; cdcd: n; cddc: n; dcdc: n; dcdd: n; cccdd: n; dcccc: n; dcddd: n; cccdcc: n; cccdcd: n; ddcdcd: n; dddcccc: n
: y; c: n; bb: n; cb: n; cc: n; bbc: n; bcb: n; bbcc: n; bcccb: n; cbccc: n; ccbcb: n; bbcbbc: n; cbcbbb: n; cbcbcc: n; bbbcbbb: n; bbccccbc: n; bcbccbbc: n; bccbbcbb: n; cbbbcbcb: n; ccbccbbc: n
: y; b: y; bb: n; bc: n; cb: n; bbc: n; bcc: n; cbc: n; bccc: n; ccbc: n; cbbbbc: n; cbcccb: n; cccccb: n; bbbbcbc: n; bbccbcb: n; bccbccc: n; cbcbcbc: n; bbbbbbcb: n; bbcbbbbb: n; bbcccccb: n
: y; c: y; bb: n; cb: n; bcc: y; ccb: n; ccc: y; bbbb: n; bbbc: y; bbcb: n; cbbb: n; cccb: n; bbcbb: n; bbcbc: y; bbccc: y; ccbbb: n; ccccb: n; bbbccb: n; cbcbccc: y; cbccbcb: n
: y; b: n; c: n; bc: n; bbb: n; cbb: n; bbcc: n; ccbb: n; ccbc: n; cccc: n; bbbcc: n; bccbb: n; cbccc: n; bbbcbc: n; bbccbc: n; bccbbb: n; cbbccc: n; cbcccb: n; cccccb: n; bcbbccbb: n
: n; d: n; db: n; dc: n; ccc: n; ccbb: n; dbcd: n; dbdd: n; bdddc: n; bcbcdb: n; bccddc: n; bddbbd: n; bdbddcc: n; bdcbbcc: n; cbddbcb: n; dcbddbd: n; bbbdcdcc: n; bdbbbdcb: n; dcdbcbbb: n; ddbdbdbb: n
: n; a: n; b: n; c: n; aab: n; abb: n; acca: n; bbca: n; ababb: n; accab: n; baabc: n; bbbba: n; ccabb: n; ccaca: n; ccbaa: n; ccccc: n; bbabcc: n; abbbcaba: n; acabcbbb: n; bacbccab: n
: y; a: y; c: y; aa: y; acc: y; cca: y; accaa: y; accac: y; cacac: y; cacca: y; ccacc: y; cccacc: y; aaccaac: y; accaaaa: y; cacacca: y; acacaaaa: y; acaccccc: y; accaaaaa: y; cacaccaa: y; caccccca: y
: y; d: n; cc: n; aaa: n; acd: n; cdd: n; dacd: n; adcda: n; daaca: n; dacad: n; dacca: n; caacda: n; ccddca: n; ccdddd: n; cdddac: n; acaddda: n; cdaddaa: n; dccadda: n; dddacda: n; ccdacacd: n
: y; b: n; c: n; bc: n; cb: n; bcc: n; bbbc: n; bbcc: n; bcbc: n; cbccc: n; bbcbbb: n; bbcbcc: n; bbcbcbc: n; bcccbcb: n; bcccccb: n; ccbbcbc: n; ccccbbb: n; ccccccb: n; bbcbcbcc: n; cbcccbbc: n
: y; ca: y; cc: y; cac: n; accc: n; ccca: n; aaaaa: n; cacca: n; aaaaac: n; acacaa: n; accaca: n; caacca: n; aaaacaa: n; aacacac: n; accaaca: n; caacaac: n; cacaacc: n; acaccccc: n; cacaacac: n; ccaaccaa: n
: n; db: y; aaa: n; aad: n; aba: n; add: n; dbd: n; ddb: y; ddd: n; babb: n; bdaa: n; bdba: n; ddab: n; aaddd: n; adaad: n; aaabbd: n; aaddbb: n; bbdbbb: n; dbddbb: n; bddabda: n
: y; aa: n; ab: n; ba: y; bb: y; aba: n; baa: n; bbab: n; aaaab: n; abaab: n; abbaa: n; aabbba: n; baaaaa: n; bbbbbb: y; aaabbab: n; abbaabbb: n; baabbbba: n; bbabbbbb: n; bbbaaaaa: n; bbbabbaa: n
: n; a: n; b: y; bd: n; cd: n; aca: n; cad: n; dba: n; dcc: n; ddb: n; abac: n; cadd: n; dddb: n; bbddb: n; acddad: n; cdddcda: n; ababccda: n; abdddabc: n; ddaacbac: n; ddbcaabd: n
: y; a: y; c: y; aa: y; ac: n; ca: n; caa: n; accc: n; ccca: n; cccc: n; acaca: n; accac: n; caaca: n; cacaa: n; aaaaaa: y; acacaa: n; accacc: n; ccaccc: n; ccaccacc: n; cccaccca: n
: y; c: y; bb: y; cb: n; cc: n; bcb: n; cbb: n; bccb: n; cbcc: n; bbccb: n; cbccb: n; bbcbbb: n; bbcccb: n; bbcccc: n; bcbcbc: n; bccbcb: n; ccbbcb: n; bcbbcbcb: n; bcbcbbbb: n; cbbbcbbb: n
: y; a: y; c: y; ac: n; ca: n; cc: n; cd: n; acc: n; cad: n; cda: n; dda: n; caca: n; cccc: n; daac: n; daad: n; cccadd: n; cdadadad: n; daadacaa: n; dccaaadc: n; dcdcaaac: n
: n; b: n; c: n; d: n; bb: n; db: n; cbd: n; cccd: n; dcbc: n; bbdcd: n; cbbdd: n; cdbbc: n; cdccc: n; dbcdd: n; dcccb: n; dccddb: n; bbcccdd: n; cbddbbb: n; cccdcdb: n; dbbbbcb: n
: n; a: n; d: n; ad: n; da: n; ddd: n; aaaa: n; ddda: n; adaaa: n; daddd: n; dddaa: n; adaddd: n; aadadda: n; aaddada: n; addaaaa: n; addadad: n; daaaaaa: n; addaaadd: n; daaadadd: n; ddaaadda: n
: y; c: n; d: n; cc: n; dc: n; ccd: n; cccc: n; cccd: n; ccdd: n; dddd: n; ddcdc: n; ccdccc: n; cddccd: n; dccccd: n; dcccdc: n; ccccccd: n; ccccddd: n; cddcdcd: n; dccccdcd: n; dddcdcdc: n
: y; d: y; cc: y; dc: y; dd: y; ccc: y; cdc: y; cdd: y; ddc: y; cdcd: y; dccdd: y; cccddc: y; cddcdc: y; dcdcdc: y; cdcdcdc: y; cdcddcd: y; dcccccc: y; dcddccc: y; ddcccdc: y; ddcdcdcc: y
: y; ab: y; ba: n; bab: n; bbb: n; baaa: n; aaaab: n; bbaab: n; bbaba: n; aaabaa: n; baaabb: n; bbabab: n; bbbaaa: n; baaaabb: n; bbaaabb: n; bbaabab: n; ababaaaa: n; babaaabb: n; bbaaaaba: n; bbabbabb: n
: y; b: y; ab: y; ba: y; bd: y; dd: y; bda: y; dba: y; baba: y; bbaa: y; bbbb: y; bbda: y; bdab: y; adaad: y; addbdd: y; bbdbab: y; bddadb: y; bdaaabb: y; abddbabb: y; badbbbad: y
: y; a: y; b: y; bb: y; abb: y; bba: y; aabb: y; abaa: y; baaa: y; bbaba: y; abbaab: y; abbbba: y; babaaa: y; babbab: y; baaaaab: y; bababbb: y; aabaaaab: y; bababaab: y; bbaabbbb: y; bbbbaaba: y
: y; a: y; c: y; cca: y; ccc: y; aacc: y; acac: y; aacca: y; cccaa: y; cccca: y; acacac: y; aacaccc: y; accacca: y; caaacac: y; caacacc: y; caaccaa: y; caaccac: y; cacaaca: y; aacaaaaa: y; caccaaaa: y
: y; b: y; d: n; bb: n; dd: n; bbb: n; dbd: n; bddb: n; bdbbd: n; bdddb: n; bbdbbb: n; bddbbb: n; dbbbbb: n; dbbdbbd: n; dddbddd: n; bbbbbdbd: n; bdbddddb: n; bdddddbb: n; dbbddddd: n; dddbddbb: n
: y; b: y; c: y; bb: n; bc: y; bbb: n; bcb: n; bcc: y; cbb: n; ccb: n; cccb: n; bcccb: n; ccbcb: n; bbbbcb: n; bbcccc: n; bcbcbc: n; bccccb: n; cccbbbb: n; bbcbbbcb: n; ccbbbbcc: n
: n; a: n; b: n; c: n; ac: n; bb: n; cbc: n; aaab: n; abbc: n; accb: n; caac: n; cabb: n; bacaa: n; caccc: n; ccabc: n; bbccaac: n; cabaccb: n; abbaabac: n; accacbcb: n; cacbcbac: n
: y; c: y; bb: n; cc: y; bbb: n; bbc: n; bbbc: n; bcbb: n; cbcb: n; cbcc: n; bbccb: n; bbccc: n; bcbbb: n; bccbc: n; cbcbc: n; cbccc: n; cccccc: y; bbbcbbc: n; bcbbcbcb: n; cbccbbbb: n
: y; a: n; da: n; dd: y; aad: n; daa: n; dad: n; ddd: y; aaad: n; aadd: n; adda: n; daad: n; ddad: n; ddda: n; addda: n; addadd: n; daaddd: n; dadddd: n; daaaadd: n; aadaadda: n
: n; a: y; d: y; aa: n; aaa: n; aad: n; ddd: y; aada: n; adad: n; ddda: n; aaaad: n; aadad: n; daadd: n; ddada: n; dddaa: n; addaaa: n; addaad: n; ddddda: n; ddadddd: n; addadada: n
: y; a: y; c: y; d: y; aa: y; cc: y; dc: y; dd: y; acc: y; cac: y; dcd: y; daaa: y; addac: y; adddd: y; aaddca: y; addcdd: y; ccdccc: y; aaadaad: y; aadacac: y; dcaccad: y
: y; b: y; c: n; d: n; bc: n; cd: n; bbbd: n; bbcb: n; bdbd: n; bddb: n; dcdc: n; bbbbb: n; dbbcc: n; dccbbb: n; dccddc: n; ddcccc: n; bcdcbbd: n; cbdbccb: n; cdcbddc: n; cdddccb: n
: n; c: n; aa: n; ac: y; ba: n; bb: n; cd: n; cbb: n; cdb: n; ddd: n; aaca: n; adac: n; abbbd: n; bccdb: n; bdbdc: n; abcbab: n; bcdadab: n; bdbcabb: n; cddbbbd: n; aacdbaac: n
: y; c: y; d: y; cb: n; bdc: n; cbc: n; cdb: n; bbbb: n; bdbd: n; bdcb: n; bdcc: n; cdcd: n; bbbbc: n; cccdc: n; bccccc: n; dcdbdd: n; bcbdddd: n; cdbbcbb: n; dbdbbbb: n; cbcbccdb: n
: y; a: n; b: y; d: y; ba: n; bb: n; bbad: n; aadaa: n; bbbdd: n; abbddd: n; adddbb: n; babbbb: n; bbabda: n; bbdaab: n; bdddbb: n; ddddaa: n; adaadbb: n; adbadbb: n; adabadaa: n; dabaaada: n
: n; c: n; d: n; cc: n; cd: y; dd: n; cdd: n; ddc: n; dccd: n; dcccc: n; dccdc: n; cddccc: n; ddcdcd: n; cdddccd: n; dccdccd: n; ddddccd: n; cddcccdc: n; cdddcccd: n; dcdcddcc: n; dddcdcdc: n
: y; b: y; d: y; db: n; dd: n; bbd: n; bdb: n; dbb: n; bddb: n; dbdb: n; dddd: n; bbbbd: n; bbddb: n; bdbdd: n; bbbddb: n; bbdbbb: n; ddbbdd: n; ddbdbd: n; dbbbbdbd: n; dddddddd: n
: n; c: n; d: n; dc: y; ccc: n; cdd: n; dcd: n; ddd: n; cccc: n; cdcc: n; dccd: n; ddcc: n; dddc: n; cdccd: n; cdcdd: n; cdccdc: n; dcdcdc: n; cdcccdc: n; dcddcdd: n; ccddcddd: n
: y; a: y; aa: y; aaa: y; aaaa: y; aaaaa: y; aaaaaa: y; aaaaaaa: y; aaaaaaaa: y
: n; c: n; d: n; aa: n; cc: n; cd: n; dd: n; daa: n; dcd: n; dadc: n; dcca: n; dcdc: n; adcdc: n; cddda: n; dadacc: n; dcdcdd: n; acaacca: n; dcdaccd: n; addcadaa: n; dadaaddd: n
: n; ad: y; ca: y; aad: n; daa: n; caaa: n; ddcd: n; acaaaa: n; adaccd: n; cadada: n; daccda: n; ddcdcc: n; aaddcaa: n; cacdcdc: n; cddccda: n; daaddcc: n; daccadd: n; aacdaadd: n; cddaaddd: n; ddcdadad: n
: y; c: y; d: y; aca: n; cda: n; cdd: n; dca: n; addd: n; caad: n; dacd: n; accdc: n; cdccd: n; ddddc: n; addccd: n; aaddacd: n; acdccdac: n; cccdadac: n; dcddaccc: n; dddaacad: n; dddaccda: n
: y; a: n; b: y; d: y; da: y; db: n; dd: n; aaa: n; abd: n; add: n; dbb: n; babd: n; baabab: n; baabba: n; babaad: n; bababd: n; dabbab: n; bddbdbd: n; bdbdabab: n; dbabdbbb: n
: y; a: y; bb: y; db: n; dd: y; abd: n; badb: n; dabc: n; dcba: n; cbabd: n; ccadb: n; ccdad: n; bddadd: n; bbcccba: n; cbacbdb: n; dadacbb: n; abcdcdda: n; adcddadc: n; cabaccca: n; dcaaabca: n
: y; b: y; ba: n; bb: y; bd: y; bdbb: y; aadbd: n; bdbdb: y; ababaa: n; bbbbda: y; bddaab: n; daaada: n; abdddaa: n; bdadbba: n; dabaabb: n; ddaabdd: n; aabadadd: n; abbabbdb: n; abbbddba: n; dbddddaa: n
: y; d: y; aa: y; da: y; dd: y; aad: y; dad: y; aaad: y; aadd: y; adad: y; adaaa: y; adadd: y; adddd: y; dadaa: y; adaada: y; addaaa: y; adaddad: y; daaaaadd: y; ddaaddda: y; dddadadd: y
: n; c: n; ba: n; bb: n; cb: n; cc: n; bba: n; cbc: n; aaaa: n; aabab: n; aabac: n; accca: n; baabc: n; bbcab: n; ccacb: n; cbabcaa: n; accaabcc: n; bbcbcccb: n; bcabcbab: n; cccbbcaa: n
: y; a: n; c: n; d: n; ad: n; cc: n; da: n; dc: n; dd: n; aaad: n; ddcd: n; caadc: n; dcaad: n; dcdac: n; ddccc: n; accccc: n; cddcac: n; dcadad: n; cdadadcc: n; dacacaaa: y
: y; a: n; c: n; ac: n; cc: n; cd: n; caa: n; dad: n; dda: n; aadc: n; acdc: n; adad: n; cdaac: n; adcaaa: n; adcdac: n; acdacda: n; adaadcc: n; caacaac: n; daacdaa: n; dacdddc: n
: y; b: n; d: n; bb: n; bdb: n; dbb: n; dbd: n; ddd: n; bddd: n; dddd: n; bbbdd: n; bdbbb: n; bdbbd: n; ddddb: n; dbbdbd: n; ddddbd: n; dddddb: n; bdddbbb: n; bdbbddbb: n; dbdbdddd: n
: y; c: y; ab: n; dd: n; acc: n; cca: n; dbc: n; ddb: n; bccc: n; dddb: n; bdaad: n; abbdab: n; acbcdc: n; cacdcba: n; cdbbbdb: n; dbcbbac: n; dccdcdc: n; aadacaac: n; badadccc: n; caadadab: n
: n; c: n; d: n; cc: n; dc: n; ccd: n; cdd: n; ccdc: n; dcdc: n; dddc: n; dddd: n; cdddd: n; dccdc: n; ddddc: n; cdccdc: n; cdccdd: n; dcddcc: n; ddcddd: n; cdcdccd: n; cddcdcc: n
: y; a: y; b: y; ca: y; cd: n; dd: y; add: n; bad: n; ccc: n; bbad: n; dbbb: n; aabba: n; cdbaa: n; dbdad: n; aabccd: n; acdccca: n; bccdcda: n; bdccddc: n; cbbdadb: n; abdcdbbb: n
d: n; cc: n; cd: n; dc: n; dd: n; ccc: n; cdc: n; ddc: n; ccdc: n; ccddd: n; cdccd: n; dcdcc: n; cddcdd: n; ccdcccc: n; ccddcdc: n; cddcdcd: n; cdddccd: n; cccdcccc: n; cdddddcd: n; dcccdddd: n
: n; a: n; c: n; d: n; aa: n; ad: n; cc: n; da: y; dc: y; ada: y; ccd: n; adca: n; acacd: n; cadcc: n; dddaa: n; dcccca: n; adadddc: n; dadaaac: n; ddcccdc: n; aaacdccc: n
: n; c: n; ca: n; aac: n; cdcd: n; dcdc: n; ddac: n; cccac: n; cccdc: n; cdaac: n; cdacd: n; cdcac: n; cdccd: n; ddddc: n; addaad: n; cccadd: n; daccac: n; dcaadd: n; aacdaacd: n; adcaadaa: n
: y; d: n; cad: n; aacd: n; adda: n; caad: n; ccaa: n; dadd: n; adcac: n; cddad: n; daccd: n; adddca: n; cacdda: n; caddda: n; ccdacc: n; cdccda: n; addcdda: n; ddacaad: n; caddaadc: n; dadcadcc: n
: y; a: y; b: y; c: n; cd: n; db: n; bac: n; bcc: n; dad: n; aaad: n; adacc: n; cbcda: n; ccada: n; dbaadd: n; abdcbbb: n; cbcbbca: n; cdbbbbd: n; dcdadcb: n; abbaddab: n; baabcaba: n
: n; b: y; ba: y; bcb: n; cdb: n; cddb: n; dbbc: n; adaaca: n; bcadab: n; cdccdc: n; dcabbd: n; dcdccb: n; abcbdbb: n; acbccca: n; bcbbadb: n; bccbacd: n; caacbda: n; cabccbd: n; ddabaab: n; badababd: n
: n; b: n; c: n; d: n; ab: n; ad: n; da: n; db: n; cdd: n; abba: n; bbbc: n; cabcc: n; bddaaa: n; dbddad: n; bcbcdad: n; dabbacb: n; dacdccb: n; acdaddbc: n; ccaadcaa: n; dccacddb: n
a: n; b: n; da: n; db: n; dd: n; abd: n; dad: n; aaba: n; bbad: n; bddb: n; ddaa: n; adddd: n; dabaa: n; daddba: n; aabadad: n; baabbbd: n; dbbbddb: n; dbdadad: n; ddddabd: n; ddabdbad: n
: n; a: n; ba: n; bb: n; aaa: n; aca: n; acc: n; cba: n; ccb: n; cabbc: n; abbccc: n; caccba: n; bccabab: n; caaccbc: n; abccaaab: n; acabbbbb: n; acbacbac: n; caaabaca: n; cacabbbc: n; cbbccbbb: n
: y; d: y; bd: n; cb: n; dc: y; dd: y; bdc: n; dddd: y; bdbbc: n; cbbcb: n; bbbdbc: n; bddccd: n; cddcdb: n; dcbddc: n; bcccddc: n; ccdcccb: n; bcdcddcb: n; bdbdcbbc: n; bddccddc: n; ccddbbcd: n
: n; a: n; d: n; aa: n; da: n; dd: n; dda: n; bbbd: n; bdab: n; bdda: n; aaadab: n; aabddb: n; aaddaa: n; abaabd: n; abddad: n; daabaaa: n; babdadbb: n; badadada: n; dadaadad: n; dbdabadb: n
: y; a: y; b: y; d: n; aa: y; bb: y; bd: y; dab: n; adba: n; baabd: n; dbdbb: n; dddbb: n; badabb: n; bdaaab: n; ddaddd: n; adddbbd: n; daaabdb: n; adabadbb: n; bbbaabbb: n; bbbadadb: n
